Archive member included to satisfy reference by file (symbol)

d:/programy/quartusprimelite/nios2eds/bin/gnu/h-x86_64-mingw32/bin/../lib/gcc/nios2-elf/4.9.2/mno-hw-mul\libgcc.a(lib2-divmod.o)
                              obj/default/main.o (__umodsi3)
d:/programy/quartusprimelite/nios2eds/bin/gnu/h-x86_64-mingw32/bin/../lib/gcc/nios2-elf/4.9.2/../../../../../H-x86_64-mingw32/nios2-elf/lib/mno-hw-mul\libsmallc.a(lib_a-memcpy.o)
                              obj/default/SDcard.o (memcpy)
d:/programy/quartusprimelite/nios2eds/bin/gnu/h-x86_64-mingw32/bin/../lib/gcc/nios2-elf/4.9.2/../../../../../H-x86_64-mingw32/nios2-elf/lib/mno-hw-mul\libsmallc.a(lib_a-memset.o)
                              obj/default/SDcard.o (memset)
../DataLogger_bsp/\libhal_bsp.a(alt_getchar.o)
                              obj/default/uart.o (alt_getchar)
../DataLogger_bsp/\libhal_bsp.a(alt_iic.o)
                              obj/default/main.o (alt_ic_isr_register)
../DataLogger_bsp/\libhal_bsp.a(alt_iic_isr_register.o)
                              ../DataLogger_bsp/\libhal_bsp.a(alt_iic.o) (alt_iic_isr_register)
../DataLogger_bsp/\libhal_bsp.a(alt_irq_entry.o)
                              ../DataLogger_bsp/\libhal_bsp.a(alt_iic_isr_register.o) (alt_irq_entry)
../DataLogger_bsp/\libhal_bsp.a(alt_irq_handler.o)
                              ../DataLogger_bsp/\libhal_bsp.a(alt_iic_isr_register.o) (alt_irq_handler)
../DataLogger_bsp/\libhal_bsp.a(alt_irq_vars.o)
                              ../DataLogger_bsp/\libhal_bsp.a(alt_iic.o) (alt_irq_active)
../DataLogger_bsp/\libhal_bsp.a(alt_load.o)
                              ../DataLogger_bsp//obj/HAL/src/crt0.o (alt_load)
../DataLogger_bsp/\libhal_bsp.a(alt_main.o)
                              ../DataLogger_bsp//obj/HAL/src/crt0.o (alt_main)
../DataLogger_bsp/\libhal_bsp.a(alt_printf.o)
                              obj/default/SDcard.o (alt_printf)
../DataLogger_bsp/\libhal_bsp.a(alt_putchar.o)
                              ../DataLogger_bsp/\libhal_bsp.a(alt_printf.o) (alt_putchar)
../DataLogger_bsp/\libhal_bsp.a(alt_sys_init.o)
                              ../DataLogger_bsp/\libhal_bsp.a(alt_main.o) (alt_irq_init)
../DataLogger_bsp/\libhal_bsp.a(altera_avalon_uart_read.o)
                              ../DataLogger_bsp/\libhal_bsp.a(alt_getchar.o) (altera_avalon_uart_read)
../DataLogger_bsp/\libhal_bsp.a(altera_avalon_uart_write.o)
                              ../DataLogger_bsp/\libhal_bsp.a(alt_putchar.o) (altera_avalon_uart_write)
../DataLogger_bsp/\libhal_bsp.a(alt_dcache_flush_all.o)
                              ../DataLogger_bsp/\libhal_bsp.a(alt_load.o) (alt_dcache_flush_all)
../DataLogger_bsp/\libhal_bsp.a(alt_dev.o)
                              ../DataLogger_bsp/\libhal_bsp.a(alt_getchar.o) (alt_fd_list)
../DataLogger_bsp/\libhal_bsp.a(alt_errno.o)
                              ../DataLogger_bsp/\libhal_bsp.a(altera_avalon_uart_read.o) (alt_errno)
../DataLogger_bsp/\libhal_bsp.a(alt_exception_entry.o)
                              ../DataLogger_bsp/\libhal_bsp.a(alt_irq_entry.o) (alt_exception)
../DataLogger_bsp/\libhal_bsp.a(alt_icache_flush_all.o)
                              ../DataLogger_bsp/\libhal_bsp.a(alt_load.o) (alt_icache_flush_all)
../DataLogger_bsp/\libhal_bsp.a(alt_instruction_exception_entry.o)
                              ../DataLogger_bsp/\libhal_bsp.a(alt_exception_entry.o) (alt_instruction_exception_entry)
../DataLogger_bsp/\libhal_bsp.a(altera_nios2_gen2_irq.o)
                              ../DataLogger_bsp/\libhal_bsp.a(alt_sys_init.o) (altera_nios2_gen2_irq_init)
d:/programy/quartusprimelite/nios2eds/bin/gnu/h-x86_64-mingw32/bin/../lib/gcc/nios2-elf/4.9.2/../../../../../H-x86_64-mingw32/nios2-elf/lib/mno-hw-mul\libsmallc.a(lib_a-int_errno.o)
                              ../DataLogger_bsp/\libhal_bsp.a(altera_avalon_uart_read.o) (errno)

Allocating common symbols
Common symbol       size              file

alt_irq             0x100             ../DataLogger_bsp/\libhal_bsp.a(alt_irq_handler.o)
errno               0x4               d:/programy/quartusprimelite/nios2eds/bin/gnu/h-x86_64-mingw32/bin/../lib/gcc/nios2-elf/4.9.2/../../../../../H-x86_64-mingw32/nios2-elf/lib/mno-hw-mul\libsmallc.a(lib_a-int_errno.o)

Memory Configuration

Name             Origin             Length             Attributes
reset            0x0000000000002000 0x0000000000000020
onchip_memory2_0 0x0000000000002020 0x0000000000001fe0
*default*        0x0000000000000000 0xffffffffffffffff

Linker script and memory map

LOAD ../DataLogger_bsp//obj/HAL/src/crt0.o
LOAD obj/default/SDcard.o
LOAD obj/default/SPI.o
LOAD obj/default/dataLogger.o
LOAD obj/default/main.o
LOAD obj/default/uart.o
LOAD d:/programy/quartusprimelite/nios2eds/bin/gnu/h-x86_64-mingw32/bin/../lib/gcc/nios2-elf/4.9.2/../../../../../H-x86_64-mingw32/nios2-elf/lib/mno-hw-mul\libstdc++.a
LOAD d:/programy/quartusprimelite/nios2eds/bin/gnu/h-x86_64-mingw32/bin/../lib/gcc/nios2-elf/4.9.2/../../../../../H-x86_64-mingw32/nios2-elf/lib/mno-hw-mul\libm.a
LOAD d:/programy/quartusprimelite/nios2eds/bin/gnu/h-x86_64-mingw32/bin/../lib/gcc/nios2-elf/4.9.2/mno-hw-mul\libgcc.a
START GROUP
LOAD d:/programy/quartusprimelite/nios2eds/bin/gnu/h-x86_64-mingw32/bin/../lib/gcc/nios2-elf/4.9.2/../../../../../H-x86_64-mingw32/nios2-elf/lib/mno-hw-mul\libsmallc.a
LOAD d:/programy/quartusprimelite/nios2eds/bin/gnu/h-x86_64-mingw32/bin/../lib/gcc/nios2-elf/4.9.2/mno-hw-mul\libgcc.a
LOAD ../DataLogger_bsp/\libhal_bsp.a
LOAD d:/programy/quartusprimelite/nios2eds/bin/gnu/h-x86_64-mingw32/bin/../lib/gcc/nios2-elf/4.9.2/../../../../../H-x86_64-mingw32/nios2-elf/lib/mno-hw-mul\libm.a
END GROUP
LOAD d:/programy/quartusprimelite/nios2eds/bin/gnu/h-x86_64-mingw32/bin/../lib/gcc/nios2-elf/4.9.2/mno-hw-mul\libgcc.a
                0x0000000000002000                __alt_mem_onchip_memory2_0 = 0x2000

.entry          0x0000000000002000       0x20
 *(.entry)
 .entry         0x0000000000002000       0x20 ../DataLogger_bsp//obj/HAL/src/crt0.o
                0x0000000000002000                __reset
                0x000000000000200c                _exit

.exceptions     0x0000000000002020      0x164
                0x0000000000002020                PROVIDE (__ram_exceptions_start, ABSOLUTE (.))
                0x0000000000002020                . = ALIGN (0x20)
 *(.irq)
 *(.exceptions.entry.label)
 .exceptions.entry.label
                0x0000000000002020        0x0 ../DataLogger_bsp/\libhal_bsp.a(alt_irq_entry.o)
                0x0000000000002020                alt_irq_entry
 .exceptions.entry.label
                0x0000000000002020        0x0 ../DataLogger_bsp/\libhal_bsp.a(alt_exception_entry.o)
                0x0000000000002020                alt_exception
 *(.exceptions.entry.user)
 *(.exceptions.entry.ecc_fatal)
 *(.exceptions.entry)
 .exceptions.entry
                0x0000000000002020       0x54 ../DataLogger_bsp/\libhal_bsp.a(alt_exception_entry.o)
 *(.exceptions.irqtest.user)
 *(.exceptions.irqtest)
 .exceptions.irqtest
                0x0000000000002074       0x10 ../DataLogger_bsp/\libhal_bsp.a(alt_irq_entry.o)
 *(.exceptions.irqhandler.user)
 *(.exceptions.irqhandler)
 .exceptions.irqhandler
                0x0000000000002084        0x4 ../DataLogger_bsp/\libhal_bsp.a(alt_irq_entry.o)
 *(.exceptions.irqreturn.user)
 *(.exceptions.irqreturn)
 .exceptions.irqreturn
                0x0000000000002088        0x4 ../DataLogger_bsp/\libhal_bsp.a(alt_irq_entry.o)
 *(.exceptions.notirq.label)
 .exceptions.notirq.label
                0x000000000000208c        0x0 ../DataLogger_bsp/\libhal_bsp.a(alt_irq_entry.o)
 *(.exceptions.notirq.user)
 *(.exceptions.notirq)
 .exceptions.notirq
                0x000000000000208c        0x8 ../DataLogger_bsp/\libhal_bsp.a(alt_exception_entry.o)
 *(.exceptions.soft.user)
 *(.exceptions.soft)
 *(.exceptions.unknown.user)
 *(.exceptions.unknown)
 .exceptions.unknown
                0x0000000000002094       0x14 ../DataLogger_bsp/\libhal_bsp.a(alt_exception_entry.o)
 *(.exceptions.exit.label)
 .exceptions.exit.label
                0x00000000000020a8        0x0 ../DataLogger_bsp/\libhal_bsp.a(alt_irq_entry.o)
 .exceptions.exit.label
                0x00000000000020a8        0x0 ../DataLogger_bsp/\libhal_bsp.a(alt_exception_entry.o)
 *(.exceptions.exit.user)
 *(.exceptions.exit)
 .exceptions.exit
                0x00000000000020a8       0x54 ../DataLogger_bsp/\libhal_bsp.a(alt_exception_entry.o)
 *(.exceptions)
 .exceptions    0x00000000000020fc       0x64 ../DataLogger_bsp/\libhal_bsp.a(alt_irq_handler.o)
                0x00000000000020fc                alt_irq_handler
 .exceptions    0x0000000000002160       0x24 ../DataLogger_bsp/\libhal_bsp.a(alt_instruction_exception_entry.o)
                0x0000000000002160                alt_instruction_exception_entry
                0x0000000000002184                PROVIDE (__ram_exceptions_end, ABSOLUTE (.))
                0x0000000000002020                PROVIDE (__flash_exceptions_start, LOADADDR (.exceptions))

.text           0x0000000000002184     0x11b4
                0x0000000000002184                PROVIDE (stext, ABSOLUTE (.))
 *(.interp)
 *(.hash)
 *(.dynsym)
 *(.dynstr)
 *(.gnu.version)
 *(.gnu.version_d)
 *(.gnu.version_r)
 *(.rel.init)
 *(.rela.init)
 *(.rel.text .rel.text.* .rel.gnu.linkonce.t.*)
 *(.rela.text .rela.text.* .rela.gnu.linkonce.t.*)
 *(.rel.fini)
 *(.rela.fini)
 *(.rel.rodata .rel.rodata.* .rel.gnu.linkonce.r.*)
 *(.rela.rodata .rela.rodata.* .rela.gnu.linkonce.r.*)
 *(.rel.data .rel.data.* .rel.gnu.linkonce.d.*)
 *(.rela.data .rela.data.* .rela.gnu.linkonce.d.*)
 *(.rel.tdata .rel.tdata.* .rel.gnu.linkonce.td.*)
 *(.rela.tdata .rela.tdata.* .rela.gnu.linkonce.td.*)
 *(.rel.tbss .rel.tbss.* .rel.gnu.linkonce.tb.*)
 *(.rela.tbss .rela.tbss.* .rela.gnu.linkonce.tb.*)
 *(.rel.ctors)
 *(.rela.ctors)
 *(.rel.dtors)
 *(.rela.dtors)
 *(.rel.got)
 *(.rela.got)
 *(.rel.sdata .rel.sdata.* .rel.gnu.linkonce.s.*)
 *(.rela.sdata .rela.sdata.* .rela.gnu.linkonce.s.*)
 *(.rel.sbss .rel.sbss.* .rel.gnu.linkonce.sb.*)
 *(.rela.sbss .rela.sbss.* .rela.gnu.linkonce.sb.*)
 *(.rel.sdata2 .rel.sdata2.* .rel.gnu.linkonce.s2.*)
 *(.rela.sdata2 .rela.sdata2.* .rela.gnu.linkonce.s2.*)
 *(.rel.sbss2 .rel.sbss2.* .rel.gnu.linkonce.sb2.*)
 *(.rela.sbss2 .rela.sbss2.* .rela.gnu.linkonce.sb2.*)
 *(.rel.bss .rel.bss.* .rel.gnu.linkonce.b.*)
 *(.rela.bss .rela.bss.* .rela.gnu.linkonce.b.*)
 *(.rel.plt)
 *(.rela.plt)
 *(.rel.dyn)
 *(.init)
 *(.plt)
 *(.text .stub .text.* .gnu.linkonce.t.*)
 .text          0x0000000000002184       0x3c ../DataLogger_bsp//obj/HAL/src/crt0.o
                0x0000000000002184                _start
 .text          0x00000000000021c0      0x4ec obj/default/SDcard.o
                0x00000000000021c0                delay
                0x00000000000021c4                sdCard_SendCommand
                0x000000000000228c                sdCard_Init
                0x0000000000002438                sdCard_ReadData
                0x0000000000002558                sdCard_SaveData
 .text          0x00000000000026ac      0x188 obj/default/SPI.o
                0x00000000000026ac                spi_SelectSlave
                0x00000000000026c4                spi_DeselectSlave
                0x00000000000026e0                spi_SendByte
                0x0000000000002748                spi_SendData
                0x00000000000027ec                spi_IsData
                0x00000000000027fc                spi_ReadData
 .text          0x0000000000002834       0x4c obj/default/dataLogger.o
                0x0000000000002834                dataLogger_manage
                0x0000000000002860                dataLogger_init
 .text          0x0000000000002880      0x100 obj/default/main.o
 .text.startup  0x0000000000002980      0x11c obj/default/main.o
                0x0000000000002980                main
 .text          0x0000000000002a9c      0x13c obj/default/uart.o
                0x0000000000002a9c                uart_commandManage
 .text          0x0000000000002bd8      0x12c d:/programy/quartusprimelite/nios2eds/bin/gnu/h-x86_64-mingw32/bin/../lib/gcc/nios2-elf/4.9.2/mno-hw-mul\libgcc.a(lib2-divmod.o)
                0x0000000000002c44                __divsi3
                0x0000000000002c98                __modsi3
                0x0000000000002cf4                __udivsi3
                0x0000000000002cfc                __umodsi3
 .text          0x0000000000002d04        0x0 d:/programy/quartusprimelite/nios2eds/bin/gnu/h-x86_64-mingw32/bin/../lib/gcc/nios2-elf/4.9.2/../../../../../H-x86_64-mingw32/nios2-elf/lib/mno-hw-mul\libsmallc.a(lib_a-memcpy.o)
 .text.memcpy   0x0000000000002d04       0x28 d:/programy/quartusprimelite/nios2eds/bin/gnu/h-x86_64-mingw32/bin/../lib/gcc/nios2-elf/4.9.2/../../../../../H-x86_64-mingw32/nios2-elf/lib/mno-hw-mul\libsmallc.a(lib_a-memcpy.o)
                0x0000000000002d04                memcpy
 .text          0x0000000000002d2c        0x0 d:/programy/quartusprimelite/nios2eds/bin/gnu/h-x86_64-mingw32/bin/../lib/gcc/nios2-elf/4.9.2/../../../../../H-x86_64-mingw32/nios2-elf/lib/mno-hw-mul\libsmallc.a(lib_a-memset.o)
 .text.memset   0x0000000000002d2c       0x20 d:/programy/quartusprimelite/nios2eds/bin/gnu/h-x86_64-mingw32/bin/../lib/gcc/nios2-elf/4.9.2/../../../../../H-x86_64-mingw32/nios2-elf/lib/mno-hw-mul\libsmallc.a(lib_a-memset.o)
                0x0000000000002d2c                memset
 .text          0x0000000000002d4c       0x44 ../DataLogger_bsp/\libhal_bsp.a(alt_getchar.o)
                0x0000000000002d4c                alt_getchar
 .text          0x0000000000002d90       0x9c ../DataLogger_bsp/\libhal_bsp.a(alt_iic.o)
                0x0000000000002d90                alt_ic_isr_register
                0x0000000000002d94                alt_ic_irq_enable
                0x0000000000002dd4                alt_ic_irq_disable
                0x0000000000002e14                alt_ic_irq_enabled
 .text          0x0000000000002e2c       0x68 ../DataLogger_bsp/\libhal_bsp.a(alt_iic_isr_register.o)
                0x0000000000002e2c                alt_iic_isr_register
 .text          0x0000000000002e94        0x0 ../DataLogger_bsp/\libhal_bsp.a(alt_irq_entry.o)
 .text          0x0000000000002e94        0x0 ../DataLogger_bsp/\libhal_bsp.a(alt_irq_handler.o)
 .text          0x0000000000002e94        0x0 ../DataLogger_bsp/\libhal_bsp.a(alt_irq_vars.o)
 .text          0x0000000000002e94       0xf8 ../DataLogger_bsp/\libhal_bsp.a(alt_load.o)
                0x0000000000002e94                alt_load
 .text          0x0000000000002f8c       0x2c ../DataLogger_bsp/\libhal_bsp.a(alt_main.o)
                0x0000000000002f8c                alt_main
 .text          0x0000000000002fb8      0x16c ../DataLogger_bsp/\libhal_bsp.a(alt_printf.o)
                0x0000000000002fb8                alt_printf
 .text          0x0000000000003124       0x48 ../DataLogger_bsp/\libhal_bsp.a(alt_putchar.o)
                0x0000000000003124                alt_putchar
 .text          0x000000000000316c       0x24 ../DataLogger_bsp/\libhal_bsp.a(alt_sys_init.o)
                0x000000000000316c                alt_irq_init
                0x000000000000318c                alt_sys_init
 .text          0x0000000000003190       0x8c ../DataLogger_bsp/\libhal_bsp.a(altera_avalon_uart_read.o)
                0x0000000000003190                altera_avalon_uart_read
 .text          0x000000000000321c       0x90 ../DataLogger_bsp/\libhal_bsp.a(altera_avalon_uart_write.o)
                0x000000000000321c                altera_avalon_uart_write
 .text          0x00000000000032ac        0x4 ../DataLogger_bsp/\libhal_bsp.a(alt_dcache_flush_all.o)
                0x00000000000032ac                alt_dcache_flush_all
 .text          0x00000000000032b0        0x8 ../DataLogger_bsp/\libhal_bsp.a(alt_dev.o)
 .text          0x00000000000032b8        0x0 ../DataLogger_bsp/\libhal_bsp.a(alt_errno.o)
 .text          0x00000000000032b8        0x0 ../DataLogger_bsp/\libhal_bsp.a(alt_exception_entry.o)
 .text          0x00000000000032b8        0x4 ../DataLogger_bsp/\libhal_bsp.a(alt_icache_flush_all.o)
                0x00000000000032b8                alt_icache_flush_all
 .text          0x00000000000032bc       0x74 ../DataLogger_bsp/\libhal_bsp.a(alt_instruction_exception_entry.o)
                0x00000000000032bc                alt_exception_cause_generated_bad_addr
 .text          0x0000000000003330        0x8 ../DataLogger_bsp/\libhal_bsp.a(altera_nios2_gen2_irq.o)
                0x0000000000003330                altera_nios2_gen2_irq_init
 .text          0x0000000000003338        0x0 d:/programy/quartusprimelite/nios2eds/bin/gnu/h-x86_64-mingw32/bin/../lib/gcc/nios2-elf/4.9.2/../../../../../H-x86_64-mingw32/nios2-elf/lib/mno-hw-mul\libsmallc.a(lib_a-int_errno.o)
 *(.gnu.warning.*)
 *(.fini)
                0x0000000000003338                PROVIDE (__etext, ABSOLUTE (.))
                0x0000000000003338                PROVIDE (_etext, ABSOLUTE (.))
                0x0000000000003338                PROVIDE (etext, ABSOLUTE (.))
 *(.eh_frame_hdr)
                0x0000000000003338                . = ALIGN (0x4)
                0x0000000000003338                PROVIDE (__preinit_array_start, ABSOLUTE (.))
 *(.preinit_array)
                0x0000000000003338                PROVIDE (__preinit_array_end, ABSOLUTE (.))
                0x0000000000003338                PROVIDE (__init_array_start, ABSOLUTE (.))
 *(.init_array)
                0x0000000000003338                PROVIDE (__init_array_end, ABSOLUTE (.))
                0x0000000000003338                PROVIDE (__fini_array_start, ABSOLUTE (.))
 *(.fini_array)
                0x0000000000003338                PROVIDE (__fini_array_end, ABSOLUTE (.))
 *(.eh_frame)
 *(.gcc_except_table .gcc_except_table.*)
 *(.dynamic)
                0x0000000000003338                PROVIDE (__CTOR_LIST__, ABSOLUTE (.))
 *(.ctors)
 *(SORT(.ctors.*))
                0x0000000000003338                PROVIDE (__CTOR_END__, ABSOLUTE (.))
                0x0000000000003338                PROVIDE (__DTOR_LIST__, ABSOLUTE (.))
 *(.dtors)
 *(SORT(.dtors.*))
                0x0000000000003338                PROVIDE (__DTOR_END__, ABSOLUTE (.))
 *(.jcr)
                0x0000000000003338                . = ALIGN (0x4)

.rodata         0x0000000000003338      0x27c
                0x0000000000003338                PROVIDE (__ram_rodata_start, ABSOLUTE (.))
                0x0000000000003338                . = ALIGN (0x4)
 *(.rodata .rodata.* .gnu.linkonce.r.*)
 .rodata        0x0000000000003338       0x23 obj/default/SDcard.o
 *fill*         0x000000000000335b        0x1 
 .rodata.str1.4
                0x000000000000335c       0xaf obj/default/SDcard.o
                                         0xb0 (size before relaxing)
 *fill*         0x000000000000340b        0x1 
 .rodata.str1.4
                0x000000000000340c       0xcc obj/default/main.o
 .rodata.str1.4
                0x00000000000034d8       0xcd obj/default/uart.o
                                         0xd0 (size before relaxing)
 *fill*         0x00000000000035a5        0x3 
 .rodata.str1.4
                0x00000000000035a8        0xc ../DataLogger_bsp/\libhal_bsp.a(alt_dev.o)
 *(.rodata1)
                0x00000000000035b4                . = ALIGN (0x4)
                0x00000000000035b4                PROVIDE (__ram_rodata_end, ABSOLUTE (.))
                0x0000000000003338                PROVIDE (__flash_rodata_start, LOADADDR (.rodata))

.rwdata         0x00000000000035b4       0x78 load address 0x000000000000362c
                0x00000000000035b4                PROVIDE (__ram_rwdata_start, ABSOLUTE (.))
                0x00000000000035b4                . = ALIGN (0x4)
 *(.got.plt)
 *(.got)
 *(.data1)
 *(.data .data.* .gnu.linkonce.d.*)
 .data          0x00000000000035b4        0x0 ../DataLogger_bsp//obj/HAL/src/crt0.o
 .data          0x00000000000035b4        0x0 obj/default/SDcard.o
 .data          0x00000000000035b4        0x0 obj/default/SPI.o
 .data          0x00000000000035b4        0x0 obj/default/dataLogger.o
 .data          0x00000000000035b4        0x0 obj/default/main.o
 .data          0x00000000000035b4        0x0 obj/default/uart.o
 .data          0x00000000000035b4        0x0 d:/programy/quartusprimelite/nios2eds/bin/gnu/h-x86_64-mingw32/bin/../lib/gcc/nios2-elf/4.9.2/mno-hw-mul\libgcc.a(lib2-divmod.o)
 .data          0x00000000000035b4        0x0 d:/programy/quartusprimelite/nios2eds/bin/gnu/h-x86_64-mingw32/bin/../lib/gcc/nios2-elf/4.9.2/../../../../../H-x86_64-mingw32/nios2-elf/lib/mno-hw-mul\libsmallc.a(lib_a-memcpy.o)
 .data          0x00000000000035b4        0x0 d:/programy/quartusprimelite/nios2eds/bin/gnu/h-x86_64-mingw32/bin/../lib/gcc/nios2-elf/4.9.2/../../../../../H-x86_64-mingw32/nios2-elf/lib/mno-hw-mul\libsmallc.a(lib_a-memset.o)
 .data          0x00000000000035b4        0x0 ../DataLogger_bsp/\libhal_bsp.a(alt_getchar.o)
 .data          0x00000000000035b4        0x0 ../DataLogger_bsp/\libhal_bsp.a(alt_iic.o)
 .data          0x00000000000035b4        0x0 ../DataLogger_bsp/\libhal_bsp.a(alt_iic_isr_register.o)
 .data          0x00000000000035b4        0x0 ../DataLogger_bsp/\libhal_bsp.a(alt_irq_entry.o)
 .data          0x00000000000035b4        0x0 ../DataLogger_bsp/\libhal_bsp.a(alt_irq_handler.o)
 .data          0x00000000000035b4        0x0 ../DataLogger_bsp/\libhal_bsp.a(alt_irq_vars.o)
 .data          0x00000000000035b4        0x0 ../DataLogger_bsp/\libhal_bsp.a(alt_load.o)
 .data          0x00000000000035b4        0x0 ../DataLogger_bsp/\libhal_bsp.a(alt_main.o)
 .data          0x00000000000035b4        0x0 ../DataLogger_bsp/\libhal_bsp.a(alt_printf.o)
 .data          0x00000000000035b4        0x0 ../DataLogger_bsp/\libhal_bsp.a(alt_putchar.o)
 .data          0x00000000000035b4        0x0 ../DataLogger_bsp/\libhal_bsp.a(alt_sys_init.o)
 .data          0x00000000000035b4        0x0 ../DataLogger_bsp/\libhal_bsp.a(altera_avalon_uart_read.o)
 .data          0x00000000000035b4        0x0 ../DataLogger_bsp/\libhal_bsp.a(altera_avalon_uart_write.o)
 .data          0x00000000000035b4        0x0 ../DataLogger_bsp/\libhal_bsp.a(alt_dcache_flush_all.o)
 .data          0x00000000000035b4       0x58 ../DataLogger_bsp/\libhal_bsp.a(alt_dev.o)
                0x00000000000035b4                alt_fd_list
                0x00000000000035e4                alt_dev_null
 .data          0x000000000000360c        0x0 ../DataLogger_bsp/\libhal_bsp.a(alt_errno.o)
 .data          0x000000000000360c        0x0 ../DataLogger_bsp/\libhal_bsp.a(alt_exception_entry.o)
 .data          0x000000000000360c        0x0 ../DataLogger_bsp/\libhal_bsp.a(alt_icache_flush_all.o)
 .data          0x000000000000360c        0x0 ../DataLogger_bsp/\libhal_bsp.a(alt_instruction_exception_entry.o)
 .data          0x000000000000360c        0x0 ../DataLogger_bsp/\libhal_bsp.a(altera_nios2_gen2_irq.o)
 .data          0x000000000000360c        0x0 d:/programy/quartusprimelite/nios2eds/bin/gnu/h-x86_64-mingw32/bin/../lib/gcc/nios2-elf/4.9.2/../../../../../H-x86_64-mingw32/nios2-elf/lib/mno-hw-mul\libsmallc.a(lib_a-int_errno.o)
                0x000000000000b60c                _gp = ABSOLUTE ((. + 0x8000))
                0x000000000000b60c                PROVIDE (gp, _gp)
 *(.rwdata .rwdata.*)
 *(.sdata .sdata.* .gnu.linkonce.s.*)
 .sdata         0x000000000000360c        0x4 ../DataLogger_bsp/\libhal_bsp.a(alt_irq_vars.o)
                0x000000000000360c                alt_priority_mask
 .sdata         0x0000000000003610        0x4 ../DataLogger_bsp/\libhal_bsp.a(alt_sys_init.o)
                0x0000000000003610                uart_0
 .sdata         0x0000000000003614       0x14 ../DataLogger_bsp/\libhal_bsp.a(alt_dev.o)
                0x0000000000003614                alt_max_fd
                0x0000000000003618                alt_dev_list
                0x0000000000003620                alt_fs_list
 .sdata         0x0000000000003628        0x4 ../DataLogger_bsp/\libhal_bsp.a(alt_errno.o)
                0x0000000000003628                alt_errno
 *(.sdata2 .sdata2.* .gnu.linkonce.s2.*)
                0x000000000000362c                . = ALIGN (0x4)
                0x000000000000362c                _edata = ABSOLUTE (.)
                0x000000000000362c                PROVIDE (edata, ABSOLUTE (.))
                0x000000000000362c                PROVIDE (__ram_rwdata_end, ABSOLUTE (.))
                0x000000000000362c                PROVIDE (__flash_rwdata_start, LOADADDR (.rwdata))

.bss            0x00000000000036a4      0x524
                0x00000000000036a4                __bss_start = ABSOLUTE (.)
                0x00000000000036a4                PROVIDE (__sbss_start, ABSOLUTE (.))
                0x00000000000036a4                PROVIDE (___sbss_start, ABSOLUTE (.))
 *(.dynsbss)
 *(.sbss .sbss.* .gnu.linkonce.sb.*)
 .sbss          0x00000000000036a4        0x4 ../DataLogger_bsp/\libhal_bsp.a(alt_irq_vars.o)
                0x00000000000036a4                alt_irq_active
 .sbss          0x00000000000036a8        0xc ../DataLogger_bsp/\libhal_bsp.a(alt_main.o)
                0x00000000000036a8                alt_envp
                0x00000000000036ac                alt_argv
                0x00000000000036b0                alt_argc
 .sbss          0x00000000000036b4        0x4 ../DataLogger_bsp/\libhal_bsp.a(alt_instruction_exception_entry.o)
                0x00000000000036b4                alt_instruction_exception_handler
 .sbss          0x00000000000036b8        0x4 d:/programy/quartusprimelite/nios2eds/bin/gnu/h-x86_64-mingw32/bin/../lib/gcc/nios2-elf/4.9.2/../../../../../H-x86_64-mingw32/nios2-elf/lib/mno-hw-mul\libsmallc.a(lib_a-int_errno.o)
                0x00000000000036b8                errno
 *(.sbss2 .sbss2.* .gnu.linkonce.sb2.*)
 *(.scommon)
                0x00000000000036bc                PROVIDE (__sbss_end, ABSOLUTE (.))
                0x00000000000036bc                PROVIDE (___sbss_end, ABSOLUTE (.))
 *(.dynbss)
 *(.bss .bss.* .gnu.linkonce.b.*)
 .bss           0x00000000000036bc        0x0 ../DataLogger_bsp//obj/HAL/src/crt0.o
 .bss           0x00000000000036bc        0x0 obj/default/SDcard.o
 .bss           0x00000000000036bc        0x0 obj/default/SPI.o
 .bss           0x00000000000036bc        0x0 obj/default/dataLogger.o
 .bss           0x00000000000036bc      0x40c obj/default/main.o
 .bss           0x0000000000003ac8        0x0 obj/default/uart.o
 .bss           0x0000000000003ac8        0x0 d:/programy/quartusprimelite/nios2eds/bin/gnu/h-x86_64-mingw32/bin/../lib/gcc/nios2-elf/4.9.2/mno-hw-mul\libgcc.a(lib2-divmod.o)
 .bss           0x0000000000003ac8        0x0 d:/programy/quartusprimelite/nios2eds/bin/gnu/h-x86_64-mingw32/bin/../lib/gcc/nios2-elf/4.9.2/../../../../../H-x86_64-mingw32/nios2-elf/lib/mno-hw-mul\libsmallc.a(lib_a-memcpy.o)
 .bss           0x0000000000003ac8        0x0 d:/programy/quartusprimelite/nios2eds/bin/gnu/h-x86_64-mingw32/bin/../lib/gcc/nios2-elf/4.9.2/../../../../../H-x86_64-mingw32/nios2-elf/lib/mno-hw-mul\libsmallc.a(lib_a-memset.o)
 .bss           0x0000000000003ac8        0x0 ../DataLogger_bsp/\libhal_bsp.a(alt_getchar.o)
 .bss           0x0000000000003ac8        0x0 ../DataLogger_bsp/\libhal_bsp.a(alt_iic.o)
 .bss           0x0000000000003ac8        0x0 ../DataLogger_bsp/\libhal_bsp.a(alt_iic_isr_register.o)
 .bss           0x0000000000003ac8        0x0 ../DataLogger_bsp/\libhal_bsp.a(alt_irq_entry.o)
 .bss           0x0000000000003ac8        0x0 ../DataLogger_bsp/\libhal_bsp.a(alt_irq_handler.o)
 .bss           0x0000000000003ac8        0x0 ../DataLogger_bsp/\libhal_bsp.a(alt_irq_vars.o)
 .bss           0x0000000000003ac8        0x0 ../DataLogger_bsp/\libhal_bsp.a(alt_load.o)
 .bss           0x0000000000003ac8        0x0 ../DataLogger_bsp/\libhal_bsp.a(alt_main.o)
 .bss           0x0000000000003ac8        0x0 ../DataLogger_bsp/\libhal_bsp.a(alt_printf.o)
 .bss           0x0000000000003ac8        0x0 ../DataLogger_bsp/\libhal_bsp.a(alt_putchar.o)
 .bss           0x0000000000003ac8        0x0 ../DataLogger_bsp/\libhal_bsp.a(alt_sys_init.o)
 .bss           0x0000000000003ac8        0x0 ../DataLogger_bsp/\libhal_bsp.a(altera_avalon_uart_read.o)
 .bss           0x0000000000003ac8        0x0 ../DataLogger_bsp/\libhal_bsp.a(altera_avalon_uart_write.o)
 .bss           0x0000000000003ac8        0x0 ../DataLogger_bsp/\libhal_bsp.a(alt_dcache_flush_all.o)
 .bss           0x0000000000003ac8        0x0 ../DataLogger_bsp/\libhal_bsp.a(alt_dev.o)
 .bss           0x0000000000003ac8        0x0 ../DataLogger_bsp/\libhal_bsp.a(alt_errno.o)
 .bss           0x0000000000003ac8        0x0 ../DataLogger_bsp/\libhal_bsp.a(alt_exception_entry.o)
 .bss           0x0000000000003ac8        0x0 ../DataLogger_bsp/\libhal_bsp.a(alt_icache_flush_all.o)
 .bss           0x0000000000003ac8        0x0 ../DataLogger_bsp/\libhal_bsp.a(alt_instruction_exception_entry.o)
 .bss           0x0000000000003ac8        0x0 ../DataLogger_bsp/\libhal_bsp.a(altera_nios2_gen2_irq.o)
 .bss           0x0000000000003ac8        0x0 d:/programy/quartusprimelite/nios2eds/bin/gnu/h-x86_64-mingw32/bin/../lib/gcc/nios2-elf/4.9.2/../../../../../H-x86_64-mingw32/nios2-elf/lib/mno-hw-mul\libsmallc.a(lib_a-int_errno.o)
 *(COMMON)
 COMMON         0x0000000000003ac8      0x100 ../DataLogger_bsp/\libhal_bsp.a(alt_irq_handler.o)
                0x0000000000003ac8                alt_irq
                0x0000000000003bc8                . = ALIGN (0x4)
                0x0000000000003bc8                __bss_end = ABSOLUTE (.)

.onchip_memory2_0
                0x0000000000003bc8        0x0
                0x0000000000003bc8                PROVIDE (_alt_partition_onchip_memory2_0_start, ABSOLUTE (.))
 *(.onchip_memory2_0 .onchip_memory2_0. onchip_memory2_0.*)
                0x0000000000003bc8                . = ALIGN (0x4)
                0x0000000000003bc8                PROVIDE (_alt_partition_onchip_memory2_0_end, ABSOLUTE (.))
                0x0000000000003bc8                _end = ABSOLUTE (.)
                0x0000000000003bc8                end = ABSOLUTE (.)
                0x0000000000003bc8                __alt_stack_base = ABSOLUTE (.)
                0x0000000000003bc8                PROVIDE (_alt_partition_onchip_memory2_0_load_addr, LOADADDR (.onchip_memory2_0))

.stab
 *(.stab)

.stabstr
 *(.stabstr)

.stab.excl
 *(.stab.excl)

.stab.exclstr
 *(.stab.exclstr)

.stab.index
 *(.stab.index)

.stab.indexstr
 *(.stab.indexstr)

.comment        0x0000000000000000       0x23
 *(.comment)
 .comment       0x0000000000000000       0x23 obj/default/SDcard.o
                                         0x24 (size before relaxing)
 .comment       0x0000000000000000       0x24 obj/default/SPI.o
 .comment       0x0000000000000000       0x24 obj/default/dataLogger.o
 .comment       0x0000000000000000       0x24 obj/default/main.o
 .comment       0x0000000000000000       0x24 obj/default/uart.o
 .comment       0x0000000000000000       0x24 d:/programy/quartusprimelite/nios2eds/bin/gnu/h-x86_64-mingw32/bin/../lib/gcc/nios2-elf/4.9.2/mno-hw-mul\libgcc.a(lib2-divmod.o)
 .comment       0x0000000000000000       0x24 d:/programy/quartusprimelite/nios2eds/bin/gnu/h-x86_64-mingw32/bin/../lib/gcc/nios2-elf/4.9.2/../../../../../H-x86_64-mingw32/nios2-elf/lib/mno-hw-mul\libsmallc.a(lib_a-memcpy.o)
 .comment       0x0000000000000000       0x24 d:/programy/quartusprimelite/nios2eds/bin/gnu/h-x86_64-mingw32/bin/../lib/gcc/nios2-elf/4.9.2/../../../../../H-x86_64-mingw32/nios2-elf/lib/mno-hw-mul\libsmallc.a(lib_a-memset.o)
 .comment       0x0000000000000000       0x24 ../DataLogger_bsp/\libhal_bsp.a(alt_getchar.o)
 .comment       0x0000000000000000       0x24 ../DataLogger_bsp/\libhal_bsp.a(alt_iic.o)
 .comment       0x0000000000000000       0x24 ../DataLogger_bsp/\libhal_bsp.a(alt_iic_isr_register.o)
 .comment       0x0000000000000000       0x24 ../DataLogger_bsp/\libhal_bsp.a(alt_irq_handler.o)
 .comment       0x0000000000000000       0x24 ../DataLogger_bsp/\libhal_bsp.a(alt_irq_vars.o)
 .comment       0x0000000000000000       0x24 ../DataLogger_bsp/\libhal_bsp.a(alt_load.o)
 .comment       0x0000000000000000       0x24 ../DataLogger_bsp/\libhal_bsp.a(alt_main.o)
 .comment       0x0000000000000000       0x24 ../DataLogger_bsp/\libhal_bsp.a(alt_printf.o)
 .comment       0x0000000000000000       0x24 ../DataLogger_bsp/\libhal_bsp.a(alt_putchar.o)
 .comment       0x0000000000000000       0x24 ../DataLogger_bsp/\libhal_bsp.a(alt_sys_init.o)
 .comment       0x0000000000000000       0x24 ../DataLogger_bsp/\libhal_bsp.a(altera_avalon_uart_read.o)
 .comment       0x0000000000000000       0x24 ../DataLogger_bsp/\libhal_bsp.a(altera_avalon_uart_write.o)
 .comment       0x0000000000000000       0x24 ../DataLogger_bsp/\libhal_bsp.a(alt_dcache_flush_all.o)
 .comment       0x0000000000000000       0x24 ../DataLogger_bsp/\libhal_bsp.a(alt_dev.o)
 .comment       0x0000000000000000       0x24 ../DataLogger_bsp/\libhal_bsp.a(alt_errno.o)
 .comment       0x0000000000000000       0x24 ../DataLogger_bsp/\libhal_bsp.a(alt_icache_flush_all.o)
 .comment       0x0000000000000000       0x24 ../DataLogger_bsp/\libhal_bsp.a(alt_instruction_exception_entry.o)
 .comment       0x0000000000000000       0x24 ../DataLogger_bsp/\libhal_bsp.a(altera_nios2_gen2_irq.o)
 .comment       0x0000000000000000       0x24 d:/programy/quartusprimelite/nios2eds/bin/gnu/h-x86_64-mingw32/bin/../lib/gcc/nios2-elf/4.9.2/../../../../../H-x86_64-mingw32/nios2-elf/lib/mno-hw-mul\libsmallc.a(lib_a-int_errno.o)

.debug
 *(.debug)

.line
 *(.line)

.debug_srcinfo
 *(.debug_srcinfo)

.debug_sfnames
 *(.debug_sfnames)

.debug_aranges  0x0000000000000000      0x3e8
 *(.debug_aranges)
 .debug_aranges
                0x0000000000000000       0x28 ../DataLogger_bsp//obj/HAL/src/crt0.o
 .debug_aranges
                0x0000000000000028       0x20 obj/default/SDcard.o
 .debug_aranges
                0x0000000000000048       0x20 obj/default/SPI.o
 .debug_aranges
                0x0000000000000068       0x20 obj/default/dataLogger.o
 .debug_aranges
                0x0000000000000088       0x28 obj/default/main.o
 .debug_aranges
                0x00000000000000b0       0x20 obj/default/uart.o
 .debug_aranges
                0x00000000000000d0       0x20 d:/programy/quartusprimelite/nios2eds/bin/gnu/h-x86_64-mingw32/bin/../lib/gcc/nios2-elf/4.9.2/mno-hw-mul\libgcc.a(lib2-divmod.o)
 .debug_aranges
                0x00000000000000f0       0x20 d:/programy/quartusprimelite/nios2eds/bin/gnu/h-x86_64-mingw32/bin/../lib/gcc/nios2-elf/4.9.2/../../../../../H-x86_64-mingw32/nios2-elf/lib/mno-hw-mul\libsmallc.a(lib_a-memcpy.o)
 .debug_aranges
                0x0000000000000110       0x20 d:/programy/quartusprimelite/nios2eds/bin/gnu/h-x86_64-mingw32/bin/../lib/gcc/nios2-elf/4.9.2/../../../../../H-x86_64-mingw32/nios2-elf/lib/mno-hw-mul\libsmallc.a(lib_a-memset.o)
 .debug_aranges
                0x0000000000000130       0x20 ../DataLogger_bsp/\libhal_bsp.a(alt_getchar.o)
 .debug_aranges
                0x0000000000000150       0x20 ../DataLogger_bsp/\libhal_bsp.a(alt_iic.o)
 .debug_aranges
                0x0000000000000170       0x20 ../DataLogger_bsp/\libhal_bsp.a(alt_iic_isr_register.o)
 .debug_aranges
                0x0000000000000190       0x30 ../DataLogger_bsp/\libhal_bsp.a(alt_irq_entry.o)
 .debug_aranges
                0x00000000000001c0       0x20 ../DataLogger_bsp/\libhal_bsp.a(alt_irq_handler.o)
 .debug_aranges
                0x00000000000001e0       0x18 ../DataLogger_bsp/\libhal_bsp.a(alt_irq_vars.o)
 .debug_aranges
                0x00000000000001f8       0x20 ../DataLogger_bsp/\libhal_bsp.a(alt_load.o)
 .debug_aranges
                0x0000000000000218       0x20 ../DataLogger_bsp/\libhal_bsp.a(alt_main.o)
 .debug_aranges
                0x0000000000000238       0x20 ../DataLogger_bsp/\libhal_bsp.a(alt_printf.o)
 .debug_aranges
                0x0000000000000258       0x20 ../DataLogger_bsp/\libhal_bsp.a(alt_putchar.o)
 .debug_aranges
                0x0000000000000278       0x20 ../DataLogger_bsp/\libhal_bsp.a(alt_sys_init.o)
 .debug_aranges
                0x0000000000000298       0x20 ../DataLogger_bsp/\libhal_bsp.a(altera_avalon_uart_read.o)
 .debug_aranges
                0x00000000000002b8       0x20 ../DataLogger_bsp/\libhal_bsp.a(altera_avalon_uart_write.o)
 .debug_aranges
                0x00000000000002d8       0x20 ../DataLogger_bsp/\libhal_bsp.a(alt_dcache_flush_all.o)
 .debug_aranges
                0x00000000000002f8       0x20 ../DataLogger_bsp/\libhal_bsp.a(alt_dev.o)
 .debug_aranges
                0x0000000000000318       0x18 ../DataLogger_bsp/\libhal_bsp.a(alt_errno.o)
 .debug_aranges
                0x0000000000000330       0x38 ../DataLogger_bsp/\libhal_bsp.a(alt_exception_entry.o)
 .debug_aranges
                0x0000000000000368       0x20 ../DataLogger_bsp/\libhal_bsp.a(alt_icache_flush_all.o)
 .debug_aranges
                0x0000000000000388       0x28 ../DataLogger_bsp/\libhal_bsp.a(alt_instruction_exception_entry.o)
 .debug_aranges
                0x00000000000003b0       0x20 ../DataLogger_bsp/\libhal_bsp.a(altera_nios2_gen2_irq.o)
 .debug_aranges
                0x00000000000003d0       0x18 d:/programy/quartusprimelite/nios2eds/bin/gnu/h-x86_64-mingw32/bin/../lib/gcc/nios2-elf/4.9.2/../../../../../H-x86_64-mingw32/nios2-elf/lib/mno-hw-mul\libsmallc.a(lib_a-int_errno.o)

.debug_pubnames
 *(.debug_pubnames)

.debug_info     0x0000000000000000     0x37af
 *(.debug_info .gnu.linkonce.wi.*)
 .debug_info    0x0000000000000000       0x7e ../DataLogger_bsp//obj/HAL/src/crt0.o
 .debug_info    0x000000000000007e      0x883 obj/default/SDcard.o
 .debug_info    0x0000000000000901      0x292 obj/default/SPI.o
 .debug_info    0x0000000000000b93      0x14c obj/default/dataLogger.o
 .debug_info    0x0000000000000cdf      0x459 obj/default/main.o
 .debug_info    0x0000000000001138      0x242 obj/default/uart.o
 .debug_info    0x000000000000137a      0x234 d:/programy/quartusprimelite/nios2eds/bin/gnu/h-x86_64-mingw32/bin/../lib/gcc/nios2-elf/4.9.2/mno-hw-mul\libgcc.a(lib2-divmod.o)
 .debug_info    0x00000000000015ae      0x106 d:/programy/quartusprimelite/nios2eds/bin/gnu/h-x86_64-mingw32/bin/../lib/gcc/nios2-elf/4.9.2/../../../../../H-x86_64-mingw32/nios2-elf/lib/mno-hw-mul\libsmallc.a(lib_a-memcpy.o)
 .debug_info    0x00000000000016b4       0xd5 d:/programy/quartusprimelite/nios2eds/bin/gnu/h-x86_64-mingw32/bin/../lib/gcc/nios2-elf/4.9.2/../../../../../H-x86_64-mingw32/nios2-elf/lib/mno-hw-mul\libsmallc.a(lib_a-memset.o)
 .debug_info    0x0000000000001789      0x33b ../DataLogger_bsp/\libhal_bsp.a(alt_getchar.o)
 .debug_info    0x0000000000001ac4      0x39d ../DataLogger_bsp/\libhal_bsp.a(alt_iic.o)
 .debug_info    0x0000000000001e61      0x249 ../DataLogger_bsp/\libhal_bsp.a(alt_iic_isr_register.o)
 .debug_info    0x00000000000020aa       0x87 ../DataLogger_bsp/\libhal_bsp.a(alt_irq_entry.o)
 .debug_info    0x0000000000002131      0x185 ../DataLogger_bsp/\libhal_bsp.a(alt_irq_handler.o)
 .debug_info    0x00000000000022b6       0x88 ../DataLogger_bsp/\libhal_bsp.a(alt_irq_vars.o)
 .debug_info    0x000000000000233e      0x1ba ../DataLogger_bsp/\libhal_bsp.a(alt_load.o)
 .debug_info    0x00000000000024f8      0x17b ../DataLogger_bsp/\libhal_bsp.a(alt_main.o)
 .debug_info    0x0000000000002673      0x153 ../DataLogger_bsp/\libhal_bsp.a(alt_printf.o)
 .debug_info    0x00000000000027c6      0x138 ../DataLogger_bsp/\libhal_bsp.a(alt_putchar.o)
 .debug_info    0x00000000000028fe      0x177 ../DataLogger_bsp/\libhal_bsp.a(alt_sys_init.o)
 .debug_info    0x0000000000002a75      0x1ab ../DataLogger_bsp/\libhal_bsp.a(altera_avalon_uart_read.o)
 .debug_info    0x0000000000002c20      0x1bf ../DataLogger_bsp/\libhal_bsp.a(altera_avalon_uart_write.o)
 .debug_info    0x0000000000002ddf       0x8b ../DataLogger_bsp/\libhal_bsp.a(alt_dcache_flush_all.o)
 .debug_info    0x0000000000002e6a      0x492 ../DataLogger_bsp/\libhal_bsp.a(alt_dev.o)
 .debug_info    0x00000000000032fc       0x9f ../DataLogger_bsp/\libhal_bsp.a(alt_errno.o)
 .debug_info    0x000000000000339b       0x8d ../DataLogger_bsp/\libhal_bsp.a(alt_exception_entry.o)
 .debug_info    0x0000000000003428       0x8b ../DataLogger_bsp/\libhal_bsp.a(alt_icache_flush_all.o)
 .debug_info    0x00000000000034b3      0x1ee ../DataLogger_bsp/\libhal_bsp.a(alt_instruction_exception_entry.o)
 .debug_info    0x00000000000036a1       0x8b ../DataLogger_bsp/\libhal_bsp.a(altera_nios2_gen2_irq.o)
 .debug_info    0x000000000000372c       0x83 d:/programy/quartusprimelite/nios2eds/bin/gnu/h-x86_64-mingw32/bin/../lib/gcc/nios2-elf/4.9.2/../../../../../H-x86_64-mingw32/nios2-elf/lib/mno-hw-mul\libsmallc.a(lib_a-int_errno.o)

.debug_abbrev   0x0000000000000000     0x1789
 *(.debug_abbrev)
 .debug_abbrev  0x0000000000000000       0x12 ../DataLogger_bsp//obj/HAL/src/crt0.o
 .debug_abbrev  0x0000000000000012      0x16b obj/default/SDcard.o
 .debug_abbrev  0x000000000000017d      0x11f obj/default/SPI.o
 .debug_abbrev  0x000000000000029c       0xb3 obj/default/dataLogger.o
 .debug_abbrev  0x000000000000034f      0x1c1 obj/default/main.o
 .debug_abbrev  0x0000000000000510      0x120 obj/default/uart.o
 .debug_abbrev  0x0000000000000630       0xd9 d:/programy/quartusprimelite/nios2eds/bin/gnu/h-x86_64-mingw32/bin/../lib/gcc/nios2-elf/4.9.2/mno-hw-mul\libgcc.a(lib2-divmod.o)
 .debug_abbrev  0x0000000000000709       0xa4 d:/programy/quartusprimelite/nios2eds/bin/gnu/h-x86_64-mingw32/bin/../lib/gcc/nios2-elf/4.9.2/../../../../../H-x86_64-mingw32/nios2-elf/lib/mno-hw-mul\libsmallc.a(lib_a-memcpy.o)
 .debug_abbrev  0x00000000000007ad       0x8e d:/programy/quartusprimelite/nios2eds/bin/gnu/h-x86_64-mingw32/bin/../lib/gcc/nios2-elf/4.9.2/../../../../../H-x86_64-mingw32/nios2-elf/lib/mno-hw-mul\libsmallc.a(lib_a-memset.o)
 .debug_abbrev  0x000000000000083b      0x11f ../DataLogger_bsp/\libhal_bsp.a(alt_getchar.o)
 .debug_abbrev  0x000000000000095a      0x17d ../DataLogger_bsp/\libhal_bsp.a(alt_iic.o)
 .debug_abbrev  0x0000000000000ad7      0x1a6 ../DataLogger_bsp/\libhal_bsp.a(alt_iic_isr_register.o)
 .debug_abbrev  0x0000000000000c7d       0x12 ../DataLogger_bsp/\libhal_bsp.a(alt_irq_entry.o)
 .debug_abbrev  0x0000000000000c8f      0x122 ../DataLogger_bsp/\libhal_bsp.a(alt_irq_handler.o)
 .debug_abbrev  0x0000000000000db1       0x40 ../DataLogger_bsp/\libhal_bsp.a(alt_irq_vars.o)
 .debug_abbrev  0x0000000000000df1       0xd8 ../DataLogger_bsp/\libhal_bsp.a(alt_load.o)
 .debug_abbrev  0x0000000000000ec9      0x120 ../DataLogger_bsp/\libhal_bsp.a(alt_main.o)
 .debug_abbrev  0x0000000000000fe9       0xde ../DataLogger_bsp/\libhal_bsp.a(alt_printf.o)
 .debug_abbrev  0x00000000000010c7       0xd4 ../DataLogger_bsp/\libhal_bsp.a(alt_putchar.o)
 .debug_abbrev  0x000000000000119b      0x107 ../DataLogger_bsp/\libhal_bsp.a(alt_sys_init.o)
 .debug_abbrev  0x00000000000012a2       0xe1 ../DataLogger_bsp/\libhal_bsp.a(altera_avalon_uart_read.o)
 .debug_abbrev  0x0000000000001383       0xe8 ../DataLogger_bsp/\libhal_bsp.a(altera_avalon_uart_write.o)
 .debug_abbrev  0x000000000000146b       0x42 ../DataLogger_bsp/\libhal_bsp.a(alt_dcache_flush_all.o)
 .debug_abbrev  0x00000000000014ad       0xd9 ../DataLogger_bsp/\libhal_bsp.a(alt_dev.o)
 .debug_abbrev  0x0000000000001586       0x5a ../DataLogger_bsp/\libhal_bsp.a(alt_errno.o)
 .debug_abbrev  0x00000000000015e0       0x12 ../DataLogger_bsp/\libhal_bsp.a(alt_exception_entry.o)
 .debug_abbrev  0x00000000000015f2       0x42 ../DataLogger_bsp/\libhal_bsp.a(alt_icache_flush_all.o)
 .debug_abbrev  0x0000000000001634       0xdc ../DataLogger_bsp/\libhal_bsp.a(alt_instruction_exception_entry.o)
 .debug_abbrev  0x0000000000001710       0x42 ../DataLogger_bsp/\libhal_bsp.a(altera_nios2_gen2_irq.o)
 .debug_abbrev  0x0000000000001752       0x37 d:/programy/quartusprimelite/nios2eds/bin/gnu/h-x86_64-mingw32/bin/../lib/gcc/nios2-elf/4.9.2/../../../../../H-x86_64-mingw32/nios2-elf/lib/mno-hw-mul\libsmallc.a(lib_a-int_errno.o)

.debug_line     0x0000000000000000     0x1635
 *(.debug_line)
 .debug_line    0x0000000000000000       0x66 ../DataLogger_bsp//obj/HAL/src/crt0.o
 .debug_line    0x0000000000000066      0x178 obj/default/SDcard.o
 .debug_line    0x00000000000001de       0xb1 obj/default/SPI.o
 .debug_line    0x000000000000028f       0x84 obj/default/dataLogger.o
 .debug_line    0x0000000000000313      0x144 obj/default/main.o
 .debug_line    0x0000000000000457       0xc1 obj/default/uart.o
 .debug_line    0x0000000000000518       0xc7 d:/programy/quartusprimelite/nios2eds/bin/gnu/h-x86_64-mingw32/bin/../lib/gcc/nios2-elf/4.9.2/mno-hw-mul\libgcc.a(lib2-divmod.o)
 .debug_line    0x00000000000005df      0x15e d:/programy/quartusprimelite/nios2eds/bin/gnu/h-x86_64-mingw32/bin/../lib/gcc/nios2-elf/4.9.2/../../../../../H-x86_64-mingw32/nios2-elf/lib/mno-hw-mul\libsmallc.a(lib_a-memcpy.o)
 .debug_line    0x000000000000073d      0x15d d:/programy/quartusprimelite/nios2eds/bin/gnu/h-x86_64-mingw32/bin/../lib/gcc/nios2-elf/4.9.2/../../../../../H-x86_64-mingw32/nios2-elf/lib/mno-hw-mul\libsmallc.a(lib_a-memset.o)
 .debug_line    0x000000000000089a       0xb7 ../DataLogger_bsp/\libhal_bsp.a(alt_getchar.o)
 .debug_line    0x0000000000000951       0xf1 ../DataLogger_bsp/\libhal_bsp.a(alt_iic.o)
 .debug_line    0x0000000000000a42       0xd6 ../DataLogger_bsp/\libhal_bsp.a(alt_iic_isr_register.o)
 .debug_line    0x0000000000000b18       0x6b ../DataLogger_bsp/\libhal_bsp.a(alt_irq_entry.o)
 .debug_line    0x0000000000000b83       0xa5 ../DataLogger_bsp/\libhal_bsp.a(alt_irq_handler.o)
 .debug_line    0x0000000000000c28       0x50 ../DataLogger_bsp/\libhal_bsp.a(alt_irq_vars.o)
 .debug_line    0x0000000000000c78       0xa6 ../DataLogger_bsp/\libhal_bsp.a(alt_load.o)
 .debug_line    0x0000000000000d1e       0xbd ../DataLogger_bsp/\libhal_bsp.a(alt_main.o)
 .debug_line    0x0000000000000ddb      0x116 ../DataLogger_bsp/\libhal_bsp.a(alt_printf.o)
 .debug_line    0x0000000000000ef1       0x55 ../DataLogger_bsp/\libhal_bsp.a(alt_putchar.o)
 .debug_line    0x0000000000000f46       0xf7 ../DataLogger_bsp/\libhal_bsp.a(alt_sys_init.o)
 .debug_line    0x000000000000103d       0xfc ../DataLogger_bsp/\libhal_bsp.a(altera_avalon_uart_read.o)
 .debug_line    0x0000000000001139       0xec ../DataLogger_bsp/\libhal_bsp.a(altera_avalon_uart_write.o)
 .debug_line    0x0000000000001225       0x4e ../DataLogger_bsp/\libhal_bsp.a(alt_dcache_flush_all.o)
 .debug_line    0x0000000000001273       0xfc ../DataLogger_bsp/\libhal_bsp.a(alt_dev.o)
 .debug_line    0x000000000000136f       0x51 ../DataLogger_bsp/\libhal_bsp.a(alt_errno.o)
 .debug_line    0x00000000000013c0       0xb3 ../DataLogger_bsp/\libhal_bsp.a(alt_exception_entry.o)
 .debug_line    0x0000000000001473       0x4e ../DataLogger_bsp/\libhal_bsp.a(alt_icache_flush_all.o)
 .debug_line    0x00000000000014c1       0xc5 ../DataLogger_bsp/\libhal_bsp.a(alt_instruction_exception_entry.o)
 .debug_line    0x0000000000001586       0x50 ../DataLogger_bsp/\libhal_bsp.a(altera_nios2_gen2_irq.o)
 .debug_line    0x00000000000015d6       0x5f d:/programy/quartusprimelite/nios2eds/bin/gnu/h-x86_64-mingw32/bin/../lib/gcc/nios2-elf/4.9.2/../../../../../H-x86_64-mingw32/nios2-elf/lib/mno-hw-mul\libsmallc.a(lib_a-int_errno.o)

.debug_frame    0x0000000000000000      0x63c
 *(.debug_frame)
 .debug_frame   0x0000000000000000       0xcc obj/default/SDcard.o
 .debug_frame   0x00000000000000cc       0xbc obj/default/SPI.o
 .debug_frame   0x0000000000000188       0x30 obj/default/dataLogger.o
 .debug_frame   0x00000000000001b8       0x70 obj/default/main.o
 .debug_frame   0x0000000000000228       0x3c obj/default/uart.o
 .debug_frame   0x0000000000000264       0x8c d:/programy/quartusprimelite/nios2eds/bin/gnu/h-x86_64-mingw32/bin/../lib/gcc/nios2-elf/4.9.2/mno-hw-mul\libgcc.a(lib2-divmod.o)
 .debug_frame   0x00000000000002f0       0x20 d:/programy/quartusprimelite/nios2eds/bin/gnu/h-x86_64-mingw32/bin/../lib/gcc/nios2-elf/4.9.2/../../../../../H-x86_64-mingw32/nios2-elf/lib/mno-hw-mul\libsmallc.a(lib_a-memcpy.o)
 .debug_frame   0x0000000000000310       0x20 d:/programy/quartusprimelite/nios2eds/bin/gnu/h-x86_64-mingw32/bin/../lib/gcc/nios2-elf/4.9.2/../../../../../H-x86_64-mingw32/nios2-elf/lib/mno-hw-mul\libsmallc.a(lib_a-memset.o)
 .debug_frame   0x0000000000000330       0x2c ../DataLogger_bsp/\libhal_bsp.a(alt_getchar.o)
 .debug_frame   0x000000000000035c       0x50 ../DataLogger_bsp/\libhal_bsp.a(alt_iic.o)
 .debug_frame   0x00000000000003ac       0x30 ../DataLogger_bsp/\libhal_bsp.a(alt_iic_isr_register.o)
 .debug_frame   0x00000000000003dc       0x34 ../DataLogger_bsp/\libhal_bsp.a(alt_irq_handler.o)
 .debug_frame   0x0000000000000410       0x30 ../DataLogger_bsp/\libhal_bsp.a(alt_load.o)
 .debug_frame   0x0000000000000440       0x2c ../DataLogger_bsp/\libhal_bsp.a(alt_main.o)
 .debug_frame   0x000000000000046c       0x54 ../DataLogger_bsp/\libhal_bsp.a(alt_printf.o)
 .debug_frame   0x00000000000004c0       0x30 ../DataLogger_bsp/\libhal_bsp.a(alt_putchar.o)
 .debug_frame   0x00000000000004f0       0x3c ../DataLogger_bsp/\libhal_bsp.a(alt_sys_init.o)
 .debug_frame   0x000000000000052c       0x2c ../DataLogger_bsp/\libhal_bsp.a(altera_avalon_uart_read.o)
 .debug_frame   0x0000000000000558       0x34 ../DataLogger_bsp/\libhal_bsp.a(altera_avalon_uart_write.o)
 .debug_frame   0x000000000000058c       0x20 ../DataLogger_bsp/\libhal_bsp.a(alt_dcache_flush_all.o)
 .debug_frame   0x00000000000005ac       0x20 ../DataLogger_bsp/\libhal_bsp.a(alt_dev.o)
 .debug_frame   0x00000000000005cc       0x20 ../DataLogger_bsp/\libhal_bsp.a(alt_icache_flush_all.o)
 .debug_frame   0x00000000000005ec       0x30 ../DataLogger_bsp/\libhal_bsp.a(alt_instruction_exception_entry.o)
 .debug_frame   0x000000000000061c       0x20 ../DataLogger_bsp/\libhal_bsp.a(altera_nios2_gen2_irq.o)

.debug_str      0x0000000000000000     0x1308
 *(.debug_str)
 .debug_str     0x0000000000000000      0x233 obj/default/SDcard.o
                                        0x27c (size before relaxing)
 .debug_str     0x0000000000000233       0x4e obj/default/SPI.o
                                        0x19b (size before relaxing)
 .debug_str     0x0000000000000281       0x89 obj/default/dataLogger.o
                                        0x1a1 (size before relaxing)
 .debug_str     0x000000000000030a       0x8e obj/default/main.o
                                        0x27c (size before relaxing)
 .debug_str     0x0000000000000398       0x13 obj/default/uart.o
                                        0x1a8 (size before relaxing)
 .debug_str     0x00000000000003ab      0x185 d:/programy/quartusprimelite/nios2eds/bin/gnu/h-x86_64-mingw32/bin/../lib/gcc/nios2-elf/4.9.2/mno-hw-mul\libgcc.a(lib2-divmod.o)
                                        0x1d0 (size before relaxing)
 .debug_str     0x0000000000000530      0x14c d:/programy/quartusprimelite/nios2eds/bin/gnu/h-x86_64-mingw32/bin/../lib/gcc/nios2-elf/4.9.2/../../../../../H-x86_64-mingw32/nios2-elf/lib/mno-hw-mul\libsmallc.a(lib_a-memcpy.o)
                                        0x1e5 (size before relaxing)
 .debug_str     0x000000000000067c       0x3d d:/programy/quartusprimelite/nios2eds/bin/gnu/h-x86_64-mingw32/bin/../lib/gcc/nios2-elf/4.9.2/../../../../../H-x86_64-mingw32/nios2-elf/lib/mno-hw-mul\libsmallc.a(lib_a-memset.o)
                                        0x1d1 (size before relaxing)
 .debug_str     0x00000000000006b9       0xf8 ../DataLogger_bsp/\libhal_bsp.a(alt_getchar.o)
                                        0x21c (size before relaxing)
 .debug_str     0x00000000000007b1       0xdc ../DataLogger_bsp/\libhal_bsp.a(alt_iic.o)
                                        0x246 (size before relaxing)
 .debug_str     0x000000000000088d       0x37 ../DataLogger_bsp/\libhal_bsp.a(alt_iic_isr_register.o)
                                        0x200 (size before relaxing)
 .debug_str     0x00000000000008c4       0x3a ../DataLogger_bsp/\libhal_bsp.a(alt_irq_handler.o)
                                        0x18a (size before relaxing)
 .debug_str     0x00000000000008fe       0x17 ../DataLogger_bsp/\libhal_bsp.a(alt_irq_vars.o)
                                        0x139 (size before relaxing)
 .debug_str     0x0000000000000915      0x113 ../DataLogger_bsp/\libhal_bsp.a(alt_load.o)
                                        0x22f (size before relaxing)
 .debug_str     0x0000000000000a28       0x5e ../DataLogger_bsp/\libhal_bsp.a(alt_main.o)
                                        0x1a8 (size before relaxing)
 .debug_str     0x0000000000000a86       0x59 ../DataLogger_bsp/\libhal_bsp.a(alt_printf.o)
                                        0x105 (size before relaxing)
 .debug_str     0x0000000000000adf       0x2f ../DataLogger_bsp/\libhal_bsp.a(alt_putchar.o)
                                        0x171 (size before relaxing)
 .debug_str     0x0000000000000b0e       0x99 ../DataLogger_bsp/\libhal_bsp.a(alt_sys_init.o)
                                        0x227 (size before relaxing)
 .debug_str     0x0000000000000ba7       0x44 ../DataLogger_bsp/\libhal_bsp.a(altera_avalon_uart_read.o)
                                        0x1f4 (size before relaxing)
 .debug_str     0x0000000000000beb       0x2d ../DataLogger_bsp/\libhal_bsp.a(altera_avalon_uart_write.o)
                                        0x1fc (size before relaxing)
 .debug_str     0x0000000000000c18       0x1f ../DataLogger_bsp/\libhal_bsp.a(alt_dcache_flush_all.o)
                                        0x148 (size before relaxing)
 .debug_str     0x0000000000000c37      0x120 ../DataLogger_bsp/\libhal_bsp.a(alt_dev.o)
                                        0x2f8 (size before relaxing)
 .debug_str     0x0000000000000d57       0x14 ../DataLogger_bsp/\libhal_bsp.a(alt_errno.o)
                                        0x138 (size before relaxing)
 .debug_str     0x0000000000000d6b       0x1f ../DataLogger_bsp/\libhal_bsp.a(alt_icache_flush_all.o)
                                        0x148 (size before relaxing)
 .debug_str     0x0000000000000d8a      0x48b ../DataLogger_bsp/\libhal_bsp.a(alt_instruction_exception_entry.o)
                                        0x592 (size before relaxing)
 .debug_str     0x0000000000001215       0x20 ../DataLogger_bsp/\libhal_bsp.a(altera_nios2_gen2_irq.o)
                                        0x14f (size before relaxing)
 .debug_str     0x0000000000001235       0xd3 d:/programy/quartusprimelite/nios2eds/bin/gnu/h-x86_64-mingw32/bin/../lib/gcc/nios2-elf/4.9.2/../../../../../H-x86_64-mingw32/nios2-elf/lib/mno-hw-mul\libsmallc.a(lib_a-int_errno.o)
                                        0x1ca (size before relaxing)

.debug_loc      0x0000000000000000     0x1302
 *(.debug_loc)
 .debug_loc     0x0000000000000000      0x35e obj/default/SDcard.o
 .debug_loc     0x000000000000035e      0x259 obj/default/SPI.o
 .debug_loc     0x00000000000005b7       0x92 obj/default/main.o
 .debug_loc     0x0000000000000649       0x58 obj/default/uart.o
 .debug_loc     0x00000000000006a1      0x273 d:/programy/quartusprimelite/nios2eds/bin/gnu/h-x86_64-mingw32/bin/../lib/gcc/nios2-elf/4.9.2/mno-hw-mul\libgcc.a(lib2-divmod.o)
 .debug_loc     0x0000000000000914      0x11b d:/programy/quartusprimelite/nios2eds/bin/gnu/h-x86_64-mingw32/bin/../lib/gcc/nios2-elf/4.9.2/../../../../../H-x86_64-mingw32/nios2-elf/lib/mno-hw-mul\libsmallc.a(lib_a-memcpy.o)
 .debug_loc     0x0000000000000a2f       0xa5 d:/programy/quartusprimelite/nios2eds/bin/gnu/h-x86_64-mingw32/bin/../lib/gcc/nios2-elf/4.9.2/../../../../../H-x86_64-mingw32/nios2-elf/lib/mno-hw-mul\libsmallc.a(lib_a-memset.o)
 .debug_loc     0x0000000000000ad4      0x129 ../DataLogger_bsp/\libhal_bsp.a(alt_iic.o)
 .debug_loc     0x0000000000000bfd      0x193 ../DataLogger_bsp/\libhal_bsp.a(alt_iic_isr_register.o)
 .debug_loc     0x0000000000000d90       0x98 ../DataLogger_bsp/\libhal_bsp.a(alt_irq_handler.o)
 .debug_loc     0x0000000000000e28      0x1c6 ../DataLogger_bsp/\libhal_bsp.a(alt_printf.o)
 .debug_loc     0x0000000000000fee       0x2c ../DataLogger_bsp/\libhal_bsp.a(alt_putchar.o)
 .debug_loc     0x000000000000101a       0x21 ../DataLogger_bsp/\libhal_bsp.a(alt_sys_init.o)
 .debug_loc     0x000000000000103b      0x106 ../DataLogger_bsp/\libhal_bsp.a(altera_avalon_uart_read.o)
 .debug_loc     0x0000000000001141      0x15c ../DataLogger_bsp/\libhal_bsp.a(altera_avalon_uart_write.o)
 .debug_loc     0x000000000000129d       0x65 ../DataLogger_bsp/\libhal_bsp.a(alt_instruction_exception_entry.o)

.debug_macinfo
 *(.debug_macinfo)

.debug_weaknames
 *(.debug_weaknames)

.debug_funcnames
 *(.debug_funcnames)

.debug_typenames
 *(.debug_typenames)

.debug_varnames
 *(.debug_varnames)

.debug_alt_sim_info
                0x0000000000000000       0x10
 *(.debug_alt_sim_info)
 .debug_alt_sim_info
                0x0000000000000000       0x10 ../DataLogger_bsp//obj/HAL/src/crt0.o
                0x0000000000004000                __alt_data_end = 0x4000
                0x0000000000004000                PROVIDE (__alt_stack_pointer, __alt_data_end)
                0x0000000000003bc8                PROVIDE (__alt_stack_limit, __alt_stack_base)
                0x0000000000003bc8                PROVIDE (__alt_heap_start, end)
                0x0000000000004000                PROVIDE (__alt_heap_limit, 0x4000)
OUTPUT(SPI.elf elf32-littlenios2)

.debug_ranges   0x0000000000000000      0x158
 .debug_ranges  0x0000000000000000       0x20 ../DataLogger_bsp//obj/HAL/src/crt0.o
 .debug_ranges  0x0000000000000020       0x18 obj/default/main.o
 .debug_ranges  0x0000000000000038       0x10 d:/programy/quartusprimelite/nios2eds/bin/gnu/h-x86_64-mingw32/bin/../lib/gcc/nios2-elf/4.9.2/../../../../../H-x86_64-mingw32/nios2-elf/lib/mno-hw-mul\libsmallc.a(lib_a-memcpy.o)
 .debug_ranges  0x0000000000000048       0x10 d:/programy/quartusprimelite/nios2eds/bin/gnu/h-x86_64-mingw32/bin/../lib/gcc/nios2-elf/4.9.2/../../../../../H-x86_64-mingw32/nios2-elf/lib/mno-hw-mul\libsmallc.a(lib_a-memset.o)
 .debug_ranges  0x0000000000000058       0x28 ../DataLogger_bsp/\libhal_bsp.a(alt_irq_entry.o)
 .debug_ranges  0x0000000000000080       0x10 ../DataLogger_bsp/\libhal_bsp.a(alt_irq_handler.o)
 .debug_ranges  0x0000000000000090       0x48 ../DataLogger_bsp/\libhal_bsp.a(alt_load.o)
 .debug_ranges  0x00000000000000d8       0x18 ../DataLogger_bsp/\libhal_bsp.a(alt_printf.o)
 .debug_ranges  0x00000000000000f0       0x20 ../DataLogger_bsp/\libhal_bsp.a(altera_avalon_uart_read.o)
 .debug_ranges  0x0000000000000110       0x30 ../DataLogger_bsp/\libhal_bsp.a(alt_exception_entry.o)
 .debug_ranges  0x0000000000000140       0x18 ../DataLogger_bsp/\libhal_bsp.a(alt_instruction_exception_entry.o)
