Archive member included to satisfy reference by file (symbol)

d:/programy/quartusprimelite/nios2eds/bin/gnu/h-x86_64-mingw32/bin/../lib/gcc/nios2-elf/4.9.2/mno-hw-mul\libgcc.a(lib2-divmod.o)
                              obj/default/dataLogger.o (__umodsi3)
d:/programy/quartusprimelite/nios2eds/bin/gnu/h-x86_64-mingw32/bin/../lib/gcc/nios2-elf/4.9.2/../../../../../H-x86_64-mingw32/nios2-elf/lib/mno-hw-mul\libsmallc.a(lib_a-memcpy.o)
                              obj/default/SDcard.o (memcpy)
d:/programy/quartusprimelite/nios2eds/bin/gnu/h-x86_64-mingw32/bin/../lib/gcc/nios2-elf/4.9.2/../../../../../H-x86_64-mingw32/nios2-elf/lib/mno-hw-mul\libsmallc.a(lib_a-memset.o)
                              obj/default/SDcard.o (memset)
../DataLogger_bsp/\libhal_bsp.a(alt_iic.o)
                              obj/default/main.o (alt_ic_isr_register)
../DataLogger_bsp/\libhal_bsp.a(alt_iic_isr_register.o)
                              ../DataLogger_bsp/\libhal_bsp.a(alt_iic.o) (alt_iic_isr_register)
../DataLogger_bsp/\libhal_bsp.a(alt_irq_entry.o)
                              ../DataLogger_bsp/\libhal_bsp.a(alt_iic_isr_register.o) (alt_irq_entry)
../DataLogger_bsp/\libhal_bsp.a(alt_irq_handler.o)
                              ../DataLogger_bsp/\libhal_bsp.a(alt_iic_isr_register.o) (alt_irq_handler)
../DataLogger_bsp/\libhal_bsp.a(alt_irq_vars.o)
                              ../DataLogger_bsp/\libhal_bsp.a(alt_iic.o) (alt_irq_active)
../DataLogger_bsp/\libhal_bsp.a(alt_load.o)
                              ../DataLogger_bsp//obj/HAL/src/crt0.o (alt_load)
../DataLogger_bsp/\libhal_bsp.a(alt_main.o)
                              ../DataLogger_bsp//obj/HAL/src/crt0.o (alt_main)
../DataLogger_bsp/\libhal_bsp.a(alt_printf.o)
                              obj/default/SDcard.o (alt_printf)
../DataLogger_bsp/\libhal_bsp.a(alt_putchar.o)
                              ../DataLogger_bsp/\libhal_bsp.a(alt_printf.o) (alt_putchar)
../DataLogger_bsp/\libhal_bsp.a(alt_sys_init.o)
                              ../DataLogger_bsp/\libhal_bsp.a(alt_main.o) (alt_irq_init)
../DataLogger_bsp/\libhal_bsp.a(altera_avalon_uart_write.o)
                              ../DataLogger_bsp/\libhal_bsp.a(alt_putchar.o) (altera_avalon_uart_write)
../DataLogger_bsp/\libhal_bsp.a(alt_dcache_flush_all.o)
                              ../DataLogger_bsp/\libhal_bsp.a(alt_load.o) (alt_dcache_flush_all)
../DataLogger_bsp/\libhal_bsp.a(alt_errno.o)
                              ../DataLogger_bsp/\libhal_bsp.a(altera_avalon_uart_write.o) (alt_errno)
../DataLogger_bsp/\libhal_bsp.a(alt_exception_entry.o)
                              ../DataLogger_bsp/\libhal_bsp.a(alt_irq_entry.o) (alt_exception)
../DataLogger_bsp/\libhal_bsp.a(alt_icache_flush_all.o)
                              ../DataLogger_bsp/\libhal_bsp.a(alt_load.o) (alt_icache_flush_all)
../DataLogger_bsp/\libhal_bsp.a(alt_instruction_exception_entry.o)
                              ../DataLogger_bsp/\libhal_bsp.a(alt_exception_entry.o) (alt_instruction_exception_entry)
../DataLogger_bsp/\libhal_bsp.a(altera_nios2_gen2_irq.o)
                              ../DataLogger_bsp/\libhal_bsp.a(alt_sys_init.o) (altera_nios2_gen2_irq_init)
d:/programy/quartusprimelite/nios2eds/bin/gnu/h-x86_64-mingw32/bin/../lib/gcc/nios2-elf/4.9.2/../../../../../H-x86_64-mingw32/nios2-elf/lib/mno-hw-mul\libsmallc.a(lib_a-int_errno.o)
                              ../DataLogger_bsp/\libhal_bsp.a(altera_avalon_uart_write.o) (errno)

Allocating common symbols
Common symbol       size              file

alt_irq             0x100             ../DataLogger_bsp/\libhal_bsp.a(alt_irq_handler.o)
errno               0x4               d:/programy/quartusprimelite/nios2eds/bin/gnu/h-x86_64-mingw32/bin/../lib/gcc/nios2-elf/4.9.2/../../../../../H-x86_64-mingw32/nios2-elf/lib/mno-hw-mul\libsmallc.a(lib_a-int_errno.o)
cnt                 0x1               obj/default/main.o

Memory Configuration

Name             Origin             Length             Attributes
reset            0x0000000000004000 0x0000000000000020
onchip_memory2_0 0x0000000000004020 0x00000000000027e0
*default*        0x0000000000000000 0xffffffffffffffff

Linker script and memory map

LOAD ../DataLogger_bsp//obj/HAL/src/crt0.o
LOAD obj/default/SDcard.o
LOAD obj/default/SPI.o
LOAD obj/default/dataLogger.o
LOAD obj/default/main.o
LOAD obj/default/uart.o
LOAD d:/programy/quartusprimelite/nios2eds/bin/gnu/h-x86_64-mingw32/bin/../lib/gcc/nios2-elf/4.9.2/../../../../../H-x86_64-mingw32/nios2-elf/lib/mno-hw-mul\libstdc++.a
LOAD d:/programy/quartusprimelite/nios2eds/bin/gnu/h-x86_64-mingw32/bin/../lib/gcc/nios2-elf/4.9.2/../../../../../H-x86_64-mingw32/nios2-elf/lib/mno-hw-mul\libm.a
LOAD d:/programy/quartusprimelite/nios2eds/bin/gnu/h-x86_64-mingw32/bin/../lib/gcc/nios2-elf/4.9.2/mno-hw-mul\libgcc.a
START GROUP
LOAD d:/programy/quartusprimelite/nios2eds/bin/gnu/h-x86_64-mingw32/bin/../lib/gcc/nios2-elf/4.9.2/../../../../../H-x86_64-mingw32/nios2-elf/lib/mno-hw-mul\libsmallc.a
LOAD d:/programy/quartusprimelite/nios2eds/bin/gnu/h-x86_64-mingw32/bin/../lib/gcc/nios2-elf/4.9.2/mno-hw-mul\libgcc.a
LOAD ../DataLogger_bsp/\libhal_bsp.a
LOAD d:/programy/quartusprimelite/nios2eds/bin/gnu/h-x86_64-mingw32/bin/../lib/gcc/nios2-elf/4.9.2/../../../../../H-x86_64-mingw32/nios2-elf/lib/mno-hw-mul\libm.a
END GROUP
LOAD d:/programy/quartusprimelite/nios2eds/bin/gnu/h-x86_64-mingw32/bin/../lib/gcc/nios2-elf/4.9.2/mno-hw-mul\libgcc.a
                0x0000000000004000                __alt_mem_onchip_memory2_0 = 0x4000

.entry          0x0000000000004000       0x20
 *(.entry)
 .entry         0x0000000000004000       0x20 ../DataLogger_bsp//obj/HAL/src/crt0.o
                0x0000000000004000                __reset
                0x000000000000400c                _exit

.exceptions     0x0000000000004020      0x164
                0x0000000000004020                PROVIDE (__ram_exceptions_start, ABSOLUTE (.))
                0x0000000000004020                . = ALIGN (0x20)
 *(.irq)
 *(.exceptions.entry.label)
 .exceptions.entry.label
                0x0000000000004020        0x0 ../DataLogger_bsp/\libhal_bsp.a(alt_irq_entry.o)
                0x0000000000004020                alt_irq_entry
 .exceptions.entry.label
                0x0000000000004020        0x0 ../DataLogger_bsp/\libhal_bsp.a(alt_exception_entry.o)
                0x0000000000004020                alt_exception
 *(.exceptions.entry.user)
 *(.exceptions.entry.ecc_fatal)
 *(.exceptions.entry)
 .exceptions.entry
                0x0000000000004020       0x54 ../DataLogger_bsp/\libhal_bsp.a(alt_exception_entry.o)
 *(.exceptions.irqtest.user)
 *(.exceptions.irqtest)
 .exceptions.irqtest
                0x0000000000004074       0x10 ../DataLogger_bsp/\libhal_bsp.a(alt_irq_entry.o)
 *(.exceptions.irqhandler.user)
 *(.exceptions.irqhandler)
 .exceptions.irqhandler
                0x0000000000004084        0x4 ../DataLogger_bsp/\libhal_bsp.a(alt_irq_entry.o)
 *(.exceptions.irqreturn.user)
 *(.exceptions.irqreturn)
 .exceptions.irqreturn
                0x0000000000004088        0x4 ../DataLogger_bsp/\libhal_bsp.a(alt_irq_entry.o)
 *(.exceptions.notirq.label)
 .exceptions.notirq.label
                0x000000000000408c        0x0 ../DataLogger_bsp/\libhal_bsp.a(alt_irq_entry.o)
 *(.exceptions.notirq.user)
 *(.exceptions.notirq)
 .exceptions.notirq
                0x000000000000408c        0x8 ../DataLogger_bsp/\libhal_bsp.a(alt_exception_entry.o)
 *(.exceptions.soft.user)
 *(.exceptions.soft)
 *(.exceptions.unknown.user)
 *(.exceptions.unknown)
 .exceptions.unknown
                0x0000000000004094       0x14 ../DataLogger_bsp/\libhal_bsp.a(alt_exception_entry.o)
 *(.exceptions.exit.label)
 .exceptions.exit.label
                0x00000000000040a8        0x0 ../DataLogger_bsp/\libhal_bsp.a(alt_irq_entry.o)
 .exceptions.exit.label
                0x00000000000040a8        0x0 ../DataLogger_bsp/\libhal_bsp.a(alt_exception_entry.o)
 *(.exceptions.exit.user)
 *(.exceptions.exit)
 .exceptions.exit
                0x00000000000040a8       0x54 ../DataLogger_bsp/\libhal_bsp.a(alt_exception_entry.o)
 *(.exceptions)
 .exceptions    0x00000000000040fc       0x64 ../DataLogger_bsp/\libhal_bsp.a(alt_irq_handler.o)
                0x00000000000040fc                alt_irq_handler
 .exceptions    0x0000000000004160       0x24 ../DataLogger_bsp/\libhal_bsp.a(alt_instruction_exception_entry.o)
                0x0000000000004160                alt_instruction_exception_entry
                0x0000000000004184                PROVIDE (__ram_exceptions_end, ABSOLUTE (.))
                0x0000000000004020                PROVIDE (__flash_exceptions_start, LOADADDR (.exceptions))

.text           0x0000000000004184     0x13a0
                0x0000000000004184                PROVIDE (stext, ABSOLUTE (.))
 *(.interp)
 *(.hash)
 *(.dynsym)
 *(.dynstr)
 *(.gnu.version)
 *(.gnu.version_d)
 *(.gnu.version_r)
 *(.rel.init)
 *(.rela.init)
 *(.rel.text .rel.text.* .rel.gnu.linkonce.t.*)
 *(.rela.text .rela.text.* .rela.gnu.linkonce.t.*)
 *(.rel.fini)
 *(.rela.fini)
 *(.rel.rodata .rel.rodata.* .rel.gnu.linkonce.r.*)
 *(.rela.rodata .rela.rodata.* .rela.gnu.linkonce.r.*)
 *(.rel.data .rel.data.* .rel.gnu.linkonce.d.*)
 *(.rela.data .rela.data.* .rela.gnu.linkonce.d.*)
 *(.rel.tdata .rel.tdata.* .rel.gnu.linkonce.td.*)
 *(.rela.tdata .rela.tdata.* .rela.gnu.linkonce.td.*)
 *(.rel.tbss .rel.tbss.* .rel.gnu.linkonce.tb.*)
 *(.rela.tbss .rela.tbss.* .rela.gnu.linkonce.tb.*)
 *(.rel.ctors)
 *(.rela.ctors)
 *(.rel.dtors)
 *(.rela.dtors)
 *(.rel.got)
 *(.rela.got)
 *(.rel.sdata .rel.sdata.* .rel.gnu.linkonce.s.*)
 *(.rela.sdata .rela.sdata.* .rela.gnu.linkonce.s.*)
 *(.rel.sbss .rel.sbss.* .rel.gnu.linkonce.sb.*)
 *(.rela.sbss .rela.sbss.* .rela.gnu.linkonce.sb.*)
 *(.rel.sdata2 .rel.sdata2.* .rel.gnu.linkonce.s2.*)
 *(.rela.sdata2 .rela.sdata2.* .rela.gnu.linkonce.s2.*)
 *(.rel.sbss2 .rel.sbss2.* .rel.gnu.linkonce.sb2.*)
 *(.rela.sbss2 .rela.sbss2.* .rela.gnu.linkonce.sb2.*)
 *(.rel.bss .rel.bss.* .rel.gnu.linkonce.b.*)
 *(.rela.bss .rela.bss.* .rela.gnu.linkonce.b.*)
 *(.rel.plt)
 *(.rela.plt)
 *(.rel.dyn)
 *(.init)
 *(.plt)
 *(.text .stub .text.* .gnu.linkonce.t.*)
 .text          0x0000000000004184       0x3c ../DataLogger_bsp//obj/HAL/src/crt0.o
                0x0000000000004184                _start
 .text          0x00000000000041c0      0x558 obj/default/SDcard.o
                0x00000000000041c0                delay
                0x00000000000041c4                sdCard_SendCommand
                0x000000000000428c                sdCard_Init
                0x0000000000004438                sdCard_ReadData
                0x0000000000004564                sdCard_SaveData
 .text          0x0000000000004718      0x188 obj/default/SPI.o
                0x0000000000004718                spi_SelectSlave
                0x0000000000004730                spi_DeselectSlave
                0x000000000000474c                spi_SendByte
                0x00000000000047b4                spi_SendData
                0x0000000000004858                spi_IsData
                0x0000000000004868                spi_ReadData
 .text          0x00000000000048a0      0x110 obj/default/dataLogger.o
                0x00000000000048a0                dataLogger_manage
                0x0000000000004984                dataLogger_init
 .text          0x00000000000049b0      0x104 obj/default/main.o
 .text.startup  0x0000000000004ab4      0x100 obj/default/main.o
                0x0000000000004ab4                main
 .text          0x0000000000004bb4      0x2e8 obj/default/uart.o
                0x0000000000004bb4                uart_isr
                0x0000000000004c88                uart_isData
                0x0000000000004c98                uart_putByte
                0x0000000000004cd0                uart_getByte
                0x0000000000004cf4                uart_commandManage
                0x0000000000004e34                uart_init
 .text          0x0000000000004e9c      0x12c d:/programy/quartusprimelite/nios2eds/bin/gnu/h-x86_64-mingw32/bin/../lib/gcc/nios2-elf/4.9.2/mno-hw-mul\libgcc.a(lib2-divmod.o)
                0x0000000000004f08                __divsi3
                0x0000000000004f5c                __modsi3
                0x0000000000004fb8                __udivsi3
                0x0000000000004fc0                __umodsi3
 .text          0x0000000000004fc8        0x0 d:/programy/quartusprimelite/nios2eds/bin/gnu/h-x86_64-mingw32/bin/../lib/gcc/nios2-elf/4.9.2/../../../../../H-x86_64-mingw32/nios2-elf/lib/mno-hw-mul\libsmallc.a(lib_a-memcpy.o)
 .text.memcpy   0x0000000000004fc8       0x28 d:/programy/quartusprimelite/nios2eds/bin/gnu/h-x86_64-mingw32/bin/../lib/gcc/nios2-elf/4.9.2/../../../../../H-x86_64-mingw32/nios2-elf/lib/mno-hw-mul\libsmallc.a(lib_a-memcpy.o)
                0x0000000000004fc8                memcpy
 .text          0x0000000000004ff0        0x0 d:/programy/quartusprimelite/nios2eds/bin/gnu/h-x86_64-mingw32/bin/../lib/gcc/nios2-elf/4.9.2/../../../../../H-x86_64-mingw32/nios2-elf/lib/mno-hw-mul\libsmallc.a(lib_a-memset.o)
 .text.memset   0x0000000000004ff0       0x20 d:/programy/quartusprimelite/nios2eds/bin/gnu/h-x86_64-mingw32/bin/../lib/gcc/nios2-elf/4.9.2/../../../../../H-x86_64-mingw32/nios2-elf/lib/mno-hw-mul\libsmallc.a(lib_a-memset.o)
                0x0000000000004ff0                memset
 .text          0x0000000000005010       0x9c ../DataLogger_bsp/\libhal_bsp.a(alt_iic.o)
                0x0000000000005010                alt_ic_isr_register
                0x0000000000005014                alt_ic_irq_enable
                0x0000000000005054                alt_ic_irq_disable
                0x0000000000005094                alt_ic_irq_enabled
 .text          0x00000000000050ac       0x68 ../DataLogger_bsp/\libhal_bsp.a(alt_iic_isr_register.o)
                0x00000000000050ac                alt_iic_isr_register
 .text          0x0000000000005114        0x0 ../DataLogger_bsp/\libhal_bsp.a(alt_irq_entry.o)
 .text          0x0000000000005114        0x0 ../DataLogger_bsp/\libhal_bsp.a(alt_irq_handler.o)
 .text          0x0000000000005114        0x0 ../DataLogger_bsp/\libhal_bsp.a(alt_irq_vars.o)
 .text          0x0000000000005114       0xf8 ../DataLogger_bsp/\libhal_bsp.a(alt_load.o)
                0x0000000000005114                alt_load
 .text          0x000000000000520c       0x2c ../DataLogger_bsp/\libhal_bsp.a(alt_main.o)
                0x000000000000520c                alt_main
 .text          0x0000000000005238      0x16c ../DataLogger_bsp/\libhal_bsp.a(alt_printf.o)
                0x0000000000005238                alt_printf
 .text          0x00000000000053a4       0x48 ../DataLogger_bsp/\libhal_bsp.a(alt_putchar.o)
                0x00000000000053a4                alt_putchar
 .text          0x00000000000053ec       0x24 ../DataLogger_bsp/\libhal_bsp.a(alt_sys_init.o)
                0x00000000000053ec                alt_irq_init
                0x000000000000540c                alt_sys_init
 .text          0x0000000000005410       0x90 ../DataLogger_bsp/\libhal_bsp.a(altera_avalon_uart_write.o)
                0x0000000000005410                altera_avalon_uart_write
 .text          0x00000000000054a0        0x4 ../DataLogger_bsp/\libhal_bsp.a(alt_dcache_flush_all.o)
                0x00000000000054a0                alt_dcache_flush_all
 .text          0x00000000000054a4        0x0 ../DataLogger_bsp/\libhal_bsp.a(alt_errno.o)
 .text          0x00000000000054a4        0x0 ../DataLogger_bsp/\libhal_bsp.a(alt_exception_entry.o)
 .text          0x00000000000054a4        0x4 ../DataLogger_bsp/\libhal_bsp.a(alt_icache_flush_all.o)
                0x00000000000054a4                alt_icache_flush_all
 .text          0x00000000000054a8       0x74 ../DataLogger_bsp/\libhal_bsp.a(alt_instruction_exception_entry.o)
                0x00000000000054a8                alt_exception_cause_generated_bad_addr
 .text          0x000000000000551c        0x8 ../DataLogger_bsp/\libhal_bsp.a(altera_nios2_gen2_irq.o)
                0x000000000000551c                altera_nios2_gen2_irq_init
 .text          0x0000000000005524        0x0 d:/programy/quartusprimelite/nios2eds/bin/gnu/h-x86_64-mingw32/bin/../lib/gcc/nios2-elf/4.9.2/../../../../../H-x86_64-mingw32/nios2-elf/lib/mno-hw-mul\libsmallc.a(lib_a-int_errno.o)
 *(.gnu.warning.*)
 *(.fini)
                0x0000000000005524                PROVIDE (__etext, ABSOLUTE (.))
                0x0000000000005524                PROVIDE (_etext, ABSOLUTE (.))
                0x0000000000005524                PROVIDE (etext, ABSOLUTE (.))
 *(.eh_frame_hdr)
                0x0000000000005524                . = ALIGN (0x4)
                0x0000000000005524                PROVIDE (__preinit_array_start, ABSOLUTE (.))
 *(.preinit_array)
                0x0000000000005524                PROVIDE (__preinit_array_end, ABSOLUTE (.))
                0x0000000000005524                PROVIDE (__init_array_start, ABSOLUTE (.))
 *(.init_array)
                0x0000000000005524                PROVIDE (__init_array_end, ABSOLUTE (.))
                0x0000000000005524                PROVIDE (__fini_array_start, ABSOLUTE (.))
 *(.fini_array)
                0x0000000000005524                PROVIDE (__fini_array_end, ABSOLUTE (.))
 *(.eh_frame)
 *(.gcc_except_table .gcc_except_table.*)
 *(.dynamic)
                0x0000000000005524                PROVIDE (__CTOR_LIST__, ABSOLUTE (.))
 *(.ctors)
 *(SORT(.ctors.*))
                0x0000000000005524                PROVIDE (__CTOR_END__, ABSOLUTE (.))
                0x0000000000005524                PROVIDE (__DTOR_LIST__, ABSOLUTE (.))
 *(.dtors)
 *(SORT(.dtors.*))
                0x0000000000005524                PROVIDE (__DTOR_END__, ABSOLUTE (.))
 *(.jcr)
                0x0000000000005524                . = ALIGN (0x4)

.rodata         0x0000000000005524      0x320
                0x0000000000005524                PROVIDE (__ram_rodata_start, ABSOLUTE (.))
                0x0000000000005524                . = ALIGN (0x4)
 *(.rodata .rodata.* .gnu.linkonce.r.*)
 .rodata        0x0000000000005524       0x29 obj/default/SDcard.o
 *fill*         0x000000000000554d        0x3 
 .rodata.str1.4
                0x0000000000005550       0xec obj/default/SDcard.o
 .rodata.str1.4
                0x000000000000563c       0x12 obj/default/dataLogger.o
                                         0x14 (size before relaxing)
 *fill*         0x000000000000564e        0x2 
 .rodata.str1.4
                0x0000000000005650       0xf4 obj/default/main.o
 .rodata.str1.4
                0x0000000000005744      0x100 obj/default/uart.o
 *(.rodata1)
                0x0000000000005844                . = ALIGN (0x4)
                0x0000000000005844                PROVIDE (__ram_rodata_end, ABSOLUTE (.))
                0x0000000000005524                PROVIDE (__flash_rodata_start, LOADADDR (.rodata))

.rwdata         0x0000000000005844        0xc load address 0x0000000000005850
                0x0000000000005844                PROVIDE (__ram_rwdata_start, ABSOLUTE (.))
                0x0000000000005844                . = ALIGN (0x4)
 *(.got.plt)
 *(.got)
 *(.data1)
 *(.data .data.* .gnu.linkonce.d.*)
 .data          0x0000000000005844        0x0 ../DataLogger_bsp//obj/HAL/src/crt0.o
 .data          0x0000000000005844        0x0 obj/default/SDcard.o
 .data          0x0000000000005844        0x0 obj/default/SPI.o
 .data          0x0000000000005844        0x0 obj/default/dataLogger.o
 .data          0x0000000000005844        0x0 obj/default/main.o
 .data          0x0000000000005844        0x0 obj/default/uart.o
 .data          0x0000000000005844        0x0 d:/programy/quartusprimelite/nios2eds/bin/gnu/h-x86_64-mingw32/bin/../lib/gcc/nios2-elf/4.9.2/mno-hw-mul\libgcc.a(lib2-divmod.o)
 .data          0x0000000000005844        0x0 d:/programy/quartusprimelite/nios2eds/bin/gnu/h-x86_64-mingw32/bin/../lib/gcc/nios2-elf/4.9.2/../../../../../H-x86_64-mingw32/nios2-elf/lib/mno-hw-mul\libsmallc.a(lib_a-memcpy.o)
 .data          0x0000000000005844        0x0 d:/programy/quartusprimelite/nios2eds/bin/gnu/h-x86_64-mingw32/bin/../lib/gcc/nios2-elf/4.9.2/../../../../../H-x86_64-mingw32/nios2-elf/lib/mno-hw-mul\libsmallc.a(lib_a-memset.o)
 .data          0x0000000000005844        0x0 ../DataLogger_bsp/\libhal_bsp.a(alt_iic.o)
 .data          0x0000000000005844        0x0 ../DataLogger_bsp/\libhal_bsp.a(alt_iic_isr_register.o)
 .data          0x0000000000005844        0x0 ../DataLogger_bsp/\libhal_bsp.a(alt_irq_entry.o)
 .data          0x0000000000005844        0x0 ../DataLogger_bsp/\libhal_bsp.a(alt_irq_handler.o)
 .data          0x0000000000005844        0x0 ../DataLogger_bsp/\libhal_bsp.a(alt_irq_vars.o)
 .data          0x0000000000005844        0x0 ../DataLogger_bsp/\libhal_bsp.a(alt_load.o)
 .data          0x0000000000005844        0x0 ../DataLogger_bsp/\libhal_bsp.a(alt_main.o)
 .data          0x0000000000005844        0x0 ../DataLogger_bsp/\libhal_bsp.a(alt_printf.o)
 .data          0x0000000000005844        0x0 ../DataLogger_bsp/\libhal_bsp.a(alt_putchar.o)
 .data          0x0000000000005844        0x0 ../DataLogger_bsp/\libhal_bsp.a(alt_sys_init.o)
 .data          0x0000000000005844        0x0 ../DataLogger_bsp/\libhal_bsp.a(altera_avalon_uart_write.o)
 .data          0x0000000000005844        0x0 ../DataLogger_bsp/\libhal_bsp.a(alt_dcache_flush_all.o)
 .data          0x0000000000005844        0x0 ../DataLogger_bsp/\libhal_bsp.a(alt_errno.o)
 .data          0x0000000000005844        0x0 ../DataLogger_bsp/\libhal_bsp.a(alt_exception_entry.o)
 .data          0x0000000000005844        0x0 ../DataLogger_bsp/\libhal_bsp.a(alt_icache_flush_all.o)
 .data          0x0000000000005844        0x0 ../DataLogger_bsp/\libhal_bsp.a(alt_instruction_exception_entry.o)
 .data          0x0000000000005844        0x0 ../DataLogger_bsp/\libhal_bsp.a(altera_nios2_gen2_irq.o)
 .data          0x0000000000005844        0x0 d:/programy/quartusprimelite/nios2eds/bin/gnu/h-x86_64-mingw32/bin/../lib/gcc/nios2-elf/4.9.2/../../../../../H-x86_64-mingw32/nios2-elf/lib/mno-hw-mul\libsmallc.a(lib_a-int_errno.o)
                0x000000000000d844                _gp = ABSOLUTE ((. + 0x8000))
                0x000000000000d844                PROVIDE (gp, _gp)
 *(.rwdata .rwdata.*)
 *(.sdata .sdata.* .gnu.linkonce.s.*)
 .sdata         0x0000000000005844        0x4 ../DataLogger_bsp/\libhal_bsp.a(alt_irq_vars.o)
                0x0000000000005844                alt_priority_mask
 .sdata         0x0000000000005848        0x4 ../DataLogger_bsp/\libhal_bsp.a(alt_sys_init.o)
                0x0000000000005848                uart_0
 .sdata         0x000000000000584c        0x4 ../DataLogger_bsp/\libhal_bsp.a(alt_errno.o)
                0x000000000000584c                alt_errno
 *(.sdata2 .sdata2.* .gnu.linkonce.s2.*)
                0x0000000000005850                . = ALIGN (0x4)
                0x0000000000005850                _edata = ABSOLUTE (.)
                0x0000000000005850                PROVIDE (edata, ABSOLUTE (.))
                0x0000000000005850                PROVIDE (__ram_rwdata_end, ABSOLUTE (.))
                0x0000000000005850                PROVIDE (__flash_rwdata_start, LOADADDR (.rwdata))

.bss            0x000000000000585c      0x734
                0x000000000000585c                __bss_start = ABSOLUTE (.)
                0x000000000000585c                PROVIDE (__sbss_start, ABSOLUTE (.))
                0x000000000000585c                PROVIDE (___sbss_start, ABSOLUTE (.))
 *(.dynsbss)
 *(.sbss .sbss.* .gnu.linkonce.sb.*)
 .sbss          0x000000000000585c        0x1 obj/default/main.o
                0x000000000000585c                cnt
 .sbss          0x000000000000585d        0x4 obj/default/uart.o
 *fill*         0x0000000000005861        0x3 
 .sbss          0x0000000000005864        0x4 ../DataLogger_bsp/\libhal_bsp.a(alt_irq_vars.o)
                0x0000000000005864                alt_irq_active
 .sbss          0x0000000000005868        0xc ../DataLogger_bsp/\libhal_bsp.a(alt_main.o)
                0x0000000000005868                alt_envp
                0x000000000000586c                alt_argv
                0x0000000000005870                alt_argc
 .sbss          0x0000000000005874        0x4 ../DataLogger_bsp/\libhal_bsp.a(alt_instruction_exception_entry.o)
                0x0000000000005874                alt_instruction_exception_handler
 .sbss          0x0000000000005878        0x4 d:/programy/quartusprimelite/nios2eds/bin/gnu/h-x86_64-mingw32/bin/../lib/gcc/nios2-elf/4.9.2/../../../../../H-x86_64-mingw32/nios2-elf/lib/mno-hw-mul\libsmallc.a(lib_a-int_errno.o)
                0x0000000000005878                errno
 *(.sbss2 .sbss2.* .gnu.linkonce.sb2.*)
 *(.scommon)
                0x000000000000587c                PROVIDE (__sbss_end, ABSOLUTE (.))
                0x000000000000587c                PROVIDE (___sbss_end, ABSOLUTE (.))
 *(.dynbss)
 *(.bss .bss.* .gnu.linkonce.b.*)
 .bss           0x000000000000587c        0x0 ../DataLogger_bsp//obj/HAL/src/crt0.o
 .bss           0x000000000000587c        0x0 obj/default/SDcard.o
 .bss           0x000000000000587c        0x0 obj/default/SPI.o
 .bss           0x000000000000587c        0x0 obj/default/dataLogger.o
 .bss           0x000000000000587c      0x414 obj/default/main.o
 .bss           0x0000000000005c90      0x200 obj/default/uart.o
 .bss           0x0000000000005e90        0x0 d:/programy/quartusprimelite/nios2eds/bin/gnu/h-x86_64-mingw32/bin/../lib/gcc/nios2-elf/4.9.2/mno-hw-mul\libgcc.a(lib2-divmod.o)
 .bss           0x0000000000005e90        0x0 d:/programy/quartusprimelite/nios2eds/bin/gnu/h-x86_64-mingw32/bin/../lib/gcc/nios2-elf/4.9.2/../../../../../H-x86_64-mingw32/nios2-elf/lib/mno-hw-mul\libsmallc.a(lib_a-memcpy.o)
 .bss           0x0000000000005e90        0x0 d:/programy/quartusprimelite/nios2eds/bin/gnu/h-x86_64-mingw32/bin/../lib/gcc/nios2-elf/4.9.2/../../../../../H-x86_64-mingw32/nios2-elf/lib/mno-hw-mul\libsmallc.a(lib_a-memset.o)
 .bss           0x0000000000005e90        0x0 ../DataLogger_bsp/\libhal_bsp.a(alt_iic.o)
 .bss           0x0000000000005e90        0x0 ../DataLogger_bsp/\libhal_bsp.a(alt_iic_isr_register.o)
 .bss           0x0000000000005e90        0x0 ../DataLogger_bsp/\libhal_bsp.a(alt_irq_entry.o)
 .bss           0x0000000000005e90        0x0 ../DataLogger_bsp/\libhal_bsp.a(alt_irq_handler.o)
 .bss           0x0000000000005e90        0x0 ../DataLogger_bsp/\libhal_bsp.a(alt_irq_vars.o)
 .bss           0x0000000000005e90        0x0 ../DataLogger_bsp/\libhal_bsp.a(alt_load.o)
 .bss           0x0000000000005e90        0x0 ../DataLogger_bsp/\libhal_bsp.a(alt_main.o)
 .bss           0x0000000000005e90        0x0 ../DataLogger_bsp/\libhal_bsp.a(alt_printf.o)
 .bss           0x0000000000005e90        0x0 ../DataLogger_bsp/\libhal_bsp.a(alt_putchar.o)
 .bss           0x0000000000005e90        0x0 ../DataLogger_bsp/\libhal_bsp.a(alt_sys_init.o)
 .bss           0x0000000000005e90        0x0 ../DataLogger_bsp/\libhal_bsp.a(altera_avalon_uart_write.o)
 .bss           0x0000000000005e90        0x0 ../DataLogger_bsp/\libhal_bsp.a(alt_dcache_flush_all.o)
 .bss           0x0000000000005e90        0x0 ../DataLogger_bsp/\libhal_bsp.a(alt_errno.o)
 .bss           0x0000000000005e90        0x0 ../DataLogger_bsp/\libhal_bsp.a(alt_exception_entry.o)
 .bss           0x0000000000005e90        0x0 ../DataLogger_bsp/\libhal_bsp.a(alt_icache_flush_all.o)
 .bss           0x0000000000005e90        0x0 ../DataLogger_bsp/\libhal_bsp.a(alt_instruction_exception_entry.o)
 .bss           0x0000000000005e90        0x0 ../DataLogger_bsp/\libhal_bsp.a(altera_nios2_gen2_irq.o)
 .bss           0x0000000000005e90        0x0 d:/programy/quartusprimelite/nios2eds/bin/gnu/h-x86_64-mingw32/bin/../lib/gcc/nios2-elf/4.9.2/../../../../../H-x86_64-mingw32/nios2-elf/lib/mno-hw-mul\libsmallc.a(lib_a-int_errno.o)
 *(COMMON)
 COMMON         0x0000000000005e90      0x100 ../DataLogger_bsp/\libhal_bsp.a(alt_irq_handler.o)
                0x0000000000005e90                alt_irq
                0x0000000000005f90                . = ALIGN (0x4)
                0x0000000000005f90                __bss_end = ABSOLUTE (.)

.onchip_memory2_0
                0x0000000000005f90        0x0
                0x0000000000005f90                PROVIDE (_alt_partition_onchip_memory2_0_start, ABSOLUTE (.))
 *(.onchip_memory2_0 .onchip_memory2_0. onchip_memory2_0.*)
                0x0000000000005f90                . = ALIGN (0x4)
                0x0000000000005f90                PROVIDE (_alt_partition_onchip_memory2_0_end, ABSOLUTE (.))
                0x0000000000005f90                _end = ABSOLUTE (.)
                0x0000000000005f90                end = ABSOLUTE (.)
                0x0000000000005f90                __alt_stack_base = ABSOLUTE (.)
                0x0000000000005f90                PROVIDE (_alt_partition_onchip_memory2_0_load_addr, LOADADDR (.onchip_memory2_0))

.stab
 *(.stab)

.stabstr
 *(.stabstr)

.stab.excl
 *(.stab.excl)

.stab.exclstr
 *(.stab.exclstr)

.stab.index
 *(.stab.index)

.stab.indexstr
 *(.stab.indexstr)

.comment        0x0000000000000000       0x23
 *(.comment)
 .comment       0x0000000000000000       0x23 obj/default/SDcard.o
                                         0x24 (size before relaxing)
 .comment       0x0000000000000000       0x24 obj/default/SPI.o
 .comment       0x0000000000000000       0x24 obj/default/dataLogger.o
 .comment       0x0000000000000000       0x24 obj/default/main.o
 .comment       0x0000000000000000       0x24 obj/default/uart.o
 .comment       0x0000000000000000       0x24 d:/programy/quartusprimelite/nios2eds/bin/gnu/h-x86_64-mingw32/bin/../lib/gcc/nios2-elf/4.9.2/mno-hw-mul\libgcc.a(lib2-divmod.o)
 .comment       0x0000000000000000       0x24 d:/programy/quartusprimelite/nios2eds/bin/gnu/h-x86_64-mingw32/bin/../lib/gcc/nios2-elf/4.9.2/../../../../../H-x86_64-mingw32/nios2-elf/lib/mno-hw-mul\libsmallc.a(lib_a-memcpy.o)
 .comment       0x0000000000000000       0x24 d:/programy/quartusprimelite/nios2eds/bin/gnu/h-x86_64-mingw32/bin/../lib/gcc/nios2-elf/4.9.2/../../../../../H-x86_64-mingw32/nios2-elf/lib/mno-hw-mul\libsmallc.a(lib_a-memset.o)
 .comment       0x0000000000000000       0x24 ../DataLogger_bsp/\libhal_bsp.a(alt_iic.o)
 .comment       0x0000000000000000       0x24 ../DataLogger_bsp/\libhal_bsp.a(alt_iic_isr_register.o)
 .comment       0x0000000000000000       0x24 ../DataLogger_bsp/\libhal_bsp.a(alt_irq_handler.o)
 .comment       0x0000000000000000       0x24 ../DataLogger_bsp/\libhal_bsp.a(alt_irq_vars.o)
 .comment       0x0000000000000000       0x24 ../DataLogger_bsp/\libhal_bsp.a(alt_load.o)
 .comment       0x0000000000000000       0x24 ../DataLogger_bsp/\libhal_bsp.a(alt_main.o)
 .comment       0x0000000000000000       0x24 ../DataLogger_bsp/\libhal_bsp.a(alt_printf.o)
 .comment       0x0000000000000000       0x24 ../DataLogger_bsp/\libhal_bsp.a(alt_putchar.o)
 .comment       0x0000000000000000       0x24 ../DataLogger_bsp/\libhal_bsp.a(alt_sys_init.o)
 .comment       0x0000000000000000       0x24 ../DataLogger_bsp/\libhal_bsp.a(altera_avalon_uart_write.o)
 .comment       0x0000000000000000       0x24 ../DataLogger_bsp/\libhal_bsp.a(alt_dcache_flush_all.o)
 .comment       0x0000000000000000       0x24 ../DataLogger_bsp/\libhal_bsp.a(alt_errno.o)
 .comment       0x0000000000000000       0x24 ../DataLogger_bsp/\libhal_bsp.a(alt_icache_flush_all.o)
 .comment       0x0000000000000000       0x24 ../DataLogger_bsp/\libhal_bsp.a(alt_instruction_exception_entry.o)
 .comment       0x0000000000000000       0x24 ../DataLogger_bsp/\libhal_bsp.a(altera_nios2_gen2_irq.o)
 .comment       0x0000000000000000       0x24 d:/programy/quartusprimelite/nios2eds/bin/gnu/h-x86_64-mingw32/bin/../lib/gcc/nios2-elf/4.9.2/../../../../../H-x86_64-mingw32/nios2-elf/lib/mno-hw-mul\libsmallc.a(lib_a-int_errno.o)

.debug
 *(.debug)

.line
 *(.line)

.debug_srcinfo
 *(.debug_srcinfo)

.debug_sfnames
 *(.debug_sfnames)

.debug_aranges  0x0000000000000000      0x388
 *(.debug_aranges)
 .debug_aranges
                0x0000000000000000       0x28 ../DataLogger_bsp//obj/HAL/src/crt0.o
 .debug_aranges
                0x0000000000000028       0x20 obj/default/SDcard.o
 .debug_aranges
                0x0000000000000048       0x20 obj/default/SPI.o
 .debug_aranges
                0x0000000000000068       0x20 obj/default/dataLogger.o
 .debug_aranges
                0x0000000000000088       0x28 obj/default/main.o
 .debug_aranges
                0x00000000000000b0       0x20 obj/default/uart.o
 .debug_aranges
                0x00000000000000d0       0x20 d:/programy/quartusprimelite/nios2eds/bin/gnu/h-x86_64-mingw32/bin/../lib/gcc/nios2-elf/4.9.2/mno-hw-mul\libgcc.a(lib2-divmod.o)
 .debug_aranges
                0x00000000000000f0       0x20 d:/programy/quartusprimelite/nios2eds/bin/gnu/h-x86_64-mingw32/bin/../lib/gcc/nios2-elf/4.9.2/../../../../../H-x86_64-mingw32/nios2-elf/lib/mno-hw-mul\libsmallc.a(lib_a-memcpy.o)
 .debug_aranges
                0x0000000000000110       0x20 d:/programy/quartusprimelite/nios2eds/bin/gnu/h-x86_64-mingw32/bin/../lib/gcc/nios2-elf/4.9.2/../../../../../H-x86_64-mingw32/nios2-elf/lib/mno-hw-mul\libsmallc.a(lib_a-memset.o)
 .debug_aranges
                0x0000000000000130       0x20 ../DataLogger_bsp/\libhal_bsp.a(alt_iic.o)
 .debug_aranges
                0x0000000000000150       0x20 ../DataLogger_bsp/\libhal_bsp.a(alt_iic_isr_register.o)
 .debug_aranges
                0x0000000000000170       0x30 ../DataLogger_bsp/\libhal_bsp.a(alt_irq_entry.o)
 .debug_aranges
                0x00000000000001a0       0x20 ../DataLogger_bsp/\libhal_bsp.a(alt_irq_handler.o)
 .debug_aranges
                0x00000000000001c0       0x18 ../DataLogger_bsp/\libhal_bsp.a(alt_irq_vars.o)
 .debug_aranges
                0x00000000000001d8       0x20 ../DataLogger_bsp/\libhal_bsp.a(alt_load.o)
 .debug_aranges
                0x00000000000001f8       0x20 ../DataLogger_bsp/\libhal_bsp.a(alt_main.o)
 .debug_aranges
                0x0000000000000218       0x20 ../DataLogger_bsp/\libhal_bsp.a(alt_printf.o)
 .debug_aranges
                0x0000000000000238       0x20 ../DataLogger_bsp/\libhal_bsp.a(alt_putchar.o)
 .debug_aranges
                0x0000000000000258       0x20 ../DataLogger_bsp/\libhal_bsp.a(alt_sys_init.o)
 .debug_aranges
                0x0000000000000278       0x20 ../DataLogger_bsp/\libhal_bsp.a(altera_avalon_uart_write.o)
 .debug_aranges
                0x0000000000000298       0x20 ../DataLogger_bsp/\libhal_bsp.a(alt_dcache_flush_all.o)
 .debug_aranges
                0x00000000000002b8       0x18 ../DataLogger_bsp/\libhal_bsp.a(alt_errno.o)
 .debug_aranges
                0x00000000000002d0       0x38 ../DataLogger_bsp/\libhal_bsp.a(alt_exception_entry.o)
 .debug_aranges
                0x0000000000000308       0x20 ../DataLogger_bsp/\libhal_bsp.a(alt_icache_flush_all.o)
 .debug_aranges
                0x0000000000000328       0x28 ../DataLogger_bsp/\libhal_bsp.a(alt_instruction_exception_entry.o)
 .debug_aranges
                0x0000000000000350       0x20 ../DataLogger_bsp/\libhal_bsp.a(altera_nios2_gen2_irq.o)
 .debug_aranges
                0x0000000000000370       0x18 d:/programy/quartusprimelite/nios2eds/bin/gnu/h-x86_64-mingw32/bin/../lib/gcc/nios2-elf/4.9.2/../../../../../H-x86_64-mingw32/nios2-elf/lib/mno-hw-mul\libsmallc.a(lib_a-int_errno.o)

.debug_pubnames
 *(.debug_pubnames)

.debug_info     0x0000000000000000     0x322e
 *(.debug_info .gnu.linkonce.wi.*)
 .debug_info    0x0000000000000000       0x7e ../DataLogger_bsp//obj/HAL/src/crt0.o
 .debug_info    0x000000000000007e      0x903 obj/default/SDcard.o
 .debug_info    0x0000000000000981      0x292 obj/default/SPI.o
 .debug_info    0x0000000000000c13      0x226 obj/default/dataLogger.o
 .debug_info    0x0000000000000e39      0x470 obj/default/main.o
 .debug_info    0x00000000000012a9      0x4c8 obj/default/uart.o
 .debug_info    0x0000000000001771      0x234 d:/programy/quartusprimelite/nios2eds/bin/gnu/h-x86_64-mingw32/bin/../lib/gcc/nios2-elf/4.9.2/mno-hw-mul\libgcc.a(lib2-divmod.o)
 .debug_info    0x00000000000019a5      0x106 d:/programy/quartusprimelite/nios2eds/bin/gnu/h-x86_64-mingw32/bin/../lib/gcc/nios2-elf/4.9.2/../../../../../H-x86_64-mingw32/nios2-elf/lib/mno-hw-mul\libsmallc.a(lib_a-memcpy.o)
 .debug_info    0x0000000000001aab       0xd5 d:/programy/quartusprimelite/nios2eds/bin/gnu/h-x86_64-mingw32/bin/../lib/gcc/nios2-elf/4.9.2/../../../../../H-x86_64-mingw32/nios2-elf/lib/mno-hw-mul\libsmallc.a(lib_a-memset.o)
 .debug_info    0x0000000000001b80      0x39d ../DataLogger_bsp/\libhal_bsp.a(alt_iic.o)
 .debug_info    0x0000000000001f1d      0x249 ../DataLogger_bsp/\libhal_bsp.a(alt_iic_isr_register.o)
 .debug_info    0x0000000000002166       0x87 ../DataLogger_bsp/\libhal_bsp.a(alt_irq_entry.o)
 .debug_info    0x00000000000021ed      0x185 ../DataLogger_bsp/\libhal_bsp.a(alt_irq_handler.o)
 .debug_info    0x0000000000002372       0x88 ../DataLogger_bsp/\libhal_bsp.a(alt_irq_vars.o)
 .debug_info    0x00000000000023fa      0x1ba ../DataLogger_bsp/\libhal_bsp.a(alt_load.o)
 .debug_info    0x00000000000025b4      0x17b ../DataLogger_bsp/\libhal_bsp.a(alt_main.o)
 .debug_info    0x000000000000272f      0x153 ../DataLogger_bsp/\libhal_bsp.a(alt_printf.o)
 .debug_info    0x0000000000002882      0x138 ../DataLogger_bsp/\libhal_bsp.a(alt_putchar.o)
 .debug_info    0x00000000000029ba      0x177 ../DataLogger_bsp/\libhal_bsp.a(alt_sys_init.o)
 .debug_info    0x0000000000002b31      0x1bf ../DataLogger_bsp/\libhal_bsp.a(altera_avalon_uart_write.o)
 .debug_info    0x0000000000002cf0       0x8b ../DataLogger_bsp/\libhal_bsp.a(alt_dcache_flush_all.o)
 .debug_info    0x0000000000002d7b       0x9f ../DataLogger_bsp/\libhal_bsp.a(alt_errno.o)
 .debug_info    0x0000000000002e1a       0x8d ../DataLogger_bsp/\libhal_bsp.a(alt_exception_entry.o)
 .debug_info    0x0000000000002ea7       0x8b ../DataLogger_bsp/\libhal_bsp.a(alt_icache_flush_all.o)
 .debug_info    0x0000000000002f32      0x1ee ../DataLogger_bsp/\libhal_bsp.a(alt_instruction_exception_entry.o)
 .debug_info    0x0000000000003120       0x8b ../DataLogger_bsp/\libhal_bsp.a(altera_nios2_gen2_irq.o)
 .debug_info    0x00000000000031ab       0x83 d:/programy/quartusprimelite/nios2eds/bin/gnu/h-x86_64-mingw32/bin/../lib/gcc/nios2-elf/4.9.2/../../../../../H-x86_64-mingw32/nios2-elf/lib/mno-hw-mul\libsmallc.a(lib_a-int_errno.o)

.debug_abbrev   0x0000000000000000     0x166f
 *(.debug_abbrev)
 .debug_abbrev  0x0000000000000000       0x12 ../DataLogger_bsp//obj/HAL/src/crt0.o
 .debug_abbrev  0x0000000000000012      0x176 obj/default/SDcard.o
 .debug_abbrev  0x0000000000000188      0x11f obj/default/SPI.o
 .debug_abbrev  0x00000000000002a7      0x151 obj/default/dataLogger.o
 .debug_abbrev  0x00000000000003f8      0x1df obj/default/main.o
 .debug_abbrev  0x00000000000005d7      0x218 obj/default/uart.o
 .debug_abbrev  0x00000000000007ef       0xd9 d:/programy/quartusprimelite/nios2eds/bin/gnu/h-x86_64-mingw32/bin/../lib/gcc/nios2-elf/4.9.2/mno-hw-mul\libgcc.a(lib2-divmod.o)
 .debug_abbrev  0x00000000000008c8       0xa4 d:/programy/quartusprimelite/nios2eds/bin/gnu/h-x86_64-mingw32/bin/../lib/gcc/nios2-elf/4.9.2/../../../../../H-x86_64-mingw32/nios2-elf/lib/mno-hw-mul\libsmallc.a(lib_a-memcpy.o)
 .debug_abbrev  0x000000000000096c       0x8e d:/programy/quartusprimelite/nios2eds/bin/gnu/h-x86_64-mingw32/bin/../lib/gcc/nios2-elf/4.9.2/../../../../../H-x86_64-mingw32/nios2-elf/lib/mno-hw-mul\libsmallc.a(lib_a-memset.o)
 .debug_abbrev  0x00000000000009fa      0x17d ../DataLogger_bsp/\libhal_bsp.a(alt_iic.o)
 .debug_abbrev  0x0000000000000b77      0x1a6 ../DataLogger_bsp/\libhal_bsp.a(alt_iic_isr_register.o)
 .debug_abbrev  0x0000000000000d1d       0x12 ../DataLogger_bsp/\libhal_bsp.a(alt_irq_entry.o)
 .debug_abbrev  0x0000000000000d2f      0x122 ../DataLogger_bsp/\libhal_bsp.a(alt_irq_handler.o)
 .debug_abbrev  0x0000000000000e51       0x40 ../DataLogger_bsp/\libhal_bsp.a(alt_irq_vars.o)
 .debug_abbrev  0x0000000000000e91       0xd8 ../DataLogger_bsp/\libhal_bsp.a(alt_load.o)
 .debug_abbrev  0x0000000000000f69      0x120 ../DataLogger_bsp/\libhal_bsp.a(alt_main.o)
 .debug_abbrev  0x0000000000001089       0xde ../DataLogger_bsp/\libhal_bsp.a(alt_printf.o)
 .debug_abbrev  0x0000000000001167       0xd4 ../DataLogger_bsp/\libhal_bsp.a(alt_putchar.o)
 .debug_abbrev  0x000000000000123b      0x107 ../DataLogger_bsp/\libhal_bsp.a(alt_sys_init.o)
 .debug_abbrev  0x0000000000001342       0xe8 ../DataLogger_bsp/\libhal_bsp.a(altera_avalon_uart_write.o)
 .debug_abbrev  0x000000000000142a       0x42 ../DataLogger_bsp/\libhal_bsp.a(alt_dcache_flush_all.o)
 .debug_abbrev  0x000000000000146c       0x5a ../DataLogger_bsp/\libhal_bsp.a(alt_errno.o)
 .debug_abbrev  0x00000000000014c6       0x12 ../DataLogger_bsp/\libhal_bsp.a(alt_exception_entry.o)
 .debug_abbrev  0x00000000000014d8       0x42 ../DataLogger_bsp/\libhal_bsp.a(alt_icache_flush_all.o)
 .debug_abbrev  0x000000000000151a       0xdc ../DataLogger_bsp/\libhal_bsp.a(alt_instruction_exception_entry.o)
 .debug_abbrev  0x00000000000015f6       0x42 ../DataLogger_bsp/\libhal_bsp.a(altera_nios2_gen2_irq.o)
 .debug_abbrev  0x0000000000001638       0x37 d:/programy/quartusprimelite/nios2eds/bin/gnu/h-x86_64-mingw32/bin/../lib/gcc/nios2-elf/4.9.2/../../../../../H-x86_64-mingw32/nios2-elf/lib/mno-hw-mul\libsmallc.a(lib_a-int_errno.o)

.debug_line     0x0000000000000000     0x143b
 *(.debug_line)
 .debug_line    0x0000000000000000       0x66 ../DataLogger_bsp//obj/HAL/src/crt0.o
 .debug_line    0x0000000000000066      0x180 obj/default/SDcard.o
 .debug_line    0x00000000000001e6       0xb1 obj/default/SPI.o
 .debug_line    0x0000000000000297       0xeb obj/default/dataLogger.o
 .debug_line    0x0000000000000382      0x141 obj/default/main.o
 .debug_line    0x00000000000004c3      0x10a obj/default/uart.o
 .debug_line    0x00000000000005cd       0xc7 d:/programy/quartusprimelite/nios2eds/bin/gnu/h-x86_64-mingw32/bin/../lib/gcc/nios2-elf/4.9.2/mno-hw-mul\libgcc.a(lib2-divmod.o)
 .debug_line    0x0000000000000694      0x15e d:/programy/quartusprimelite/nios2eds/bin/gnu/h-x86_64-mingw32/bin/../lib/gcc/nios2-elf/4.9.2/../../../../../H-x86_64-mingw32/nios2-elf/lib/mno-hw-mul\libsmallc.a(lib_a-memcpy.o)
 .debug_line    0x00000000000007f2      0x15d d:/programy/quartusprimelite/nios2eds/bin/gnu/h-x86_64-mingw32/bin/../lib/gcc/nios2-elf/4.9.2/../../../../../H-x86_64-mingw32/nios2-elf/lib/mno-hw-mul\libsmallc.a(lib_a-memset.o)
 .debug_line    0x000000000000094f       0xf1 ../DataLogger_bsp/\libhal_bsp.a(alt_iic.o)
 .debug_line    0x0000000000000a40       0xd6 ../DataLogger_bsp/\libhal_bsp.a(alt_iic_isr_register.o)
 .debug_line    0x0000000000000b16       0x6b ../DataLogger_bsp/\libhal_bsp.a(alt_irq_entry.o)
 .debug_line    0x0000000000000b81       0xa5 ../DataLogger_bsp/\libhal_bsp.a(alt_irq_handler.o)
 .debug_line    0x0000000000000c26       0x50 ../DataLogger_bsp/\libhal_bsp.a(alt_irq_vars.o)
 .debug_line    0x0000000000000c76       0xa6 ../DataLogger_bsp/\libhal_bsp.a(alt_load.o)
 .debug_line    0x0000000000000d1c       0xbd ../DataLogger_bsp/\libhal_bsp.a(alt_main.o)
 .debug_line    0x0000000000000dd9      0x116 ../DataLogger_bsp/\libhal_bsp.a(alt_printf.o)
 .debug_line    0x0000000000000eef       0x55 ../DataLogger_bsp/\libhal_bsp.a(alt_putchar.o)
 .debug_line    0x0000000000000f44       0xf7 ../DataLogger_bsp/\libhal_bsp.a(alt_sys_init.o)
 .debug_line    0x000000000000103b       0xec ../DataLogger_bsp/\libhal_bsp.a(altera_avalon_uart_write.o)
 .debug_line    0x0000000000001127       0x4e ../DataLogger_bsp/\libhal_bsp.a(alt_dcache_flush_all.o)
 .debug_line    0x0000000000001175       0x51 ../DataLogger_bsp/\libhal_bsp.a(alt_errno.o)
 .debug_line    0x00000000000011c6       0xb3 ../DataLogger_bsp/\libhal_bsp.a(alt_exception_entry.o)
 .debug_line    0x0000000000001279       0x4e ../DataLogger_bsp/\libhal_bsp.a(alt_icache_flush_all.o)
 .debug_line    0x00000000000012c7       0xc5 ../DataLogger_bsp/\libhal_bsp.a(alt_instruction_exception_entry.o)
 .debug_line    0x000000000000138c       0x50 ../DataLogger_bsp/\libhal_bsp.a(altera_nios2_gen2_irq.o)
 .debug_line    0x00000000000013dc       0x5f d:/programy/quartusprimelite/nios2eds/bin/gnu/h-x86_64-mingw32/bin/../lib/gcc/nios2-elf/4.9.2/../../../../../H-x86_64-mingw32/nios2-elf/lib/mno-hw-mul\libsmallc.a(lib_a-int_errno.o)

.debug_frame    0x0000000000000000      0x64c
 *(.debug_frame)
 .debug_frame   0x0000000000000000       0xd0 obj/default/SDcard.o
 .debug_frame   0x00000000000000d0       0xbc obj/default/SPI.o
 .debug_frame   0x000000000000018c       0x48 obj/default/dataLogger.o
 .debug_frame   0x00000000000001d4       0x68 obj/default/main.o
 .debug_frame   0x000000000000023c       0xb0 obj/default/uart.o
 .debug_frame   0x00000000000002ec       0x8c d:/programy/quartusprimelite/nios2eds/bin/gnu/h-x86_64-mingw32/bin/../lib/gcc/nios2-elf/4.9.2/mno-hw-mul\libgcc.a(lib2-divmod.o)
 .debug_frame   0x0000000000000378       0x20 d:/programy/quartusprimelite/nios2eds/bin/gnu/h-x86_64-mingw32/bin/../lib/gcc/nios2-elf/4.9.2/../../../../../H-x86_64-mingw32/nios2-elf/lib/mno-hw-mul\libsmallc.a(lib_a-memcpy.o)
 .debug_frame   0x0000000000000398       0x20 d:/programy/quartusprimelite/nios2eds/bin/gnu/h-x86_64-mingw32/bin/../lib/gcc/nios2-elf/4.9.2/../../../../../H-x86_64-mingw32/nios2-elf/lib/mno-hw-mul\libsmallc.a(lib_a-memset.o)
 .debug_frame   0x00000000000003b8       0x50 ../DataLogger_bsp/\libhal_bsp.a(alt_iic.o)
 .debug_frame   0x0000000000000408       0x30 ../DataLogger_bsp/\libhal_bsp.a(alt_iic_isr_register.o)
 .debug_frame   0x0000000000000438       0x34 ../DataLogger_bsp/\libhal_bsp.a(alt_irq_handler.o)
 .debug_frame   0x000000000000046c       0x30 ../DataLogger_bsp/\libhal_bsp.a(alt_load.o)
 .debug_frame   0x000000000000049c       0x2c ../DataLogger_bsp/\libhal_bsp.a(alt_main.o)
 .debug_frame   0x00000000000004c8       0x54 ../DataLogger_bsp/\libhal_bsp.a(alt_printf.o)
 .debug_frame   0x000000000000051c       0x30 ../DataLogger_bsp/\libhal_bsp.a(alt_putchar.o)
 .debug_frame   0x000000000000054c       0x3c ../DataLogger_bsp/\libhal_bsp.a(alt_sys_init.o)
 .debug_frame   0x0000000000000588       0x34 ../DataLogger_bsp/\libhal_bsp.a(altera_avalon_uart_write.o)
 .debug_frame   0x00000000000005bc       0x20 ../DataLogger_bsp/\libhal_bsp.a(alt_dcache_flush_all.o)
 .debug_frame   0x00000000000005dc       0x20 ../DataLogger_bsp/\libhal_bsp.a(alt_icache_flush_all.o)
 .debug_frame   0x00000000000005fc       0x30 ../DataLogger_bsp/\libhal_bsp.a(alt_instruction_exception_entry.o)
 .debug_frame   0x000000000000062c       0x20 ../DataLogger_bsp/\libhal_bsp.a(altera_nios2_gen2_irq.o)

.debug_str      0x0000000000000000     0x11da
 *(.debug_str)
 .debug_str     0x0000000000000000      0x237 obj/default/SDcard.o
                                        0x280 (size before relaxing)
 .debug_str     0x0000000000000237       0x4e obj/default/SPI.o
                                        0x19b (size before relaxing)
 .debug_str     0x0000000000000285       0xba obj/default/dataLogger.o
                                        0x209 (size before relaxing)
 .debug_str     0x000000000000033f       0x98 obj/default/main.o
                                        0x2ae (size before relaxing)
 .debug_str     0x00000000000003d7       0x72 obj/default/uart.o
                                        0x296 (size before relaxing)
 .debug_str     0x0000000000000449      0x185 d:/programy/quartusprimelite/nios2eds/bin/gnu/h-x86_64-mingw32/bin/../lib/gcc/nios2-elf/4.9.2/mno-hw-mul\libgcc.a(lib2-divmod.o)
                                        0x1d0 (size before relaxing)
 .debug_str     0x00000000000005ce      0x14c d:/programy/quartusprimelite/nios2eds/bin/gnu/h-x86_64-mingw32/bin/../lib/gcc/nios2-elf/4.9.2/../../../../../H-x86_64-mingw32/nios2-elf/lib/mno-hw-mul\libsmallc.a(lib_a-memcpy.o)
                                        0x1e5 (size before relaxing)
 .debug_str     0x000000000000071a       0x3d d:/programy/quartusprimelite/nios2eds/bin/gnu/h-x86_64-mingw32/bin/../lib/gcc/nios2-elf/4.9.2/../../../../../H-x86_64-mingw32/nios2-elf/lib/mno-hw-mul\libsmallc.a(lib_a-memset.o)
                                        0x1d1 (size before relaxing)
 .debug_str     0x0000000000000757      0x12c ../DataLogger_bsp/\libhal_bsp.a(alt_iic.o)
                                        0x246 (size before relaxing)
 .debug_str     0x0000000000000883       0x37 ../DataLogger_bsp/\libhal_bsp.a(alt_iic_isr_register.o)
                                        0x200 (size before relaxing)
 .debug_str     0x00000000000008ba       0x3a ../DataLogger_bsp/\libhal_bsp.a(alt_irq_handler.o)
                                        0x18a (size before relaxing)
 .debug_str     0x00000000000008f4       0x17 ../DataLogger_bsp/\libhal_bsp.a(alt_irq_vars.o)
                                        0x139 (size before relaxing)
 .debug_str     0x000000000000090b      0x113 ../DataLogger_bsp/\libhal_bsp.a(alt_load.o)
                                        0x22f (size before relaxing)
 .debug_str     0x0000000000000a1e       0x5e ../DataLogger_bsp/\libhal_bsp.a(alt_main.o)
                                        0x1a8 (size before relaxing)
 .debug_str     0x0000000000000a7c       0x59 ../DataLogger_bsp/\libhal_bsp.a(alt_printf.o)
                                        0x105 (size before relaxing)
 .debug_str     0x0000000000000ad5       0x51 ../DataLogger_bsp/\libhal_bsp.a(alt_putchar.o)
                                        0x171 (size before relaxing)
 .debug_str     0x0000000000000b26       0x99 ../DataLogger_bsp/\libhal_bsp.a(alt_sys_init.o)
                                        0x227 (size before relaxing)
 .debug_str     0x0000000000000bbf       0x4b ../DataLogger_bsp/\libhal_bsp.a(altera_avalon_uart_write.o)
                                        0x1fc (size before relaxing)
 .debug_str     0x0000000000000c0a       0x1f ../DataLogger_bsp/\libhal_bsp.a(alt_dcache_flush_all.o)
                                        0x148 (size before relaxing)
 .debug_str     0x0000000000000c29       0x14 ../DataLogger_bsp/\libhal_bsp.a(alt_errno.o)
                                        0x138 (size before relaxing)
 .debug_str     0x0000000000000c3d       0x1f ../DataLogger_bsp/\libhal_bsp.a(alt_icache_flush_all.o)
                                        0x148 (size before relaxing)
 .debug_str     0x0000000000000c5c      0x48b ../DataLogger_bsp/\libhal_bsp.a(alt_instruction_exception_entry.o)
                                        0x592 (size before relaxing)
 .debug_str     0x00000000000010e7       0x20 ../DataLogger_bsp/\libhal_bsp.a(altera_nios2_gen2_irq.o)
                                        0x14f (size before relaxing)
 .debug_str     0x0000000000001107       0xd3 d:/programy/quartusprimelite/nios2eds/bin/gnu/h-x86_64-mingw32/bin/../lib/gcc/nios2-elf/4.9.2/../../../../../H-x86_64-mingw32/nios2-elf/lib/mno-hw-mul\libsmallc.a(lib_a-int_errno.o)
                                        0x1ca (size before relaxing)

.debug_loc      0x0000000000000000     0x1352
 *(.debug_loc)
 .debug_loc     0x0000000000000000      0x36d obj/default/SDcard.o
 .debug_loc     0x000000000000036d      0x259 obj/default/SPI.o
 .debug_loc     0x00000000000005c6       0x3f obj/default/dataLogger.o
 .debug_loc     0x0000000000000605       0x73 obj/default/main.o
 .debug_loc     0x0000000000000678      0x17f obj/default/uart.o
 .debug_loc     0x00000000000007f7      0x273 d:/programy/quartusprimelite/nios2eds/bin/gnu/h-x86_64-mingw32/bin/../lib/gcc/nios2-elf/4.9.2/mno-hw-mul\libgcc.a(lib2-divmod.o)
 .debug_loc     0x0000000000000a6a      0x11b d:/programy/quartusprimelite/nios2eds/bin/gnu/h-x86_64-mingw32/bin/../lib/gcc/nios2-elf/4.9.2/../../../../../H-x86_64-mingw32/nios2-elf/lib/mno-hw-mul\libsmallc.a(lib_a-memcpy.o)
 .debug_loc     0x0000000000000b85       0xa5 d:/programy/quartusprimelite/nios2eds/bin/gnu/h-x86_64-mingw32/bin/../lib/gcc/nios2-elf/4.9.2/../../../../../H-x86_64-mingw32/nios2-elf/lib/mno-hw-mul\libsmallc.a(lib_a-memset.o)
 .debug_loc     0x0000000000000c2a      0x129 ../DataLogger_bsp/\libhal_bsp.a(alt_iic.o)
 .debug_loc     0x0000000000000d53      0x193 ../DataLogger_bsp/\libhal_bsp.a(alt_iic_isr_register.o)
 .debug_loc     0x0000000000000ee6       0x98 ../DataLogger_bsp/\libhal_bsp.a(alt_irq_handler.o)
 .debug_loc     0x0000000000000f7e      0x1c6 ../DataLogger_bsp/\libhal_bsp.a(alt_printf.o)
 .debug_loc     0x0000000000001144       0x2c ../DataLogger_bsp/\libhal_bsp.a(alt_putchar.o)
 .debug_loc     0x0000000000001170       0x21 ../DataLogger_bsp/\libhal_bsp.a(alt_sys_init.o)
 .debug_loc     0x0000000000001191      0x15c ../DataLogger_bsp/\libhal_bsp.a(altera_avalon_uart_write.o)
 .debug_loc     0x00000000000012ed       0x65 ../DataLogger_bsp/\libhal_bsp.a(alt_instruction_exception_entry.o)

.debug_macinfo
 *(.debug_macinfo)

.debug_weaknames
 *(.debug_weaknames)

.debug_funcnames
 *(.debug_funcnames)

.debug_typenames
 *(.debug_typenames)

.debug_varnames
 *(.debug_varnames)

.debug_alt_sim_info
                0x0000000000000000       0x10
 *(.debug_alt_sim_info)
 .debug_alt_sim_info
                0x0000000000000000       0x10 ../DataLogger_bsp//obj/HAL/src/crt0.o
                0x0000000000006800                __alt_data_end = 0x6800
                0x0000000000006800                PROVIDE (__alt_stack_pointer, __alt_data_end)
                0x0000000000005f90                PROVIDE (__alt_stack_limit, __alt_stack_base)
                0x0000000000005f90                PROVIDE (__alt_heap_start, end)
                0x0000000000006800                PROVIDE (__alt_heap_limit, 0x6800)
OUTPUT(SPI.elf elf32-littlenios2)

.debug_ranges   0x0000000000000000      0x150
 .debug_ranges  0x0000000000000000       0x20 ../DataLogger_bsp//obj/HAL/src/crt0.o
 .debug_ranges  0x0000000000000020       0x18 obj/default/dataLogger.o
 .debug_ranges  0x0000000000000038       0x18 obj/default/main.o
 .debug_ranges  0x0000000000000050       0x10 d:/programy/quartusprimelite/nios2eds/bin/gnu/h-x86_64-mingw32/bin/../lib/gcc/nios2-elf/4.9.2/../../../../../H-x86_64-mingw32/nios2-elf/lib/mno-hw-mul\libsmallc.a(lib_a-memcpy.o)
 .debug_ranges  0x0000000000000060       0x10 d:/programy/quartusprimelite/nios2eds/bin/gnu/h-x86_64-mingw32/bin/../lib/gcc/nios2-elf/4.9.2/../../../../../H-x86_64-mingw32/nios2-elf/lib/mno-hw-mul\libsmallc.a(lib_a-memset.o)
 .debug_ranges  0x0000000000000070       0x28 ../DataLogger_bsp/\libhal_bsp.a(alt_irq_entry.o)
 .debug_ranges  0x0000000000000098       0x10 ../DataLogger_bsp/\libhal_bsp.a(alt_irq_handler.o)
 .debug_ranges  0x00000000000000a8       0x48 ../DataLogger_bsp/\libhal_bsp.a(alt_load.o)
 .debug_ranges  0x00000000000000f0       0x18 ../DataLogger_bsp/\libhal_bsp.a(alt_printf.o)
 .debug_ranges  0x0000000000000108       0x30 ../DataLogger_bsp/\libhal_bsp.a(alt_exception_entry.o)
 .debug_ranges  0x0000000000000138       0x18 ../DataLogger_bsp/\libhal_bsp.a(alt_instruction_exception_entry.o)
