Archive member included to satisfy reference by file (symbol)

d:/programy/quartusprimelite/nios2eds/bin/gnu/h-x86_64-mingw32/bin/../lib/gcc/nios2-elf/4.9.2/../../../../../H-x86_64-mingw32/nios2-elf/lib/mno-hw-mul\libsmallc.a(lib_a-memcpy.o)
                              obj/default/SDcard.o (memcpy)
d:/programy/quartusprimelite/nios2eds/bin/gnu/h-x86_64-mingw32/bin/../lib/gcc/nios2-elf/4.9.2/../../../../../H-x86_64-mingw32/nios2-elf/lib/mno-hw-mul\libsmallc.a(lib_a-memset.o)
                              obj/default/SDcard.o (memset)
../SPI_bsp/\libhal_bsp.a(alt_iic.o)
                              obj/default/main.o (alt_ic_isr_register)
../SPI_bsp/\libhal_bsp.a(alt_iic_isr_register.o)
                              ../SPI_bsp/\libhal_bsp.a(alt_iic.o) (alt_iic_isr_register)
../SPI_bsp/\libhal_bsp.a(alt_irq_entry.o)
                              ../SPI_bsp/\libhal_bsp.a(alt_iic_isr_register.o) (alt_irq_entry)
../SPI_bsp/\libhal_bsp.a(alt_irq_handler.o)
                              ../SPI_bsp/\libhal_bsp.a(alt_iic_isr_register.o) (alt_irq_handler)
../SPI_bsp/\libhal_bsp.a(alt_irq_vars.o)
                              ../SPI_bsp/\libhal_bsp.a(alt_iic.o) (alt_irq_active)
../SPI_bsp/\libhal_bsp.a(alt_load.o)
                              ../SPI_bsp//obj/HAL/src/crt0.o (alt_load)
../SPI_bsp/\libhal_bsp.a(alt_main.o)
                              ../SPI_bsp//obj/HAL/src/crt0.o (alt_main)
../SPI_bsp/\libhal_bsp.a(alt_printf.o)
                              obj/default/SDcard.o (alt_printf)
../SPI_bsp/\libhal_bsp.a(alt_putchar.o)
                              ../SPI_bsp/\libhal_bsp.a(alt_printf.o) (alt_putchar)
../SPI_bsp/\libhal_bsp.a(alt_sys_init.o)
                              ../SPI_bsp/\libhal_bsp.a(alt_main.o) (alt_irq_init)
../SPI_bsp/\libhal_bsp.a(altera_avalon_jtag_uart_write.o)
                              ../SPI_bsp/\libhal_bsp.a(alt_putchar.o) (altera_avalon_jtag_uart_write)
../SPI_bsp/\libhal_bsp.a(alt_dcache_flush_all.o)
                              ../SPI_bsp/\libhal_bsp.a(alt_load.o) (alt_dcache_flush_all)
../SPI_bsp/\libhal_bsp.a(alt_exception_entry.o)
                              ../SPI_bsp/\libhal_bsp.a(alt_irq_entry.o) (alt_exception)
../SPI_bsp/\libhal_bsp.a(alt_icache_flush_all.o)
                              ../SPI_bsp/\libhal_bsp.a(alt_load.o) (alt_icache_flush_all)
../SPI_bsp/\libhal_bsp.a(alt_instruction_exception_entry.o)
                              ../SPI_bsp/\libhal_bsp.a(alt_exception_entry.o) (alt_instruction_exception_entry)
../SPI_bsp/\libhal_bsp.a(altera_nios2_gen2_irq.o)
                              ../SPI_bsp/\libhal_bsp.a(alt_sys_init.o) (altera_nios2_gen2_irq_init)

Allocating common symbols
Common symbol       size              file

alt_irq             0x100             ../SPI_bsp/\libhal_bsp.a(alt_irq_handler.o)

Memory Configuration

Name             Origin             Length             Attributes
reset            0x0000000000001000 0x0000000000000020
onchip_memory2_0 0x0000000000001020 0x0000000000000fe0
*default*        0x0000000000000000 0xffffffffffffffff

Linker script and memory map

LOAD ../SPI_bsp//obj/HAL/src/crt0.o
LOAD obj/default/SDcard.o
LOAD obj/default/SPI.o
LOAD obj/default/main.o
LOAD d:/programy/quartusprimelite/nios2eds/bin/gnu/h-x86_64-mingw32/bin/../lib/gcc/nios2-elf/4.9.2/../../../../../H-x86_64-mingw32/nios2-elf/lib/mno-hw-mul\libstdc++.a
LOAD d:/programy/quartusprimelite/nios2eds/bin/gnu/h-x86_64-mingw32/bin/../lib/gcc/nios2-elf/4.9.2/../../../../../H-x86_64-mingw32/nios2-elf/lib/mno-hw-mul\libm.a
LOAD d:/programy/quartusprimelite/nios2eds/bin/gnu/h-x86_64-mingw32/bin/../lib/gcc/nios2-elf/4.9.2/mno-hw-mul\libgcc.a
START GROUP
LOAD d:/programy/quartusprimelite/nios2eds/bin/gnu/h-x86_64-mingw32/bin/../lib/gcc/nios2-elf/4.9.2/../../../../../H-x86_64-mingw32/nios2-elf/lib/mno-hw-mul\libsmallc.a
LOAD d:/programy/quartusprimelite/nios2eds/bin/gnu/h-x86_64-mingw32/bin/../lib/gcc/nios2-elf/4.9.2/mno-hw-mul\libgcc.a
LOAD ../SPI_bsp/\libhal_bsp.a
LOAD d:/programy/quartusprimelite/nios2eds/bin/gnu/h-x86_64-mingw32/bin/../lib/gcc/nios2-elf/4.9.2/../../../../../H-x86_64-mingw32/nios2-elf/lib/mno-hw-mul\libm.a
END GROUP
LOAD d:/programy/quartusprimelite/nios2eds/bin/gnu/h-x86_64-mingw32/bin/../lib/gcc/nios2-elf/4.9.2/mno-hw-mul\libgcc.a
                0x0000000000001000                __alt_mem_onchip_memory2_0 = 0x1000

.entry          0x0000000000001000       0x20
 *(.entry)
 .entry         0x0000000000001000       0x20 ../SPI_bsp//obj/HAL/src/crt0.o
                0x0000000000001000                __reset
                0x000000000000100c                _exit

.exceptions     0x0000000000001020      0x164
                0x0000000000001020                PROVIDE (__ram_exceptions_start, ABSOLUTE (.))
                0x0000000000001020                . = ALIGN (0x20)
 *(.irq)
 *(.exceptions.entry.label)
 .exceptions.entry.label
                0x0000000000001020        0x0 ../SPI_bsp/\libhal_bsp.a(alt_irq_entry.o)
                0x0000000000001020                alt_irq_entry
 .exceptions.entry.label
                0x0000000000001020        0x0 ../SPI_bsp/\libhal_bsp.a(alt_exception_entry.o)
                0x0000000000001020                alt_exception
 *(.exceptions.entry.user)
 *(.exceptions.entry.ecc_fatal)
 *(.exceptions.entry)
 .exceptions.entry
                0x0000000000001020       0x54 ../SPI_bsp/\libhal_bsp.a(alt_exception_entry.o)
 *(.exceptions.irqtest.user)
 *(.exceptions.irqtest)
 .exceptions.irqtest
                0x0000000000001074       0x10 ../SPI_bsp/\libhal_bsp.a(alt_irq_entry.o)
 *(.exceptions.irqhandler.user)
 *(.exceptions.irqhandler)
 .exceptions.irqhandler
                0x0000000000001084        0x4 ../SPI_bsp/\libhal_bsp.a(alt_irq_entry.o)
 *(.exceptions.irqreturn.user)
 *(.exceptions.irqreturn)
 .exceptions.irqreturn
                0x0000000000001088        0x4 ../SPI_bsp/\libhal_bsp.a(alt_irq_entry.o)
 *(.exceptions.notirq.label)
 .exceptions.notirq.label
                0x000000000000108c        0x0 ../SPI_bsp/\libhal_bsp.a(alt_irq_entry.o)
 *(.exceptions.notirq.user)
 *(.exceptions.notirq)
 .exceptions.notirq
                0x000000000000108c        0x8 ../SPI_bsp/\libhal_bsp.a(alt_exception_entry.o)
 *(.exceptions.soft.user)
 *(.exceptions.soft)
 *(.exceptions.unknown.user)
 *(.exceptions.unknown)
 .exceptions.unknown
                0x0000000000001094       0x14 ../SPI_bsp/\libhal_bsp.a(alt_exception_entry.o)
 *(.exceptions.exit.label)
 .exceptions.exit.label
                0x00000000000010a8        0x0 ../SPI_bsp/\libhal_bsp.a(alt_irq_entry.o)
 .exceptions.exit.label
                0x00000000000010a8        0x0 ../SPI_bsp/\libhal_bsp.a(alt_exception_entry.o)
 *(.exceptions.exit.user)
 *(.exceptions.exit)
 .exceptions.exit
                0x00000000000010a8       0x54 ../SPI_bsp/\libhal_bsp.a(alt_exception_entry.o)
 *(.exceptions)
 .exceptions    0x00000000000010fc       0x64 ../SPI_bsp/\libhal_bsp.a(alt_irq_handler.o)
                0x00000000000010fc                alt_irq_handler
 .exceptions    0x0000000000001160       0x24 ../SPI_bsp/\libhal_bsp.a(alt_instruction_exception_entry.o)
                0x0000000000001160                alt_instruction_exception_entry
                0x0000000000001184                PROVIDE (__ram_exceptions_end, ABSOLUTE (.))
                0x0000000000001020                PROVIDE (__flash_exceptions_start, LOADADDR (.exceptions))

.text           0x0000000000001184      0xa34
                0x0000000000001184                PROVIDE (stext, ABSOLUTE (.))
 *(.interp)
 *(.hash)
 *(.dynsym)
 *(.dynstr)
 *(.gnu.version)
 *(.gnu.version_d)
 *(.gnu.version_r)
 *(.rel.init)
 *(.rela.init)
 *(.rel.text .rel.text.* .rel.gnu.linkonce.t.*)
 *(.rela.text .rela.text.* .rela.gnu.linkonce.t.*)
 *(.rel.fini)
 *(.rela.fini)
 *(.rel.rodata .rel.rodata.* .rel.gnu.linkonce.r.*)
 *(.rela.rodata .rela.rodata.* .rela.gnu.linkonce.r.*)
 *(.rel.data .rel.data.* .rel.gnu.linkonce.d.*)
 *(.rela.data .rela.data.* .rela.gnu.linkonce.d.*)
 *(.rel.tdata .rel.tdata.* .rel.gnu.linkonce.td.*)
 *(.rela.tdata .rela.tdata.* .rela.gnu.linkonce.td.*)
 *(.rel.tbss .rel.tbss.* .rel.gnu.linkonce.tb.*)
 *(.rela.tbss .rela.tbss.* .rela.gnu.linkonce.tb.*)
 *(.rel.ctors)
 *(.rela.ctors)
 *(.rel.dtors)
 *(.rela.dtors)
 *(.rel.got)
 *(.rela.got)
 *(.rel.sdata .rel.sdata.* .rel.gnu.linkonce.s.*)
 *(.rela.sdata .rela.sdata.* .rela.gnu.linkonce.s.*)
 *(.rel.sbss .rel.sbss.* .rel.gnu.linkonce.sb.*)
 *(.rela.sbss .rela.sbss.* .rela.gnu.linkonce.sb.*)
 *(.rel.sdata2 .rel.sdata2.* .rel.gnu.linkonce.s2.*)
 *(.rela.sdata2 .rela.sdata2.* .rela.gnu.linkonce.s2.*)
 *(.rel.sbss2 .rel.sbss2.* .rel.gnu.linkonce.sb2.*)
 *(.rela.sbss2 .rela.sbss2.* .rela.gnu.linkonce.sb2.*)
 *(.rel.bss .rel.bss.* .rel.gnu.linkonce.b.*)
 *(.rela.bss .rela.bss.* .rela.gnu.linkonce.b.*)
 *(.rel.plt)
 *(.rela.plt)
 *(.rel.dyn)
 *(.init)
 *(.plt)
 *(.text .stub .text.* .gnu.linkonce.t.*)
 .text          0x0000000000001184       0x3c ../SPI_bsp//obj/HAL/src/crt0.o
                0x0000000000001184                _start
 .text          0x00000000000011c0      0x288 obj/default/SDcard.o
                0x00000000000011c0                delay
                0x00000000000011c4                sdCard_SendCommand
                0x000000000000129c                sdCard_Init
 .text          0x0000000000001448      0x188 obj/default/SPI.o
                0x0000000000001448                spi_SelectSlave
                0x0000000000001460                spi_DeselectSlave
                0x000000000000147c                spi_SendByte
                0x00000000000014e4                spi_SendData
                0x0000000000001588                spi_IsData
                0x0000000000001598                spi_ReadData
 .text          0x00000000000015d0       0x6c obj/default/main.o
 .text.startup  0x000000000000163c       0x7c obj/default/main.o
                0x000000000000163c                main
 .text          0x00000000000016b8        0x0 d:/programy/quartusprimelite/nios2eds/bin/gnu/h-x86_64-mingw32/bin/../lib/gcc/nios2-elf/4.9.2/../../../../../H-x86_64-mingw32/nios2-elf/lib/mno-hw-mul\libsmallc.a(lib_a-memcpy.o)
 .text.memcpy   0x00000000000016b8       0x28 d:/programy/quartusprimelite/nios2eds/bin/gnu/h-x86_64-mingw32/bin/../lib/gcc/nios2-elf/4.9.2/../../../../../H-x86_64-mingw32/nios2-elf/lib/mno-hw-mul\libsmallc.a(lib_a-memcpy.o)
                0x00000000000016b8                memcpy
 .text          0x00000000000016e0        0x0 d:/programy/quartusprimelite/nios2eds/bin/gnu/h-x86_64-mingw32/bin/../lib/gcc/nios2-elf/4.9.2/../../../../../H-x86_64-mingw32/nios2-elf/lib/mno-hw-mul\libsmallc.a(lib_a-memset.o)
 .text.memset   0x00000000000016e0       0x20 d:/programy/quartusprimelite/nios2eds/bin/gnu/h-x86_64-mingw32/bin/../lib/gcc/nios2-elf/4.9.2/../../../../../H-x86_64-mingw32/nios2-elf/lib/mno-hw-mul\libsmallc.a(lib_a-memset.o)
                0x00000000000016e0                memset
 .text          0x0000000000001700       0x9c ../SPI_bsp/\libhal_bsp.a(alt_iic.o)
                0x0000000000001700                alt_ic_isr_register
                0x0000000000001704                alt_ic_irq_enable
                0x0000000000001744                alt_ic_irq_disable
                0x0000000000001784                alt_ic_irq_enabled
 .text          0x000000000000179c       0x68 ../SPI_bsp/\libhal_bsp.a(alt_iic_isr_register.o)
                0x000000000000179c                alt_iic_isr_register
 .text          0x0000000000001804        0x0 ../SPI_bsp/\libhal_bsp.a(alt_irq_entry.o)
 .text          0x0000000000001804        0x0 ../SPI_bsp/\libhal_bsp.a(alt_irq_handler.o)
 .text          0x0000000000001804        0x0 ../SPI_bsp/\libhal_bsp.a(alt_irq_vars.o)
 .text          0x0000000000001804       0xf8 ../SPI_bsp/\libhal_bsp.a(alt_load.o)
                0x0000000000001804                alt_load
 .text          0x00000000000018fc       0x2c ../SPI_bsp/\libhal_bsp.a(alt_main.o)
                0x00000000000018fc                alt_main
 .text          0x0000000000001928      0x16c ../SPI_bsp/\libhal_bsp.a(alt_printf.o)
                0x0000000000001928                alt_printf
 .text          0x0000000000001a94       0x48 ../SPI_bsp/\libhal_bsp.a(alt_putchar.o)
                0x0000000000001a94                alt_putchar
 .text          0x0000000000001adc       0x24 ../SPI_bsp/\libhal_bsp.a(alt_sys_init.o)
                0x0000000000001adc                alt_irq_init
                0x0000000000001afc                alt_sys_init
 .text          0x0000000000001b00       0x34 ../SPI_bsp/\libhal_bsp.a(altera_avalon_jtag_uart_write.o)
                0x0000000000001b00                altera_avalon_jtag_uart_write
 .text          0x0000000000001b34        0x4 ../SPI_bsp/\libhal_bsp.a(alt_dcache_flush_all.o)
                0x0000000000001b34                alt_dcache_flush_all
 .text          0x0000000000001b38        0x0 ../SPI_bsp/\libhal_bsp.a(alt_exception_entry.o)
 .text          0x0000000000001b38        0x4 ../SPI_bsp/\libhal_bsp.a(alt_icache_flush_all.o)
                0x0000000000001b38                alt_icache_flush_all
 .text          0x0000000000001b3c       0x74 ../SPI_bsp/\libhal_bsp.a(alt_instruction_exception_entry.o)
                0x0000000000001b3c                alt_exception_cause_generated_bad_addr
 .text          0x0000000000001bb0        0x8 ../SPI_bsp/\libhal_bsp.a(altera_nios2_gen2_irq.o)
                0x0000000000001bb0                altera_nios2_gen2_irq_init
 *(.gnu.warning.*)
 *(.fini)
                0x0000000000001bb8                PROVIDE (__etext, ABSOLUTE (.))
                0x0000000000001bb8                PROVIDE (_etext, ABSOLUTE (.))
                0x0000000000001bb8                PROVIDE (etext, ABSOLUTE (.))
 *(.eh_frame_hdr)
                0x0000000000001bb8                . = ALIGN (0x4)
                0x0000000000001bb8                PROVIDE (__preinit_array_start, ABSOLUTE (.))
 *(.preinit_array)
                0x0000000000001bb8                PROVIDE (__preinit_array_end, ABSOLUTE (.))
                0x0000000000001bb8                PROVIDE (__init_array_start, ABSOLUTE (.))
 *(.init_array)
                0x0000000000001bb8                PROVIDE (__init_array_end, ABSOLUTE (.))
                0x0000000000001bb8                PROVIDE (__fini_array_start, ABSOLUTE (.))
 *(.fini_array)
                0x0000000000001bb8                PROVIDE (__fini_array_end, ABSOLUTE (.))
 *(.eh_frame)
 *(.gcc_except_table .gcc_except_table.*)
 *(.dynamic)
                0x0000000000001bb8                PROVIDE (__CTOR_LIST__, ABSOLUTE (.))
 *(.ctors)
 *(SORT(.ctors.*))
                0x0000000000001bb8                PROVIDE (__CTOR_END__, ABSOLUTE (.))
                0x0000000000001bb8                PROVIDE (__DTOR_LIST__, ABSOLUTE (.))
 *(.dtors)
 *(SORT(.dtors.*))
                0x0000000000001bb8                PROVIDE (__DTOR_END__, ABSOLUTE (.))
 *(.jcr)
                0x0000000000001bb8                . = ALIGN (0x4)

.rodata         0x0000000000001bb8       0xe8
                0x0000000000001bb8                PROVIDE (__ram_rodata_start, ABSOLUTE (.))
                0x0000000000001bb8                . = ALIGN (0x4)
 *(.rodata .rodata.* .gnu.linkonce.r.*)
 .rodata.str1.4
                0x0000000000001bb8       0x20 obj/default/SDcard.o
 .rodata        0x0000000000001bd8       0x23 obj/default/SDcard.o
 *fill*         0x0000000000001bfb        0x1 
 .rodata.str1.4
                0x0000000000001bfc       0xa4 obj/default/main.o
 *(.rodata1)
                0x0000000000001ca0                . = ALIGN (0x4)
                0x0000000000001ca0                PROVIDE (__ram_rodata_end, ABSOLUTE (.))
                0x0000000000001bb8                PROVIDE (__flash_rodata_start, LOADADDR (.rodata))

.rwdata         0x0000000000001ca0        0x8 load address 0x0000000000001ca8
                0x0000000000001ca0                PROVIDE (__ram_rwdata_start, ABSOLUTE (.))
                0x0000000000001ca0                . = ALIGN (0x4)
 *(.got.plt)
 *(.got)
 *(.data1)
 *(.data .data.* .gnu.linkonce.d.*)
 .data          0x0000000000001ca0        0x0 ../SPI_bsp//obj/HAL/src/crt0.o
 .data          0x0000000000001ca0        0x0 obj/default/SDcard.o
 .data          0x0000000000001ca0        0x0 obj/default/SPI.o
 .data          0x0000000000001ca0        0x0 obj/default/main.o
 .data          0x0000000000001ca0        0x0 d:/programy/quartusprimelite/nios2eds/bin/gnu/h-x86_64-mingw32/bin/../lib/gcc/nios2-elf/4.9.2/../../../../../H-x86_64-mingw32/nios2-elf/lib/mno-hw-mul\libsmallc.a(lib_a-memcpy.o)
 .data          0x0000000000001ca0        0x0 d:/programy/quartusprimelite/nios2eds/bin/gnu/h-x86_64-mingw32/bin/../lib/gcc/nios2-elf/4.9.2/../../../../../H-x86_64-mingw32/nios2-elf/lib/mno-hw-mul\libsmallc.a(lib_a-memset.o)
 .data          0x0000000000001ca0        0x0 ../SPI_bsp/\libhal_bsp.a(alt_iic.o)
 .data          0x0000000000001ca0        0x0 ../SPI_bsp/\libhal_bsp.a(alt_iic_isr_register.o)
 .data          0x0000000000001ca0        0x0 ../SPI_bsp/\libhal_bsp.a(alt_irq_entry.o)
 .data          0x0000000000001ca0        0x0 ../SPI_bsp/\libhal_bsp.a(alt_irq_handler.o)
 .data          0x0000000000001ca0        0x0 ../SPI_bsp/\libhal_bsp.a(alt_irq_vars.o)
 .data          0x0000000000001ca0        0x0 ../SPI_bsp/\libhal_bsp.a(alt_load.o)
 .data          0x0000000000001ca0        0x0 ../SPI_bsp/\libhal_bsp.a(alt_main.o)
 .data          0x0000000000001ca0        0x0 ../SPI_bsp/\libhal_bsp.a(alt_printf.o)
 .data          0x0000000000001ca0        0x0 ../SPI_bsp/\libhal_bsp.a(alt_putchar.o)
 .data          0x0000000000001ca0        0x0 ../SPI_bsp/\libhal_bsp.a(alt_sys_init.o)
 .data          0x0000000000001ca0        0x0 ../SPI_bsp/\libhal_bsp.a(altera_avalon_jtag_uart_write.o)
 .data          0x0000000000001ca0        0x0 ../SPI_bsp/\libhal_bsp.a(alt_dcache_flush_all.o)
 .data          0x0000000000001ca0        0x0 ../SPI_bsp/\libhal_bsp.a(alt_exception_entry.o)
 .data          0x0000000000001ca0        0x0 ../SPI_bsp/\libhal_bsp.a(alt_icache_flush_all.o)
 .data          0x0000000000001ca0        0x0 ../SPI_bsp/\libhal_bsp.a(alt_instruction_exception_entry.o)
 .data          0x0000000000001ca0        0x0 ../SPI_bsp/\libhal_bsp.a(altera_nios2_gen2_irq.o)
                0x0000000000009ca0                _gp = ABSOLUTE ((. + 0x8000))
                0x0000000000009ca0                PROVIDE (gp, _gp)
 *(.rwdata .rwdata.*)
 *(.sdata .sdata.* .gnu.linkonce.s.*)
 .sdata         0x0000000000001ca0        0x4 ../SPI_bsp/\libhal_bsp.a(alt_irq_vars.o)
                0x0000000000001ca0                alt_priority_mask
 .sdata         0x0000000000001ca4        0x4 ../SPI_bsp/\libhal_bsp.a(alt_sys_init.o)
                0x0000000000001ca4                jtag_uart_0
 *(.sdata2 .sdata2.* .gnu.linkonce.s2.*)
                0x0000000000001ca8                . = ALIGN (0x4)
                0x0000000000001ca8                _edata = ABSOLUTE (.)
                0x0000000000001ca8                PROVIDE (edata, ABSOLUTE (.))
                0x0000000000001ca8                PROVIDE (__ram_rwdata_end, ABSOLUTE (.))
                0x0000000000001ca8                PROVIDE (__flash_rwdata_start, LOADADDR (.rwdata))

.bss            0x0000000000001cb0      0x114
                0x0000000000001cb0                __bss_start = ABSOLUTE (.)
                0x0000000000001cb0                PROVIDE (__sbss_start, ABSOLUTE (.))
                0x0000000000001cb0                PROVIDE (___sbss_start, ABSOLUTE (.))
 *(.dynsbss)
 *(.sbss .sbss.* .gnu.linkonce.sb.*)
 .sbss          0x0000000000001cb0        0x4 ../SPI_bsp/\libhal_bsp.a(alt_irq_vars.o)
                0x0000000000001cb0                alt_irq_active
 .sbss          0x0000000000001cb4        0xc ../SPI_bsp/\libhal_bsp.a(alt_main.o)
                0x0000000000001cb4                alt_envp
                0x0000000000001cb8                alt_argv
                0x0000000000001cbc                alt_argc
 .sbss          0x0000000000001cc0        0x4 ../SPI_bsp/\libhal_bsp.a(alt_instruction_exception_entry.o)
                0x0000000000001cc0                alt_instruction_exception_handler
 *(.sbss2 .sbss2.* .gnu.linkonce.sb2.*)
 *(.scommon)
                0x0000000000001cc4                PROVIDE (__sbss_end, ABSOLUTE (.))
                0x0000000000001cc4                PROVIDE (___sbss_end, ABSOLUTE (.))
 *(.dynbss)
 *(.bss .bss.* .gnu.linkonce.b.*)
 .bss           0x0000000000001cc4        0x0 ../SPI_bsp//obj/HAL/src/crt0.o
 .bss           0x0000000000001cc4        0x0 obj/default/SDcard.o
 .bss           0x0000000000001cc4        0x0 obj/default/SPI.o
 .bss           0x0000000000001cc4        0x0 obj/default/main.o
 .bss           0x0000000000001cc4        0x0 d:/programy/quartusprimelite/nios2eds/bin/gnu/h-x86_64-mingw32/bin/../lib/gcc/nios2-elf/4.9.2/../../../../../H-x86_64-mingw32/nios2-elf/lib/mno-hw-mul\libsmallc.a(lib_a-memcpy.o)
 .bss           0x0000000000001cc4        0x0 d:/programy/quartusprimelite/nios2eds/bin/gnu/h-x86_64-mingw32/bin/../lib/gcc/nios2-elf/4.9.2/../../../../../H-x86_64-mingw32/nios2-elf/lib/mno-hw-mul\libsmallc.a(lib_a-memset.o)
 .bss           0x0000000000001cc4        0x0 ../SPI_bsp/\libhal_bsp.a(alt_iic.o)
 .bss           0x0000000000001cc4        0x0 ../SPI_bsp/\libhal_bsp.a(alt_iic_isr_register.o)
 .bss           0x0000000000001cc4        0x0 ../SPI_bsp/\libhal_bsp.a(alt_irq_entry.o)
 .bss           0x0000000000001cc4        0x0 ../SPI_bsp/\libhal_bsp.a(alt_irq_handler.o)
 .bss           0x0000000000001cc4        0x0 ../SPI_bsp/\libhal_bsp.a(alt_irq_vars.o)
 .bss           0x0000000000001cc4        0x0 ../SPI_bsp/\libhal_bsp.a(alt_load.o)
 .bss           0x0000000000001cc4        0x0 ../SPI_bsp/\libhal_bsp.a(alt_main.o)
 .bss           0x0000000000001cc4        0x0 ../SPI_bsp/\libhal_bsp.a(alt_printf.o)
 .bss           0x0000000000001cc4        0x0 ../SPI_bsp/\libhal_bsp.a(alt_putchar.o)
 .bss           0x0000000000001cc4        0x0 ../SPI_bsp/\libhal_bsp.a(alt_sys_init.o)
 .bss           0x0000000000001cc4        0x0 ../SPI_bsp/\libhal_bsp.a(altera_avalon_jtag_uart_write.o)
 .bss           0x0000000000001cc4        0x0 ../SPI_bsp/\libhal_bsp.a(alt_dcache_flush_all.o)
 .bss           0x0000000000001cc4        0x0 ../SPI_bsp/\libhal_bsp.a(alt_exception_entry.o)
 .bss           0x0000000000001cc4        0x0 ../SPI_bsp/\libhal_bsp.a(alt_icache_flush_all.o)
 .bss           0x0000000000001cc4        0x0 ../SPI_bsp/\libhal_bsp.a(alt_instruction_exception_entry.o)
 .bss           0x0000000000001cc4        0x0 ../SPI_bsp/\libhal_bsp.a(altera_nios2_gen2_irq.o)
 *(COMMON)
 COMMON         0x0000000000001cc4      0x100 ../SPI_bsp/\libhal_bsp.a(alt_irq_handler.o)
                0x0000000000001cc4                alt_irq
                0x0000000000001dc4                . = ALIGN (0x4)
                0x0000000000001dc4                __bss_end = ABSOLUTE (.)

.onchip_memory2_0
                0x0000000000001dc4        0x0
                0x0000000000001dc4                PROVIDE (_alt_partition_onchip_memory2_0_start, ABSOLUTE (.))
 *(.onchip_memory2_0 .onchip_memory2_0. onchip_memory2_0.*)
                0x0000000000001dc4                . = ALIGN (0x4)
                0x0000000000001dc4                PROVIDE (_alt_partition_onchip_memory2_0_end, ABSOLUTE (.))
                0x0000000000001dc4                _end = ABSOLUTE (.)
                0x0000000000001dc4                end = ABSOLUTE (.)
                0x0000000000001dc4                __alt_stack_base = ABSOLUTE (.)
                0x0000000000001dc4                PROVIDE (_alt_partition_onchip_memory2_0_load_addr, LOADADDR (.onchip_memory2_0))

.stab
 *(.stab)

.stabstr
 *(.stabstr)

.stab.excl
 *(.stab.excl)

.stab.exclstr
 *(.stab.exclstr)

.stab.index
 *(.stab.index)

.stab.indexstr
 *(.stab.indexstr)

.comment        0x0000000000000000       0x23
 *(.comment)
 .comment       0x0000000000000000       0x23 obj/default/SDcard.o
                                         0x24 (size before relaxing)
 .comment       0x0000000000000000       0x24 obj/default/SPI.o
 .comment       0x0000000000000000       0x24 obj/default/main.o
 .comment       0x0000000000000000       0x24 d:/programy/quartusprimelite/nios2eds/bin/gnu/h-x86_64-mingw32/bin/../lib/gcc/nios2-elf/4.9.2/../../../../../H-x86_64-mingw32/nios2-elf/lib/mno-hw-mul\libsmallc.a(lib_a-memcpy.o)
 .comment       0x0000000000000000       0x24 d:/programy/quartusprimelite/nios2eds/bin/gnu/h-x86_64-mingw32/bin/../lib/gcc/nios2-elf/4.9.2/../../../../../H-x86_64-mingw32/nios2-elf/lib/mno-hw-mul\libsmallc.a(lib_a-memset.o)
 .comment       0x0000000000000000       0x24 ../SPI_bsp/\libhal_bsp.a(alt_iic.o)
 .comment       0x0000000000000000       0x24 ../SPI_bsp/\libhal_bsp.a(alt_iic_isr_register.o)
 .comment       0x0000000000000000       0x24 ../SPI_bsp/\libhal_bsp.a(alt_irq_handler.o)
 .comment       0x0000000000000000       0x24 ../SPI_bsp/\libhal_bsp.a(alt_irq_vars.o)
 .comment       0x0000000000000000       0x24 ../SPI_bsp/\libhal_bsp.a(alt_load.o)
 .comment       0x0000000000000000       0x24 ../SPI_bsp/\libhal_bsp.a(alt_main.o)
 .comment       0x0000000000000000       0x24 ../SPI_bsp/\libhal_bsp.a(alt_printf.o)
 .comment       0x0000000000000000       0x24 ../SPI_bsp/\libhal_bsp.a(alt_putchar.o)
 .comment       0x0000000000000000       0x24 ../SPI_bsp/\libhal_bsp.a(alt_sys_init.o)
 .comment       0x0000000000000000       0x24 ../SPI_bsp/\libhal_bsp.a(altera_avalon_jtag_uart_write.o)
 .comment       0x0000000000000000       0x24 ../SPI_bsp/\libhal_bsp.a(alt_dcache_flush_all.o)
 .comment       0x0000000000000000       0x24 ../SPI_bsp/\libhal_bsp.a(alt_icache_flush_all.o)
 .comment       0x0000000000000000       0x24 ../SPI_bsp/\libhal_bsp.a(alt_instruction_exception_entry.o)
 .comment       0x0000000000000000       0x24 ../SPI_bsp/\libhal_bsp.a(altera_nios2_gen2_irq.o)

.debug
 *(.debug)

.line
 *(.line)

.debug_srcinfo
 *(.debug_srcinfo)

.debug_sfnames
 *(.debug_sfnames)

.debug_aranges  0x0000000000000000      0x2f8
 *(.debug_aranges)
 .debug_aranges
                0x0000000000000000       0x28 ../SPI_bsp//obj/HAL/src/crt0.o
 .debug_aranges
                0x0000000000000028       0x20 obj/default/SDcard.o
 .debug_aranges
                0x0000000000000048       0x20 obj/default/SPI.o
 .debug_aranges
                0x0000000000000068       0x28 obj/default/main.o
 .debug_aranges
                0x0000000000000090       0x20 d:/programy/quartusprimelite/nios2eds/bin/gnu/h-x86_64-mingw32/bin/../lib/gcc/nios2-elf/4.9.2/../../../../../H-x86_64-mingw32/nios2-elf/lib/mno-hw-mul\libsmallc.a(lib_a-memcpy.o)
 .debug_aranges
                0x00000000000000b0       0x20 d:/programy/quartusprimelite/nios2eds/bin/gnu/h-x86_64-mingw32/bin/../lib/gcc/nios2-elf/4.9.2/../../../../../H-x86_64-mingw32/nios2-elf/lib/mno-hw-mul\libsmallc.a(lib_a-memset.o)
 .debug_aranges
                0x00000000000000d0       0x20 ../SPI_bsp/\libhal_bsp.a(alt_iic.o)
 .debug_aranges
                0x00000000000000f0       0x20 ../SPI_bsp/\libhal_bsp.a(alt_iic_isr_register.o)
 .debug_aranges
                0x0000000000000110       0x30 ../SPI_bsp/\libhal_bsp.a(alt_irq_entry.o)
 .debug_aranges
                0x0000000000000140       0x20 ../SPI_bsp/\libhal_bsp.a(alt_irq_handler.o)
 .debug_aranges
                0x0000000000000160       0x18 ../SPI_bsp/\libhal_bsp.a(alt_irq_vars.o)
 .debug_aranges
                0x0000000000000178       0x20 ../SPI_bsp/\libhal_bsp.a(alt_load.o)
 .debug_aranges
                0x0000000000000198       0x20 ../SPI_bsp/\libhal_bsp.a(alt_main.o)
 .debug_aranges
                0x00000000000001b8       0x20 ../SPI_bsp/\libhal_bsp.a(alt_printf.o)
 .debug_aranges
                0x00000000000001d8       0x20 ../SPI_bsp/\libhal_bsp.a(alt_putchar.o)
 .debug_aranges
                0x00000000000001f8       0x20 ../SPI_bsp/\libhal_bsp.a(alt_sys_init.o)
 .debug_aranges
                0x0000000000000218       0x20 ../SPI_bsp/\libhal_bsp.a(altera_avalon_jtag_uart_write.o)
 .debug_aranges
                0x0000000000000238       0x20 ../SPI_bsp/\libhal_bsp.a(alt_dcache_flush_all.o)
 .debug_aranges
                0x0000000000000258       0x38 ../SPI_bsp/\libhal_bsp.a(alt_exception_entry.o)
 .debug_aranges
                0x0000000000000290       0x20 ../SPI_bsp/\libhal_bsp.a(alt_icache_flush_all.o)
 .debug_aranges
                0x00000000000002b0       0x28 ../SPI_bsp/\libhal_bsp.a(alt_instruction_exception_entry.o)
 .debug_aranges
                0x00000000000002d8       0x20 ../SPI_bsp/\libhal_bsp.a(altera_nios2_gen2_irq.o)

.debug_pubnames
 *(.debug_pubnames)

.debug_info     0x0000000000000000     0x217d
 *(.debug_info .gnu.linkonce.wi.*)
 .debug_info    0x0000000000000000       0x77 ../SPI_bsp//obj/HAL/src/crt0.o
 .debug_info    0x0000000000000077      0x548 obj/default/SDcard.o
 .debug_info    0x00000000000005bf      0x292 obj/default/SPI.o
 .debug_info    0x0000000000000851      0x1ff obj/default/main.o
 .debug_info    0x0000000000000a50      0x106 d:/programy/quartusprimelite/nios2eds/bin/gnu/h-x86_64-mingw32/bin/../lib/gcc/nios2-elf/4.9.2/../../../../../H-x86_64-mingw32/nios2-elf/lib/mno-hw-mul\libsmallc.a(lib_a-memcpy.o)
 .debug_info    0x0000000000000b56       0xd5 d:/programy/quartusprimelite/nios2eds/bin/gnu/h-x86_64-mingw32/bin/../lib/gcc/nios2-elf/4.9.2/../../../../../H-x86_64-mingw32/nios2-elf/lib/mno-hw-mul\libsmallc.a(lib_a-memset.o)
 .debug_info    0x0000000000000c2b      0x39d ../SPI_bsp/\libhal_bsp.a(alt_iic.o)
 .debug_info    0x0000000000000fc8      0x249 ../SPI_bsp/\libhal_bsp.a(alt_iic_isr_register.o)
 .debug_info    0x0000000000001211       0x80 ../SPI_bsp/\libhal_bsp.a(alt_irq_entry.o)
 .debug_info    0x0000000000001291      0x185 ../SPI_bsp/\libhal_bsp.a(alt_irq_handler.o)
 .debug_info    0x0000000000001416       0x88 ../SPI_bsp/\libhal_bsp.a(alt_irq_vars.o)
 .debug_info    0x000000000000149e      0x1ba ../SPI_bsp/\libhal_bsp.a(alt_load.o)
 .debug_info    0x0000000000001658      0x17b ../SPI_bsp/\libhal_bsp.a(alt_main.o)
 .debug_info    0x00000000000017d3      0x153 ../SPI_bsp/\libhal_bsp.a(alt_printf.o)
 .debug_info    0x0000000000001926      0x138 ../SPI_bsp/\libhal_bsp.a(alt_putchar.o)
 .debug_info    0x0000000000001a5e      0x17a ../SPI_bsp/\libhal_bsp.a(alt_sys_init.o)
 .debug_info    0x0000000000001bd8      0x190 ../SPI_bsp/\libhal_bsp.a(altera_avalon_jtag_uart_write.o)
 .debug_info    0x0000000000001d68       0x8b ../SPI_bsp/\libhal_bsp.a(alt_dcache_flush_all.o)
 .debug_info    0x0000000000001df3       0x86 ../SPI_bsp/\libhal_bsp.a(alt_exception_entry.o)
 .debug_info    0x0000000000001e79       0x8b ../SPI_bsp/\libhal_bsp.a(alt_icache_flush_all.o)
 .debug_info    0x0000000000001f04      0x1ee ../SPI_bsp/\libhal_bsp.a(alt_instruction_exception_entry.o)
 .debug_info    0x00000000000020f2       0x8b ../SPI_bsp/\libhal_bsp.a(altera_nios2_gen2_irq.o)

.debug_abbrev   0x0000000000000000     0x10bc
 *(.debug_abbrev)
 .debug_abbrev  0x0000000000000000       0x12 ../SPI_bsp//obj/HAL/src/crt0.o
 .debug_abbrev  0x0000000000000012      0x16b obj/default/SDcard.o
 .debug_abbrev  0x000000000000017d      0x11f obj/default/SPI.o
 .debug_abbrev  0x000000000000029c      0x11d obj/default/main.o
 .debug_abbrev  0x00000000000003b9       0xa4 d:/programy/quartusprimelite/nios2eds/bin/gnu/h-x86_64-mingw32/bin/../lib/gcc/nios2-elf/4.9.2/../../../../../H-x86_64-mingw32/nios2-elf/lib/mno-hw-mul\libsmallc.a(lib_a-memcpy.o)
 .debug_abbrev  0x000000000000045d       0x8e d:/programy/quartusprimelite/nios2eds/bin/gnu/h-x86_64-mingw32/bin/../lib/gcc/nios2-elf/4.9.2/../../../../../H-x86_64-mingw32/nios2-elf/lib/mno-hw-mul\libsmallc.a(lib_a-memset.o)
 .debug_abbrev  0x00000000000004eb      0x17d ../SPI_bsp/\libhal_bsp.a(alt_iic.o)
 .debug_abbrev  0x0000000000000668      0x1a6 ../SPI_bsp/\libhal_bsp.a(alt_iic_isr_register.o)
 .debug_abbrev  0x000000000000080e       0x12 ../SPI_bsp/\libhal_bsp.a(alt_irq_entry.o)
 .debug_abbrev  0x0000000000000820      0x122 ../SPI_bsp/\libhal_bsp.a(alt_irq_handler.o)
 .debug_abbrev  0x0000000000000942       0x40 ../SPI_bsp/\libhal_bsp.a(alt_irq_vars.o)
 .debug_abbrev  0x0000000000000982       0xd8 ../SPI_bsp/\libhal_bsp.a(alt_load.o)
 .debug_abbrev  0x0000000000000a5a      0x120 ../SPI_bsp/\libhal_bsp.a(alt_main.o)
 .debug_abbrev  0x0000000000000b7a       0xde ../SPI_bsp/\libhal_bsp.a(alt_printf.o)
 .debug_abbrev  0x0000000000000c58       0xd4 ../SPI_bsp/\libhal_bsp.a(alt_putchar.o)
 .debug_abbrev  0x0000000000000d2c      0x107 ../SPI_bsp/\libhal_bsp.a(alt_sys_init.o)
 .debug_abbrev  0x0000000000000e33       0xd5 ../SPI_bsp/\libhal_bsp.a(altera_avalon_jtag_uart_write.o)
 .debug_abbrev  0x0000000000000f08       0x42 ../SPI_bsp/\libhal_bsp.a(alt_dcache_flush_all.o)
 .debug_abbrev  0x0000000000000f4a       0x12 ../SPI_bsp/\libhal_bsp.a(alt_exception_entry.o)
 .debug_abbrev  0x0000000000000f5c       0x42 ../SPI_bsp/\libhal_bsp.a(alt_icache_flush_all.o)
 .debug_abbrev  0x0000000000000f9e       0xdc ../SPI_bsp/\libhal_bsp.a(alt_instruction_exception_entry.o)
 .debug_abbrev  0x000000000000107a       0x42 ../SPI_bsp/\libhal_bsp.a(altera_nios2_gen2_irq.o)

.debug_line     0x0000000000000000      0xfcf
 *(.debug_line)
 .debug_line    0x0000000000000000       0x66 ../SPI_bsp//obj/HAL/src/crt0.o
 .debug_line    0x0000000000000066       0xf5 obj/default/SDcard.o
 .debug_line    0x000000000000015b       0xaa obj/default/SPI.o
 .debug_line    0x0000000000000205       0xc5 obj/default/main.o
 .debug_line    0x00000000000002ca      0x15e d:/programy/quartusprimelite/nios2eds/bin/gnu/h-x86_64-mingw32/bin/../lib/gcc/nios2-elf/4.9.2/../../../../../H-x86_64-mingw32/nios2-elf/lib/mno-hw-mul\libsmallc.a(lib_a-memcpy.o)
 .debug_line    0x0000000000000428      0x15d d:/programy/quartusprimelite/nios2eds/bin/gnu/h-x86_64-mingw32/bin/../lib/gcc/nios2-elf/4.9.2/../../../../../H-x86_64-mingw32/nios2-elf/lib/mno-hw-mul\libsmallc.a(lib_a-memset.o)
 .debug_line    0x0000000000000585       0xf1 ../SPI_bsp/\libhal_bsp.a(alt_iic.o)
 .debug_line    0x0000000000000676       0xd6 ../SPI_bsp/\libhal_bsp.a(alt_iic_isr_register.o)
 .debug_line    0x000000000000074c       0x6b ../SPI_bsp/\libhal_bsp.a(alt_irq_entry.o)
 .debug_line    0x00000000000007b7       0xa5 ../SPI_bsp/\libhal_bsp.a(alt_irq_handler.o)
 .debug_line    0x000000000000085c       0x50 ../SPI_bsp/\libhal_bsp.a(alt_irq_vars.o)
 .debug_line    0x00000000000008ac       0xa6 ../SPI_bsp/\libhal_bsp.a(alt_load.o)
 .debug_line    0x0000000000000952       0xbd ../SPI_bsp/\libhal_bsp.a(alt_main.o)
 .debug_line    0x0000000000000a0f      0x116 ../SPI_bsp/\libhal_bsp.a(alt_printf.o)
 .debug_line    0x0000000000000b25       0x55 ../SPI_bsp/\libhal_bsp.a(alt_putchar.o)
 .debug_line    0x0000000000000b7a      0x101 ../SPI_bsp/\libhal_bsp.a(alt_sys_init.o)
 .debug_line    0x0000000000000c7b       0xf0 ../SPI_bsp/\libhal_bsp.a(altera_avalon_jtag_uart_write.o)
 .debug_line    0x0000000000000d6b       0x4e ../SPI_bsp/\libhal_bsp.a(alt_dcache_flush_all.o)
 .debug_line    0x0000000000000db9       0xb3 ../SPI_bsp/\libhal_bsp.a(alt_exception_entry.o)
 .debug_line    0x0000000000000e6c       0x4e ../SPI_bsp/\libhal_bsp.a(alt_icache_flush_all.o)
 .debug_line    0x0000000000000eba       0xc5 ../SPI_bsp/\libhal_bsp.a(alt_instruction_exception_entry.o)
 .debug_line    0x0000000000000f7f       0x50 ../SPI_bsp/\libhal_bsp.a(altera_nios2_gen2_irq.o)

.debug_frame    0x0000000000000000      0x438
 *(.debug_frame)
 .debug_frame   0x0000000000000000       0x74 obj/default/SDcard.o
 .debug_frame   0x0000000000000074       0xbc obj/default/SPI.o
 .debug_frame   0x0000000000000130       0x48 obj/default/main.o
 .debug_frame   0x0000000000000178       0x20 d:/programy/quartusprimelite/nios2eds/bin/gnu/h-x86_64-mingw32/bin/../lib/gcc/nios2-elf/4.9.2/../../../../../H-x86_64-mingw32/nios2-elf/lib/mno-hw-mul\libsmallc.a(lib_a-memcpy.o)
 .debug_frame   0x0000000000000198       0x20 d:/programy/quartusprimelite/nios2eds/bin/gnu/h-x86_64-mingw32/bin/../lib/gcc/nios2-elf/4.9.2/../../../../../H-x86_64-mingw32/nios2-elf/lib/mno-hw-mul\libsmallc.a(lib_a-memset.o)
 .debug_frame   0x00000000000001b8       0x50 ../SPI_bsp/\libhal_bsp.a(alt_iic.o)
 .debug_frame   0x0000000000000208       0x30 ../SPI_bsp/\libhal_bsp.a(alt_iic_isr_register.o)
 .debug_frame   0x0000000000000238       0x34 ../SPI_bsp/\libhal_bsp.a(alt_irq_handler.o)
 .debug_frame   0x000000000000026c       0x30 ../SPI_bsp/\libhal_bsp.a(alt_load.o)
 .debug_frame   0x000000000000029c       0x2c ../SPI_bsp/\libhal_bsp.a(alt_main.o)
 .debug_frame   0x00000000000002c8       0x54 ../SPI_bsp/\libhal_bsp.a(alt_printf.o)
 .debug_frame   0x000000000000031c       0x30 ../SPI_bsp/\libhal_bsp.a(alt_putchar.o)
 .debug_frame   0x000000000000034c       0x3c ../SPI_bsp/\libhal_bsp.a(alt_sys_init.o)
 .debug_frame   0x0000000000000388       0x20 ../SPI_bsp/\libhal_bsp.a(altera_avalon_jtag_uart_write.o)
 .debug_frame   0x00000000000003a8       0x20 ../SPI_bsp/\libhal_bsp.a(alt_dcache_flush_all.o)
 .debug_frame   0x00000000000003c8       0x20 ../SPI_bsp/\libhal_bsp.a(alt_icache_flush_all.o)
 .debug_frame   0x00000000000003e8       0x30 ../SPI_bsp/\libhal_bsp.a(alt_instruction_exception_entry.o)
 .debug_frame   0x0000000000000418       0x20 ../SPI_bsp/\libhal_bsp.a(altera_nios2_gen2_irq.o)

.debug_str      0x0000000000000000      0xd80
 *(.debug_str)
 .debug_str     0x0000000000000000      0x1c6 obj/default/SDcard.o
                                        0x208 (size before relaxing)
 .debug_str     0x00000000000001c6       0x58 obj/default/SPI.o
                                        0x194 (size before relaxing)
 .debug_str     0x000000000000021e       0x35 obj/default/main.o
                                        0x170 (size before relaxing)
 .debug_str     0x0000000000000253      0x14c d:/programy/quartusprimelite/nios2eds/bin/gnu/h-x86_64-mingw32/bin/../lib/gcc/nios2-elf/4.9.2/../../../../../H-x86_64-mingw32/nios2-elf/lib/mno-hw-mul\libsmallc.a(lib_a-memcpy.o)
                                        0x1e5 (size before relaxing)
 .debug_str     0x000000000000039f       0x3d d:/programy/quartusprimelite/nios2eds/bin/gnu/h-x86_64-mingw32/bin/../lib/gcc/nios2-elf/4.9.2/../../../../../H-x86_64-mingw32/nios2-elf/lib/mno-hw-mul\libsmallc.a(lib_a-memset.o)
                                        0x1d1 (size before relaxing)
 .debug_str     0x00000000000003dc      0x125 ../SPI_bsp/\libhal_bsp.a(alt_iic.o)
                                        0x23f (size before relaxing)
 .debug_str     0x0000000000000501       0x37 ../SPI_bsp/\libhal_bsp.a(alt_iic_isr_register.o)
                                        0x1f9 (size before relaxing)
 .debug_str     0x0000000000000538       0x3a ../SPI_bsp/\libhal_bsp.a(alt_irq_handler.o)
                                        0x183 (size before relaxing)
 .debug_str     0x0000000000000572       0x17 ../SPI_bsp/\libhal_bsp.a(alt_irq_vars.o)
                                        0x132 (size before relaxing)
 .debug_str     0x0000000000000589      0x113 ../SPI_bsp/\libhal_bsp.a(alt_load.o)
                                        0x228 (size before relaxing)
 .debug_str     0x000000000000069c       0x8f ../SPI_bsp/\libhal_bsp.a(alt_main.o)
                                        0x1a1 (size before relaxing)
 .debug_str     0x000000000000072b       0x59 ../SPI_bsp/\libhal_bsp.a(alt_printf.o)
                                         0xfe (size before relaxing)
 .debug_str     0x0000000000000784       0x60 ../SPI_bsp/\libhal_bsp.a(alt_putchar.o)
                                        0x179 (size before relaxing)
 .debug_str     0x00000000000007e4       0x81 ../SPI_bsp/\libhal_bsp.a(alt_sys_init.o)
                                        0x212 (size before relaxing)
 .debug_str     0x0000000000000865       0x32 ../SPI_bsp/\libhal_bsp.a(altera_avalon_jtag_uart_write.o)
                                        0x201 (size before relaxing)
 .debug_str     0x0000000000000897       0x1f ../SPI_bsp/\libhal_bsp.a(alt_dcache_flush_all.o)
                                        0x141 (size before relaxing)
 .debug_str     0x00000000000008b6       0x1f ../SPI_bsp/\libhal_bsp.a(alt_icache_flush_all.o)
                                        0x141 (size before relaxing)
 .debug_str     0x00000000000008d5      0x48b ../SPI_bsp/\libhal_bsp.a(alt_instruction_exception_entry.o)
                                        0x58b (size before relaxing)
 .debug_str     0x0000000000000d60       0x20 ../SPI_bsp/\libhal_bsp.a(altera_nios2_gen2_irq.o)
                                        0x148 (size before relaxing)

.debug_loc      0x0000000000000000      0xc1c
 *(.debug_loc)
 .debug_loc     0x0000000000000000      0x178 obj/default/SDcard.o
 .debug_loc     0x0000000000000178      0x259 obj/default/SPI.o
 .debug_loc     0x00000000000003d1       0x34 obj/default/main.o
 .debug_loc     0x0000000000000405      0x11b d:/programy/quartusprimelite/nios2eds/bin/gnu/h-x86_64-mingw32/bin/../lib/gcc/nios2-elf/4.9.2/../../../../../H-x86_64-mingw32/nios2-elf/lib/mno-hw-mul\libsmallc.a(lib_a-memcpy.o)
 .debug_loc     0x0000000000000520       0xa5 d:/programy/quartusprimelite/nios2eds/bin/gnu/h-x86_64-mingw32/bin/../lib/gcc/nios2-elf/4.9.2/../../../../../H-x86_64-mingw32/nios2-elf/lib/mno-hw-mul\libsmallc.a(lib_a-memset.o)
 .debug_loc     0x00000000000005c5      0x129 ../SPI_bsp/\libhal_bsp.a(alt_iic.o)
 .debug_loc     0x00000000000006ee      0x193 ../SPI_bsp/\libhal_bsp.a(alt_iic_isr_register.o)
 .debug_loc     0x0000000000000881       0x98 ../SPI_bsp/\libhal_bsp.a(alt_irq_handler.o)
 .debug_loc     0x0000000000000919      0x1c6 ../SPI_bsp/\libhal_bsp.a(alt_printf.o)
 .debug_loc     0x0000000000000adf       0x2c ../SPI_bsp/\libhal_bsp.a(alt_putchar.o)
 .debug_loc     0x0000000000000b0b       0x21 ../SPI_bsp/\libhal_bsp.a(alt_sys_init.o)
 .debug_loc     0x0000000000000b2c       0x8b ../SPI_bsp/\libhal_bsp.a(altera_avalon_jtag_uart_write.o)
 .debug_loc     0x0000000000000bb7       0x65 ../SPI_bsp/\libhal_bsp.a(alt_instruction_exception_entry.o)

.debug_macinfo
 *(.debug_macinfo)

.debug_weaknames
 *(.debug_weaknames)

.debug_funcnames
 *(.debug_funcnames)

.debug_typenames
 *(.debug_typenames)

.debug_varnames
 *(.debug_varnames)

.debug_alt_sim_info
                0x0000000000000000       0x10
 *(.debug_alt_sim_info)
 .debug_alt_sim_info
                0x0000000000000000       0x10 ../SPI_bsp//obj/HAL/src/crt0.o
                0x0000000000002000                __alt_data_end = 0x2000
                0x0000000000002000                PROVIDE (__alt_stack_pointer, __alt_data_end)
                0x0000000000001dc4                PROVIDE (__alt_stack_limit, __alt_stack_base)
                0x0000000000001dc4                PROVIDE (__alt_heap_start, end)
                0x0000000000002000                PROVIDE (__alt_heap_limit, 0x2000)
OUTPUT(SPI.elf elf32-littlenios2)

.debug_ranges   0x0000000000000000      0x138
 .debug_ranges  0x0000000000000000       0x20 ../SPI_bsp//obj/HAL/src/crt0.o
 .debug_ranges  0x0000000000000020       0x18 obj/default/main.o
 .debug_ranges  0x0000000000000038       0x10 d:/programy/quartusprimelite/nios2eds/bin/gnu/h-x86_64-mingw32/bin/../lib/gcc/nios2-elf/4.9.2/../../../../../H-x86_64-mingw32/nios2-elf/lib/mno-hw-mul\libsmallc.a(lib_a-memcpy.o)
 .debug_ranges  0x0000000000000048       0x10 d:/programy/quartusprimelite/nios2eds/bin/gnu/h-x86_64-mingw32/bin/../lib/gcc/nios2-elf/4.9.2/../../../../../H-x86_64-mingw32/nios2-elf/lib/mno-hw-mul\libsmallc.a(lib_a-memset.o)
 .debug_ranges  0x0000000000000058       0x28 ../SPI_bsp/\libhal_bsp.a(alt_irq_entry.o)
 .debug_ranges  0x0000000000000080       0x10 ../SPI_bsp/\libhal_bsp.a(alt_irq_handler.o)
 .debug_ranges  0x0000000000000090       0x48 ../SPI_bsp/\libhal_bsp.a(alt_load.o)
 .debug_ranges  0x00000000000000d8       0x18 ../SPI_bsp/\libhal_bsp.a(alt_printf.o)
 .debug_ranges  0x00000000000000f0       0x30 ../SPI_bsp/\libhal_bsp.a(alt_exception_entry.o)
 .debug_ranges  0x0000000000000120       0x18 ../SPI_bsp/\libhal_bsp.a(alt_instruction_exception_entry.o)
