Archive member included to satisfy reference by file (symbol)

d:/programy/quartusprimelite/nios2eds/bin/gnu/h-x86_64-mingw32/bin/../lib/gcc/nios2-elf/4.9.2/../../../../../H-x86_64-mingw32/nios2-elf/lib/mno-hw-mul\libsmallc.a(lib_a-memcpy.o)
                              obj/default/SDcard.o (memcpy)
d:/programy/quartusprimelite/nios2eds/bin/gnu/h-x86_64-mingw32/bin/../lib/gcc/nios2-elf/4.9.2/../../../../../H-x86_64-mingw32/nios2-elf/lib/mno-hw-mul\libsmallc.a(lib_a-memset.o)
                              obj/default/SDcard.o (memset)
../SPI_bsp/\libhal_bsp.a(alt_getchar.o)
                              obj/default/uart.o (alt_getchar)
../SPI_bsp/\libhal_bsp.a(alt_iic.o)
                              obj/default/main.o (alt_ic_isr_register)
../SPI_bsp/\libhal_bsp.a(alt_iic_isr_register.o)
                              ../SPI_bsp/\libhal_bsp.a(alt_iic.o) (alt_iic_isr_register)
../SPI_bsp/\libhal_bsp.a(alt_irq_entry.o)
                              ../SPI_bsp/\libhal_bsp.a(alt_iic_isr_register.o) (alt_irq_entry)
../SPI_bsp/\libhal_bsp.a(alt_irq_handler.o)
                              ../SPI_bsp/\libhal_bsp.a(alt_iic_isr_register.o) (alt_irq_handler)
../SPI_bsp/\libhal_bsp.a(alt_irq_vars.o)
                              ../SPI_bsp/\libhal_bsp.a(alt_iic.o) (alt_irq_active)
../SPI_bsp/\libhal_bsp.a(alt_load.o)
                              ../SPI_bsp//obj/HAL/src/crt0.o (alt_load)
../SPI_bsp/\libhal_bsp.a(alt_main.o)
                              ../SPI_bsp//obj/HAL/src/crt0.o (alt_main)
../SPI_bsp/\libhal_bsp.a(alt_printf.o)
                              obj/default/SDcard.o (alt_printf)
../SPI_bsp/\libhal_bsp.a(alt_putchar.o)
                              ../SPI_bsp/\libhal_bsp.a(alt_printf.o) (alt_putchar)
../SPI_bsp/\libhal_bsp.a(alt_sys_init.o)
                              ../SPI_bsp/\libhal_bsp.a(alt_main.o) (alt_irq_init)
../SPI_bsp/\libhal_bsp.a(altera_avalon_uart_read.o)
                              ../SPI_bsp/\libhal_bsp.a(alt_getchar.o) (altera_avalon_uart_read)
../SPI_bsp/\libhal_bsp.a(altera_avalon_uart_write.o)
                              ../SPI_bsp/\libhal_bsp.a(alt_putchar.o) (altera_avalon_uart_write)
../SPI_bsp/\libhal_bsp.a(alt_dcache_flush_all.o)
                              ../SPI_bsp/\libhal_bsp.a(alt_load.o) (alt_dcache_flush_all)
../SPI_bsp/\libhal_bsp.a(alt_dev.o)
                              ../SPI_bsp/\libhal_bsp.a(alt_getchar.o) (alt_fd_list)
../SPI_bsp/\libhal_bsp.a(alt_errno.o)
                              ../SPI_bsp/\libhal_bsp.a(altera_avalon_uart_read.o) (alt_errno)
../SPI_bsp/\libhal_bsp.a(alt_exception_entry.o)
                              ../SPI_bsp/\libhal_bsp.a(alt_irq_entry.o) (alt_exception)
../SPI_bsp/\libhal_bsp.a(alt_icache_flush_all.o)
                              ../SPI_bsp/\libhal_bsp.a(alt_load.o) (alt_icache_flush_all)
../SPI_bsp/\libhal_bsp.a(alt_instruction_exception_entry.o)
                              ../SPI_bsp/\libhal_bsp.a(alt_exception_entry.o) (alt_instruction_exception_entry)
../SPI_bsp/\libhal_bsp.a(altera_nios2_gen2_irq.o)
                              ../SPI_bsp/\libhal_bsp.a(alt_sys_init.o) (altera_nios2_gen2_irq_init)
d:/programy/quartusprimelite/nios2eds/bin/gnu/h-x86_64-mingw32/bin/../lib/gcc/nios2-elf/4.9.2/../../../../../H-x86_64-mingw32/nios2-elf/lib/mno-hw-mul\libsmallc.a(lib_a-int_errno.o)
                              ../SPI_bsp/\libhal_bsp.a(altera_avalon_uart_read.o) (errno)

Allocating common symbols
Common symbol       size              file

alt_irq             0x100             ../SPI_bsp/\libhal_bsp.a(alt_irq_handler.o)
errno               0x4               d:/programy/quartusprimelite/nios2eds/bin/gnu/h-x86_64-mingw32/bin/../lib/gcc/nios2-elf/4.9.2/../../../../../H-x86_64-mingw32/nios2-elf/lib/mno-hw-mul\libsmallc.a(lib_a-int_errno.o)
buf                 0x204             obj/default/main.o

Memory Configuration

Name             Origin             Length             Attributes
reset            0x0000000000002000 0x0000000000000020
onchip_memory2_0 0x0000000000002020 0x0000000000001fe0
*default*        0x0000000000000000 0xffffffffffffffff

Linker script and memory map

LOAD ../SPI_bsp//obj/HAL/src/crt0.o
LOAD obj/default/SDcard.o
LOAD obj/default/SPI.o
LOAD obj/default/main.o
LOAD obj/default/uart.o
LOAD d:/programy/quartusprimelite/nios2eds/bin/gnu/h-x86_64-mingw32/bin/../lib/gcc/nios2-elf/4.9.2/../../../../../H-x86_64-mingw32/nios2-elf/lib/mno-hw-mul\libstdc++.a
LOAD d:/programy/quartusprimelite/nios2eds/bin/gnu/h-x86_64-mingw32/bin/../lib/gcc/nios2-elf/4.9.2/../../../../../H-x86_64-mingw32/nios2-elf/lib/mno-hw-mul\libm.a
LOAD d:/programy/quartusprimelite/nios2eds/bin/gnu/h-x86_64-mingw32/bin/../lib/gcc/nios2-elf/4.9.2/mno-hw-mul\libgcc.a
START GROUP
LOAD d:/programy/quartusprimelite/nios2eds/bin/gnu/h-x86_64-mingw32/bin/../lib/gcc/nios2-elf/4.9.2/../../../../../H-x86_64-mingw32/nios2-elf/lib/mno-hw-mul\libsmallc.a
LOAD d:/programy/quartusprimelite/nios2eds/bin/gnu/h-x86_64-mingw32/bin/../lib/gcc/nios2-elf/4.9.2/mno-hw-mul\libgcc.a
LOAD ../SPI_bsp/\libhal_bsp.a
LOAD d:/programy/quartusprimelite/nios2eds/bin/gnu/h-x86_64-mingw32/bin/../lib/gcc/nios2-elf/4.9.2/../../../../../H-x86_64-mingw32/nios2-elf/lib/mno-hw-mul\libm.a
END GROUP
LOAD d:/programy/quartusprimelite/nios2eds/bin/gnu/h-x86_64-mingw32/bin/../lib/gcc/nios2-elf/4.9.2/mno-hw-mul\libgcc.a
                0x0000000000002000                __alt_mem_onchip_memory2_0 = 0x2000

.entry          0x0000000000002000       0x20
 *(.entry)
 .entry         0x0000000000002000       0x20 ../SPI_bsp//obj/HAL/src/crt0.o
                0x0000000000002000                __reset
                0x000000000000200c                _exit

.exceptions     0x0000000000002020      0x164
                0x0000000000002020                PROVIDE (__ram_exceptions_start, ABSOLUTE (.))
                0x0000000000002020                . = ALIGN (0x20)
 *(.irq)
 *(.exceptions.entry.label)
 .exceptions.entry.label
                0x0000000000002020        0x0 ../SPI_bsp/\libhal_bsp.a(alt_irq_entry.o)
                0x0000000000002020                alt_irq_entry
 .exceptions.entry.label
                0x0000000000002020        0x0 ../SPI_bsp/\libhal_bsp.a(alt_exception_entry.o)
                0x0000000000002020                alt_exception
 *(.exceptions.entry.user)
 *(.exceptions.entry.ecc_fatal)
 *(.exceptions.entry)
 .exceptions.entry
                0x0000000000002020       0x54 ../SPI_bsp/\libhal_bsp.a(alt_exception_entry.o)
 *(.exceptions.irqtest.user)
 *(.exceptions.irqtest)
 .exceptions.irqtest
                0x0000000000002074       0x10 ../SPI_bsp/\libhal_bsp.a(alt_irq_entry.o)
 *(.exceptions.irqhandler.user)
 *(.exceptions.irqhandler)
 .exceptions.irqhandler
                0x0000000000002084        0x4 ../SPI_bsp/\libhal_bsp.a(alt_irq_entry.o)
 *(.exceptions.irqreturn.user)
 *(.exceptions.irqreturn)
 .exceptions.irqreturn
                0x0000000000002088        0x4 ../SPI_bsp/\libhal_bsp.a(alt_irq_entry.o)
 *(.exceptions.notirq.label)
 .exceptions.notirq.label
                0x000000000000208c        0x0 ../SPI_bsp/\libhal_bsp.a(alt_irq_entry.o)
 *(.exceptions.notirq.user)
 *(.exceptions.notirq)
 .exceptions.notirq
                0x000000000000208c        0x8 ../SPI_bsp/\libhal_bsp.a(alt_exception_entry.o)
 *(.exceptions.soft.user)
 *(.exceptions.soft)
 *(.exceptions.unknown.user)
 *(.exceptions.unknown)
 .exceptions.unknown
                0x0000000000002094       0x14 ../SPI_bsp/\libhal_bsp.a(alt_exception_entry.o)
 *(.exceptions.exit.label)
 .exceptions.exit.label
                0x00000000000020a8        0x0 ../SPI_bsp/\libhal_bsp.a(alt_irq_entry.o)
 .exceptions.exit.label
                0x00000000000020a8        0x0 ../SPI_bsp/\libhal_bsp.a(alt_exception_entry.o)
 *(.exceptions.exit.user)
 *(.exceptions.exit)
 .exceptions.exit
                0x00000000000020a8       0x54 ../SPI_bsp/\libhal_bsp.a(alt_exception_entry.o)
 *(.exceptions)
 .exceptions    0x00000000000020fc       0x64 ../SPI_bsp/\libhal_bsp.a(alt_irq_handler.o)
                0x00000000000020fc                alt_irq_handler
 .exceptions    0x0000000000002160       0x24 ../SPI_bsp/\libhal_bsp.a(alt_instruction_exception_entry.o)
                0x0000000000002160                alt_instruction_exception_entry
                0x0000000000002184                PROVIDE (__ram_exceptions_end, ABSOLUTE (.))
                0x0000000000002020                PROVIDE (__flash_exceptions_start, LOADADDR (.exceptions))

.text           0x0000000000002184      0xddc
                0x0000000000002184                PROVIDE (stext, ABSOLUTE (.))
 *(.interp)
 *(.hash)
 *(.dynsym)
 *(.dynstr)
 *(.gnu.version)
 *(.gnu.version_d)
 *(.gnu.version_r)
 *(.rel.init)
 *(.rela.init)
 *(.rel.text .rel.text.* .rel.gnu.linkonce.t.*)
 *(.rela.text .rela.text.* .rela.gnu.linkonce.t.*)
 *(.rel.fini)
 *(.rela.fini)
 *(.rel.rodata .rel.rodata.* .rel.gnu.linkonce.r.*)
 *(.rela.rodata .rela.rodata.* .rela.gnu.linkonce.r.*)
 *(.rel.data .rel.data.* .rel.gnu.linkonce.d.*)
 *(.rela.data .rela.data.* .rela.gnu.linkonce.d.*)
 *(.rel.tdata .rel.tdata.* .rel.gnu.linkonce.td.*)
 *(.rela.tdata .rela.tdata.* .rela.gnu.linkonce.td.*)
 *(.rel.tbss .rel.tbss.* .rel.gnu.linkonce.tb.*)
 *(.rela.tbss .rela.tbss.* .rela.gnu.linkonce.tb.*)
 *(.rel.ctors)
 *(.rela.ctors)
 *(.rel.dtors)
 *(.rela.dtors)
 *(.rel.got)
 *(.rela.got)
 *(.rel.sdata .rel.sdata.* .rel.gnu.linkonce.s.*)
 *(.rela.sdata .rela.sdata.* .rela.gnu.linkonce.s.*)
 *(.rel.sbss .rel.sbss.* .rel.gnu.linkonce.sb.*)
 *(.rela.sbss .rela.sbss.* .rela.gnu.linkonce.sb.*)
 *(.rel.sdata2 .rel.sdata2.* .rel.gnu.linkonce.s2.*)
 *(.rela.sdata2 .rela.sdata2.* .rela.gnu.linkonce.s2.*)
 *(.rel.sbss2 .rel.sbss2.* .rel.gnu.linkonce.sb2.*)
 *(.rela.sbss2 .rela.sbss2.* .rela.gnu.linkonce.sb2.*)
 *(.rel.bss .rel.bss.* .rel.gnu.linkonce.b.*)
 *(.rela.bss .rela.bss.* .rela.gnu.linkonce.b.*)
 *(.rel.plt)
 *(.rela.plt)
 *(.rel.dyn)
 *(.init)
 *(.plt)
 *(.text .stub .text.* .gnu.linkonce.t.*)
 .text          0x0000000000002184       0x3c ../SPI_bsp//obj/HAL/src/crt0.o
                0x0000000000002184                _start
 .text          0x00000000000021c0      0x350 obj/default/SDcard.o
                0x00000000000021c0                delay
                0x00000000000021c4                sdCard_SendCommand
                0x000000000000229c                sdCard_Init
                0x0000000000002448                sdCard_ReadData
 .text          0x0000000000002510      0x188 obj/default/SPI.o
                0x0000000000002510                spi_SelectSlave
                0x0000000000002528                spi_DeselectSlave
                0x0000000000002544                spi_SendByte
                0x00000000000025ac                spi_SendData
                0x0000000000002650                spi_IsData
                0x0000000000002660                spi_ReadData
 .text          0x0000000000002698       0x8c obj/default/main.o
 .text.startup  0x0000000000002724       0xbc obj/default/main.o
                0x0000000000002724                main
 .text          0x00000000000027e0      0x14c obj/default/uart.o
                0x00000000000027e0                uart_test
                0x0000000000002864                uart_manage
 .text          0x000000000000292c        0x0 d:/programy/quartusprimelite/nios2eds/bin/gnu/h-x86_64-mingw32/bin/../lib/gcc/nios2-elf/4.9.2/../../../../../H-x86_64-mingw32/nios2-elf/lib/mno-hw-mul\libsmallc.a(lib_a-memcpy.o)
 .text.memcpy   0x000000000000292c       0x28 d:/programy/quartusprimelite/nios2eds/bin/gnu/h-x86_64-mingw32/bin/../lib/gcc/nios2-elf/4.9.2/../../../../../H-x86_64-mingw32/nios2-elf/lib/mno-hw-mul\libsmallc.a(lib_a-memcpy.o)
                0x000000000000292c                memcpy
 .text          0x0000000000002954        0x0 d:/programy/quartusprimelite/nios2eds/bin/gnu/h-x86_64-mingw32/bin/../lib/gcc/nios2-elf/4.9.2/../../../../../H-x86_64-mingw32/nios2-elf/lib/mno-hw-mul\libsmallc.a(lib_a-memset.o)
 .text.memset   0x0000000000002954       0x20 d:/programy/quartusprimelite/nios2eds/bin/gnu/h-x86_64-mingw32/bin/../lib/gcc/nios2-elf/4.9.2/../../../../../H-x86_64-mingw32/nios2-elf/lib/mno-hw-mul\libsmallc.a(lib_a-memset.o)
                0x0000000000002954                memset
 .text          0x0000000000002974       0x44 ../SPI_bsp/\libhal_bsp.a(alt_getchar.o)
                0x0000000000002974                alt_getchar
 .text          0x00000000000029b8       0x9c ../SPI_bsp/\libhal_bsp.a(alt_iic.o)
                0x00000000000029b8                alt_ic_isr_register
                0x00000000000029bc                alt_ic_irq_enable
                0x00000000000029fc                alt_ic_irq_disable
                0x0000000000002a3c                alt_ic_irq_enabled
 .text          0x0000000000002a54       0x68 ../SPI_bsp/\libhal_bsp.a(alt_iic_isr_register.o)
                0x0000000000002a54                alt_iic_isr_register
 .text          0x0000000000002abc        0x0 ../SPI_bsp/\libhal_bsp.a(alt_irq_entry.o)
 .text          0x0000000000002abc        0x0 ../SPI_bsp/\libhal_bsp.a(alt_irq_handler.o)
 .text          0x0000000000002abc        0x0 ../SPI_bsp/\libhal_bsp.a(alt_irq_vars.o)
 .text          0x0000000000002abc       0xf8 ../SPI_bsp/\libhal_bsp.a(alt_load.o)
                0x0000000000002abc                alt_load
 .text          0x0000000000002bb4       0x2c ../SPI_bsp/\libhal_bsp.a(alt_main.o)
                0x0000000000002bb4                alt_main
 .text          0x0000000000002be0      0x16c ../SPI_bsp/\libhal_bsp.a(alt_printf.o)
                0x0000000000002be0                alt_printf
 .text          0x0000000000002d4c       0x48 ../SPI_bsp/\libhal_bsp.a(alt_putchar.o)
                0x0000000000002d4c                alt_putchar
 .text          0x0000000000002d94       0x24 ../SPI_bsp/\libhal_bsp.a(alt_sys_init.o)
                0x0000000000002d94                alt_irq_init
                0x0000000000002db4                alt_sys_init
 .text          0x0000000000002db8       0x8c ../SPI_bsp/\libhal_bsp.a(altera_avalon_uart_read.o)
                0x0000000000002db8                altera_avalon_uart_read
 .text          0x0000000000002e44       0x90 ../SPI_bsp/\libhal_bsp.a(altera_avalon_uart_write.o)
                0x0000000000002e44                altera_avalon_uart_write
 .text          0x0000000000002ed4        0x4 ../SPI_bsp/\libhal_bsp.a(alt_dcache_flush_all.o)
                0x0000000000002ed4                alt_dcache_flush_all
 .text          0x0000000000002ed8        0x8 ../SPI_bsp/\libhal_bsp.a(alt_dev.o)
 .text          0x0000000000002ee0        0x0 ../SPI_bsp/\libhal_bsp.a(alt_errno.o)
 .text          0x0000000000002ee0        0x0 ../SPI_bsp/\libhal_bsp.a(alt_exception_entry.o)
 .text          0x0000000000002ee0        0x4 ../SPI_bsp/\libhal_bsp.a(alt_icache_flush_all.o)
                0x0000000000002ee0                alt_icache_flush_all
 .text          0x0000000000002ee4       0x74 ../SPI_bsp/\libhal_bsp.a(alt_instruction_exception_entry.o)
                0x0000000000002ee4                alt_exception_cause_generated_bad_addr
 .text          0x0000000000002f58        0x8 ../SPI_bsp/\libhal_bsp.a(altera_nios2_gen2_irq.o)
                0x0000000000002f58                altera_nios2_gen2_irq_init
 .text          0x0000000000002f60        0x0 d:/programy/quartusprimelite/nios2eds/bin/gnu/h-x86_64-mingw32/bin/../lib/gcc/nios2-elf/4.9.2/../../../../../H-x86_64-mingw32/nios2-elf/lib/mno-hw-mul\libsmallc.a(lib_a-int_errno.o)
 *(.gnu.warning.*)
 *(.fini)
                0x0000000000002f60                PROVIDE (__etext, ABSOLUTE (.))
                0x0000000000002f60                PROVIDE (_etext, ABSOLUTE (.))
                0x0000000000002f60                PROVIDE (etext, ABSOLUTE (.))
 *(.eh_frame_hdr)
                0x0000000000002f60                . = ALIGN (0x4)
                0x0000000000002f60                PROVIDE (__preinit_array_start, ABSOLUTE (.))
 *(.preinit_array)
                0x0000000000002f60                PROVIDE (__preinit_array_end, ABSOLUTE (.))
                0x0000000000002f60                PROVIDE (__init_array_start, ABSOLUTE (.))
 *(.init_array)
                0x0000000000002f60                PROVIDE (__init_array_end, ABSOLUTE (.))
                0x0000000000002f60                PROVIDE (__fini_array_start, ABSOLUTE (.))
 *(.fini_array)
                0x0000000000002f60                PROVIDE (__fini_array_end, ABSOLUTE (.))
 *(.eh_frame)
 *(.gcc_except_table .gcc_except_table.*)
 *(.dynamic)
                0x0000000000002f60                PROVIDE (__CTOR_LIST__, ABSOLUTE (.))
 *(.ctors)
 *(SORT(.ctors.*))
                0x0000000000002f60                PROVIDE (__CTOR_END__, ABSOLUTE (.))
                0x0000000000002f60                PROVIDE (__DTOR_LIST__, ABSOLUTE (.))
 *(.dtors)
 *(SORT(.dtors.*))
                0x0000000000002f60                PROVIDE (__DTOR_END__, ABSOLUTE (.))
 *(.jcr)
                0x0000000000002f60                . = ALIGN (0x4)

.rodata         0x0000000000002f60      0x128
                0x0000000000002f60                PROVIDE (__ram_rodata_start, ABSOLUTE (.))
                0x0000000000002f60                . = ALIGN (0x4)
 *(.rodata .rodata.* .gnu.linkonce.r.*)
 .rodata.str1.4
                0x0000000000002f60       0x33 obj/default/SDcard.o
                                         0x34 (size before relaxing)
 .rodata        0x0000000000002f93       0x23 obj/default/SDcard.o
 *fill*         0x0000000000002fb6        0x2 
 .rodata.str1.4
                0x0000000000002fb8       0xa4 obj/default/main.o
 .rodata.str1.4
                0x000000000000305c       0x1f obj/default/uart.o
                                         0x20 (size before relaxing)
 *fill*         0x000000000000307b        0x1 
 .rodata.str1.4
                0x000000000000307c        0xc ../SPI_bsp/\libhal_bsp.a(alt_dev.o)
 *(.rodata1)
                0x0000000000003088                . = ALIGN (0x4)
                0x0000000000003088                PROVIDE (__ram_rodata_end, ABSOLUTE (.))
                0x0000000000002f60                PROVIDE (__flash_rodata_start, LOADADDR (.rodata))

.rwdata         0x0000000000003088       0x78 load address 0x0000000000003100
                0x0000000000003088                PROVIDE (__ram_rwdata_start, ABSOLUTE (.))
                0x0000000000003088                . = ALIGN (0x4)
 *(.got.plt)
 *(.got)
 *(.data1)
 *(.data .data.* .gnu.linkonce.d.*)
 .data          0x0000000000003088        0x0 ../SPI_bsp//obj/HAL/src/crt0.o
 .data          0x0000000000003088        0x0 obj/default/SDcard.o
 .data          0x0000000000003088        0x0 obj/default/SPI.o
 .data          0x0000000000003088        0x0 obj/default/main.o
 .data          0x0000000000003088        0x0 obj/default/uart.o
 .data          0x0000000000003088        0x0 d:/programy/quartusprimelite/nios2eds/bin/gnu/h-x86_64-mingw32/bin/../lib/gcc/nios2-elf/4.9.2/../../../../../H-x86_64-mingw32/nios2-elf/lib/mno-hw-mul\libsmallc.a(lib_a-memcpy.o)
 .data          0x0000000000003088        0x0 d:/programy/quartusprimelite/nios2eds/bin/gnu/h-x86_64-mingw32/bin/../lib/gcc/nios2-elf/4.9.2/../../../../../H-x86_64-mingw32/nios2-elf/lib/mno-hw-mul\libsmallc.a(lib_a-memset.o)
 .data          0x0000000000003088        0x0 ../SPI_bsp/\libhal_bsp.a(alt_getchar.o)
 .data          0x0000000000003088        0x0 ../SPI_bsp/\libhal_bsp.a(alt_iic.o)
 .data          0x0000000000003088        0x0 ../SPI_bsp/\libhal_bsp.a(alt_iic_isr_register.o)
 .data          0x0000000000003088        0x0 ../SPI_bsp/\libhal_bsp.a(alt_irq_entry.o)
 .data          0x0000000000003088        0x0 ../SPI_bsp/\libhal_bsp.a(alt_irq_handler.o)
 .data          0x0000000000003088        0x0 ../SPI_bsp/\libhal_bsp.a(alt_irq_vars.o)
 .data          0x0000000000003088        0x0 ../SPI_bsp/\libhal_bsp.a(alt_load.o)
 .data          0x0000000000003088        0x0 ../SPI_bsp/\libhal_bsp.a(alt_main.o)
 .data          0x0000000000003088        0x0 ../SPI_bsp/\libhal_bsp.a(alt_printf.o)
 .data          0x0000000000003088        0x0 ../SPI_bsp/\libhal_bsp.a(alt_putchar.o)
 .data          0x0000000000003088        0x0 ../SPI_bsp/\libhal_bsp.a(alt_sys_init.o)
 .data          0x0000000000003088        0x0 ../SPI_bsp/\libhal_bsp.a(altera_avalon_uart_read.o)
 .data          0x0000000000003088        0x0 ../SPI_bsp/\libhal_bsp.a(altera_avalon_uart_write.o)
 .data          0x0000000000003088        0x0 ../SPI_bsp/\libhal_bsp.a(alt_dcache_flush_all.o)
 .data          0x0000000000003088       0x58 ../SPI_bsp/\libhal_bsp.a(alt_dev.o)
                0x0000000000003088                alt_fd_list
                0x00000000000030b8                alt_dev_null
 .data          0x00000000000030e0        0x0 ../SPI_bsp/\libhal_bsp.a(alt_errno.o)
 .data          0x00000000000030e0        0x0 ../SPI_bsp/\libhal_bsp.a(alt_exception_entry.o)
 .data          0x00000000000030e0        0x0 ../SPI_bsp/\libhal_bsp.a(alt_icache_flush_all.o)
 .data          0x00000000000030e0        0x0 ../SPI_bsp/\libhal_bsp.a(alt_instruction_exception_entry.o)
 .data          0x00000000000030e0        0x0 ../SPI_bsp/\libhal_bsp.a(altera_nios2_gen2_irq.o)
 .data          0x00000000000030e0        0x0 d:/programy/quartusprimelite/nios2eds/bin/gnu/h-x86_64-mingw32/bin/../lib/gcc/nios2-elf/4.9.2/../../../../../H-x86_64-mingw32/nios2-elf/lib/mno-hw-mul\libsmallc.a(lib_a-int_errno.o)
                0x000000000000b0e0                _gp = ABSOLUTE ((. + 0x8000))
                0x000000000000b0e0                PROVIDE (gp, _gp)
 *(.rwdata .rwdata.*)
 *(.sdata .sdata.* .gnu.linkonce.s.*)
 .sdata         0x00000000000030e0        0x4 ../SPI_bsp/\libhal_bsp.a(alt_irq_vars.o)
                0x00000000000030e0                alt_priority_mask
 .sdata         0x00000000000030e4        0x4 ../SPI_bsp/\libhal_bsp.a(alt_sys_init.o)
                0x00000000000030e4                uart_0
 .sdata         0x00000000000030e8       0x14 ../SPI_bsp/\libhal_bsp.a(alt_dev.o)
                0x00000000000030e8                alt_max_fd
                0x00000000000030ec                alt_dev_list
                0x00000000000030f4                alt_fs_list
 .sdata         0x00000000000030fc        0x4 ../SPI_bsp/\libhal_bsp.a(alt_errno.o)
                0x00000000000030fc                alt_errno
 *(.sdata2 .sdata2.* .gnu.linkonce.s2.*)
                0x0000000000003100                . = ALIGN (0x4)
                0x0000000000003100                _edata = ABSOLUTE (.)
                0x0000000000003100                PROVIDE (edata, ABSOLUTE (.))
                0x0000000000003100                PROVIDE (__ram_rwdata_end, ABSOLUTE (.))
                0x0000000000003100                PROVIDE (__flash_rwdata_start, LOADADDR (.rwdata))

.bss            0x0000000000003178      0x320
                0x0000000000003178                __bss_start = ABSOLUTE (.)
                0x0000000000003178                PROVIDE (__sbss_start, ABSOLUTE (.))
                0x0000000000003178                PROVIDE (___sbss_start, ABSOLUTE (.))
 *(.dynsbss)
 *(.sbss .sbss.* .gnu.linkonce.sb.*)
 .sbss          0x0000000000003178        0x1 obj/default/main.o
 *fill*         0x0000000000003179        0x3 
 .sbss          0x000000000000317c        0x4 ../SPI_bsp/\libhal_bsp.a(alt_irq_vars.o)
                0x000000000000317c                alt_irq_active
 .sbss          0x0000000000003180        0xc ../SPI_bsp/\libhal_bsp.a(alt_main.o)
                0x0000000000003180                alt_envp
                0x0000000000003184                alt_argv
                0x0000000000003188                alt_argc
 .sbss          0x000000000000318c        0x4 ../SPI_bsp/\libhal_bsp.a(alt_instruction_exception_entry.o)
                0x000000000000318c                alt_instruction_exception_handler
 .sbss          0x0000000000003190        0x4 d:/programy/quartusprimelite/nios2eds/bin/gnu/h-x86_64-mingw32/bin/../lib/gcc/nios2-elf/4.9.2/../../../../../H-x86_64-mingw32/nios2-elf/lib/mno-hw-mul\libsmallc.a(lib_a-int_errno.o)
                0x0000000000003190                errno
 *(.sbss2 .sbss2.* .gnu.linkonce.sb2.*)
 *(.scommon)
                0x0000000000003194                PROVIDE (__sbss_end, ABSOLUTE (.))
                0x0000000000003194                PROVIDE (___sbss_end, ABSOLUTE (.))
 *(.dynbss)
 *(.bss .bss.* .gnu.linkonce.b.*)
 .bss           0x0000000000003194        0x0 ../SPI_bsp//obj/HAL/src/crt0.o
 .bss           0x0000000000003194        0x0 obj/default/SDcard.o
 .bss           0x0000000000003194        0x0 obj/default/SPI.o
 .bss           0x0000000000003194        0x0 obj/default/main.o
 .bss           0x0000000000003194        0x0 obj/default/uart.o
 .bss           0x0000000000003194        0x0 d:/programy/quartusprimelite/nios2eds/bin/gnu/h-x86_64-mingw32/bin/../lib/gcc/nios2-elf/4.9.2/../../../../../H-x86_64-mingw32/nios2-elf/lib/mno-hw-mul\libsmallc.a(lib_a-memcpy.o)
 .bss           0x0000000000003194        0x0 d:/programy/quartusprimelite/nios2eds/bin/gnu/h-x86_64-mingw32/bin/../lib/gcc/nios2-elf/4.9.2/../../../../../H-x86_64-mingw32/nios2-elf/lib/mno-hw-mul\libsmallc.a(lib_a-memset.o)
 .bss           0x0000000000003194        0x0 ../SPI_bsp/\libhal_bsp.a(alt_getchar.o)
 .bss           0x0000000000003194        0x0 ../SPI_bsp/\libhal_bsp.a(alt_iic.o)
 .bss           0x0000000000003194        0x0 ../SPI_bsp/\libhal_bsp.a(alt_iic_isr_register.o)
 .bss           0x0000000000003194        0x0 ../SPI_bsp/\libhal_bsp.a(alt_irq_entry.o)
 .bss           0x0000000000003194        0x0 ../SPI_bsp/\libhal_bsp.a(alt_irq_handler.o)
 .bss           0x0000000000003194        0x0 ../SPI_bsp/\libhal_bsp.a(alt_irq_vars.o)
 .bss           0x0000000000003194        0x0 ../SPI_bsp/\libhal_bsp.a(alt_load.o)
 .bss           0x0000000000003194        0x0 ../SPI_bsp/\libhal_bsp.a(alt_main.o)
 .bss           0x0000000000003194        0x0 ../SPI_bsp/\libhal_bsp.a(alt_printf.o)
 .bss           0x0000000000003194        0x0 ../SPI_bsp/\libhal_bsp.a(alt_putchar.o)
 .bss           0x0000000000003194        0x0 ../SPI_bsp/\libhal_bsp.a(alt_sys_init.o)
 .bss           0x0000000000003194        0x0 ../SPI_bsp/\libhal_bsp.a(altera_avalon_uart_read.o)
 .bss           0x0000000000003194        0x0 ../SPI_bsp/\libhal_bsp.a(altera_avalon_uart_write.o)
 .bss           0x0000000000003194        0x0 ../SPI_bsp/\libhal_bsp.a(alt_dcache_flush_all.o)
 .bss           0x0000000000003194        0x0 ../SPI_bsp/\libhal_bsp.a(alt_dev.o)
 .bss           0x0000000000003194        0x0 ../SPI_bsp/\libhal_bsp.a(alt_errno.o)
 .bss           0x0000000000003194        0x0 ../SPI_bsp/\libhal_bsp.a(alt_exception_entry.o)
 .bss           0x0000000000003194        0x0 ../SPI_bsp/\libhal_bsp.a(alt_icache_flush_all.o)
 .bss           0x0000000000003194        0x0 ../SPI_bsp/\libhal_bsp.a(alt_instruction_exception_entry.o)
 .bss           0x0000000000003194        0x0 ../SPI_bsp/\libhal_bsp.a(altera_nios2_gen2_irq.o)
 .bss           0x0000000000003194        0x0 d:/programy/quartusprimelite/nios2eds/bin/gnu/h-x86_64-mingw32/bin/../lib/gcc/nios2-elf/4.9.2/../../../../../H-x86_64-mingw32/nios2-elf/lib/mno-hw-mul\libsmallc.a(lib_a-int_errno.o)
 *(COMMON)
 COMMON         0x0000000000003194      0x204 obj/default/main.o
                0x0000000000003194                buf
 COMMON         0x0000000000003398      0x100 ../SPI_bsp/\libhal_bsp.a(alt_irq_handler.o)
                0x0000000000003398                alt_irq
                0x0000000000003498                . = ALIGN (0x4)
                0x0000000000003498                __bss_end = ABSOLUTE (.)

.onchip_memory2_0
                0x0000000000003498        0x0
                0x0000000000003498                PROVIDE (_alt_partition_onchip_memory2_0_start, ABSOLUTE (.))
 *(.onchip_memory2_0 .onchip_memory2_0. onchip_memory2_0.*)
                0x0000000000003498                . = ALIGN (0x4)
                0x0000000000003498                PROVIDE (_alt_partition_onchip_memory2_0_end, ABSOLUTE (.))
                0x0000000000003498                _end = ABSOLUTE (.)
                0x0000000000003498                end = ABSOLUTE (.)
                0x0000000000003498                __alt_stack_base = ABSOLUTE (.)
                0x0000000000003498                PROVIDE (_alt_partition_onchip_memory2_0_load_addr, LOADADDR (.onchip_memory2_0))

.stab
 *(.stab)

.stabstr
 *(.stabstr)

.stab.excl
 *(.stab.excl)

.stab.exclstr
 *(.stab.exclstr)

.stab.index
 *(.stab.index)

.stab.indexstr
 *(.stab.indexstr)

.comment        0x0000000000000000       0x23
 *(.comment)
 .comment       0x0000000000000000       0x23 obj/default/SDcard.o
                                         0x24 (size before relaxing)
 .comment       0x0000000000000000       0x24 obj/default/SPI.o
 .comment       0x0000000000000000       0x24 obj/default/main.o
 .comment       0x0000000000000000       0x24 obj/default/uart.o
 .comment       0x0000000000000000       0x24 d:/programy/quartusprimelite/nios2eds/bin/gnu/h-x86_64-mingw32/bin/../lib/gcc/nios2-elf/4.9.2/../../../../../H-x86_64-mingw32/nios2-elf/lib/mno-hw-mul\libsmallc.a(lib_a-memcpy.o)
 .comment       0x0000000000000000       0x24 d:/programy/quartusprimelite/nios2eds/bin/gnu/h-x86_64-mingw32/bin/../lib/gcc/nios2-elf/4.9.2/../../../../../H-x86_64-mingw32/nios2-elf/lib/mno-hw-mul\libsmallc.a(lib_a-memset.o)
 .comment       0x0000000000000000       0x24 ../SPI_bsp/\libhal_bsp.a(alt_getchar.o)
 .comment       0x0000000000000000       0x24 ../SPI_bsp/\libhal_bsp.a(alt_iic.o)
 .comment       0x0000000000000000       0x24 ../SPI_bsp/\libhal_bsp.a(alt_iic_isr_register.o)
 .comment       0x0000000000000000       0x24 ../SPI_bsp/\libhal_bsp.a(alt_irq_handler.o)
 .comment       0x0000000000000000       0x24 ../SPI_bsp/\libhal_bsp.a(alt_irq_vars.o)
 .comment       0x0000000000000000       0x24 ../SPI_bsp/\libhal_bsp.a(alt_load.o)
 .comment       0x0000000000000000       0x24 ../SPI_bsp/\libhal_bsp.a(alt_main.o)
 .comment       0x0000000000000000       0x24 ../SPI_bsp/\libhal_bsp.a(alt_printf.o)
 .comment       0x0000000000000000       0x24 ../SPI_bsp/\libhal_bsp.a(alt_putchar.o)
 .comment       0x0000000000000000       0x24 ../SPI_bsp/\libhal_bsp.a(alt_sys_init.o)
 .comment       0x0000000000000000       0x24 ../SPI_bsp/\libhal_bsp.a(altera_avalon_uart_read.o)
 .comment       0x0000000000000000       0x24 ../SPI_bsp/\libhal_bsp.a(altera_avalon_uart_write.o)
 .comment       0x0000000000000000       0x24 ../SPI_bsp/\libhal_bsp.a(alt_dcache_flush_all.o)
 .comment       0x0000000000000000       0x24 ../SPI_bsp/\libhal_bsp.a(alt_dev.o)
 .comment       0x0000000000000000       0x24 ../SPI_bsp/\libhal_bsp.a(alt_errno.o)
 .comment       0x0000000000000000       0x24 ../SPI_bsp/\libhal_bsp.a(alt_icache_flush_all.o)
 .comment       0x0000000000000000       0x24 ../SPI_bsp/\libhal_bsp.a(alt_instruction_exception_entry.o)
 .comment       0x0000000000000000       0x24 ../SPI_bsp/\libhal_bsp.a(altera_nios2_gen2_irq.o)
 .comment       0x0000000000000000       0x24 d:/programy/quartusprimelite/nios2eds/bin/gnu/h-x86_64-mingw32/bin/../lib/gcc/nios2-elf/4.9.2/../../../../../H-x86_64-mingw32/nios2-elf/lib/mno-hw-mul\libsmallc.a(lib_a-int_errno.o)

.debug
 *(.debug)

.line
 *(.line)

.debug_srcinfo
 *(.debug_srcinfo)

.debug_sfnames
 *(.debug_sfnames)

.debug_aranges  0x0000000000000000      0x3a8
 *(.debug_aranges)
 .debug_aranges
                0x0000000000000000       0x28 ../SPI_bsp//obj/HAL/src/crt0.o
 .debug_aranges
                0x0000000000000028       0x20 obj/default/SDcard.o
 .debug_aranges
                0x0000000000000048       0x20 obj/default/SPI.o
 .debug_aranges
                0x0000000000000068       0x28 obj/default/main.o
 .debug_aranges
                0x0000000000000090       0x20 obj/default/uart.o
 .debug_aranges
                0x00000000000000b0       0x20 d:/programy/quartusprimelite/nios2eds/bin/gnu/h-x86_64-mingw32/bin/../lib/gcc/nios2-elf/4.9.2/../../../../../H-x86_64-mingw32/nios2-elf/lib/mno-hw-mul\libsmallc.a(lib_a-memcpy.o)
 .debug_aranges
                0x00000000000000d0       0x20 d:/programy/quartusprimelite/nios2eds/bin/gnu/h-x86_64-mingw32/bin/../lib/gcc/nios2-elf/4.9.2/../../../../../H-x86_64-mingw32/nios2-elf/lib/mno-hw-mul\libsmallc.a(lib_a-memset.o)
 .debug_aranges
                0x00000000000000f0       0x20 ../SPI_bsp/\libhal_bsp.a(alt_getchar.o)
 .debug_aranges
                0x0000000000000110       0x20 ../SPI_bsp/\libhal_bsp.a(alt_iic.o)
 .debug_aranges
                0x0000000000000130       0x20 ../SPI_bsp/\libhal_bsp.a(alt_iic_isr_register.o)
 .debug_aranges
                0x0000000000000150       0x30 ../SPI_bsp/\libhal_bsp.a(alt_irq_entry.o)
 .debug_aranges
                0x0000000000000180       0x20 ../SPI_bsp/\libhal_bsp.a(alt_irq_handler.o)
 .debug_aranges
                0x00000000000001a0       0x18 ../SPI_bsp/\libhal_bsp.a(alt_irq_vars.o)
 .debug_aranges
                0x00000000000001b8       0x20 ../SPI_bsp/\libhal_bsp.a(alt_load.o)
 .debug_aranges
                0x00000000000001d8       0x20 ../SPI_bsp/\libhal_bsp.a(alt_main.o)
 .debug_aranges
                0x00000000000001f8       0x20 ../SPI_bsp/\libhal_bsp.a(alt_printf.o)
 .debug_aranges
                0x0000000000000218       0x20 ../SPI_bsp/\libhal_bsp.a(alt_putchar.o)
 .debug_aranges
                0x0000000000000238       0x20 ../SPI_bsp/\libhal_bsp.a(alt_sys_init.o)
 .debug_aranges
                0x0000000000000258       0x20 ../SPI_bsp/\libhal_bsp.a(altera_avalon_uart_read.o)
 .debug_aranges
                0x0000000000000278       0x20 ../SPI_bsp/\libhal_bsp.a(altera_avalon_uart_write.o)
 .debug_aranges
                0x0000000000000298       0x20 ../SPI_bsp/\libhal_bsp.a(alt_dcache_flush_all.o)
 .debug_aranges
                0x00000000000002b8       0x20 ../SPI_bsp/\libhal_bsp.a(alt_dev.o)
 .debug_aranges
                0x00000000000002d8       0x18 ../SPI_bsp/\libhal_bsp.a(alt_errno.o)
 .debug_aranges
                0x00000000000002f0       0x38 ../SPI_bsp/\libhal_bsp.a(alt_exception_entry.o)
 .debug_aranges
                0x0000000000000328       0x20 ../SPI_bsp/\libhal_bsp.a(alt_icache_flush_all.o)
 .debug_aranges
                0x0000000000000348       0x28 ../SPI_bsp/\libhal_bsp.a(alt_instruction_exception_entry.o)
 .debug_aranges
                0x0000000000000370       0x20 ../SPI_bsp/\libhal_bsp.a(altera_nios2_gen2_irq.o)
 .debug_aranges
                0x0000000000000390       0x18 d:/programy/quartusprimelite/nios2eds/bin/gnu/h-x86_64-mingw32/bin/../lib/gcc/nios2-elf/4.9.2/../../../../../H-x86_64-mingw32/nios2-elf/lib/mno-hw-mul\libsmallc.a(lib_a-int_errno.o)

.debug_pubnames
 *(.debug_pubnames)

.debug_info     0x0000000000000000     0x300f
 *(.debug_info .gnu.linkonce.wi.*)
 .debug_info    0x0000000000000000       0x77 ../SPI_bsp//obj/HAL/src/crt0.o
 .debug_info    0x0000000000000077      0x67a obj/default/SDcard.o
 .debug_info    0x00000000000006f1      0x292 obj/default/SPI.o
 .debug_info    0x0000000000000983      0x317 obj/default/main.o
 .debug_info    0x0000000000000c9a      0x182 obj/default/uart.o
 .debug_info    0x0000000000000e1c      0x106 d:/programy/quartusprimelite/nios2eds/bin/gnu/h-x86_64-mingw32/bin/../lib/gcc/nios2-elf/4.9.2/../../../../../H-x86_64-mingw32/nios2-elf/lib/mno-hw-mul\libsmallc.a(lib_a-memcpy.o)
 .debug_info    0x0000000000000f22       0xd5 d:/programy/quartusprimelite/nios2eds/bin/gnu/h-x86_64-mingw32/bin/../lib/gcc/nios2-elf/4.9.2/../../../../../H-x86_64-mingw32/nios2-elf/lib/mno-hw-mul\libsmallc.a(lib_a-memset.o)
 .debug_info    0x0000000000000ff7      0x33b ../SPI_bsp/\libhal_bsp.a(alt_getchar.o)
 .debug_info    0x0000000000001332      0x39d ../SPI_bsp/\libhal_bsp.a(alt_iic.o)
 .debug_info    0x00000000000016cf      0x249 ../SPI_bsp/\libhal_bsp.a(alt_iic_isr_register.o)
 .debug_info    0x0000000000001918       0x80 ../SPI_bsp/\libhal_bsp.a(alt_irq_entry.o)
 .debug_info    0x0000000000001998      0x185 ../SPI_bsp/\libhal_bsp.a(alt_irq_handler.o)
 .debug_info    0x0000000000001b1d       0x88 ../SPI_bsp/\libhal_bsp.a(alt_irq_vars.o)
 .debug_info    0x0000000000001ba5      0x1ba ../SPI_bsp/\libhal_bsp.a(alt_load.o)
 .debug_info    0x0000000000001d5f      0x17b ../SPI_bsp/\libhal_bsp.a(alt_main.o)
 .debug_info    0x0000000000001eda      0x153 ../SPI_bsp/\libhal_bsp.a(alt_printf.o)
 .debug_info    0x000000000000202d      0x138 ../SPI_bsp/\libhal_bsp.a(alt_putchar.o)
 .debug_info    0x0000000000002165      0x177 ../SPI_bsp/\libhal_bsp.a(alt_sys_init.o)
 .debug_info    0x00000000000022dc      0x1ab ../SPI_bsp/\libhal_bsp.a(altera_avalon_uart_read.o)
 .debug_info    0x0000000000002487      0x1bf ../SPI_bsp/\libhal_bsp.a(altera_avalon_uart_write.o)
 .debug_info    0x0000000000002646       0x8b ../SPI_bsp/\libhal_bsp.a(alt_dcache_flush_all.o)
 .debug_info    0x00000000000026d1      0x492 ../SPI_bsp/\libhal_bsp.a(alt_dev.o)
 .debug_info    0x0000000000002b63       0x9f ../SPI_bsp/\libhal_bsp.a(alt_errno.o)
 .debug_info    0x0000000000002c02       0x86 ../SPI_bsp/\libhal_bsp.a(alt_exception_entry.o)
 .debug_info    0x0000000000002c88       0x8b ../SPI_bsp/\libhal_bsp.a(alt_icache_flush_all.o)
 .debug_info    0x0000000000002d13      0x1ee ../SPI_bsp/\libhal_bsp.a(alt_instruction_exception_entry.o)
 .debug_info    0x0000000000002f01       0x8b ../SPI_bsp/\libhal_bsp.a(altera_nios2_gen2_irq.o)
 .debug_info    0x0000000000002f8c       0x83 d:/programy/quartusprimelite/nios2eds/bin/gnu/h-x86_64-mingw32/bin/../lib/gcc/nios2-elf/4.9.2/../../../../../H-x86_64-mingw32/nios2-elf/lib/mno-hw-mul\libsmallc.a(lib_a-int_errno.o)

.debug_abbrev   0x0000000000000000     0x15dd
 *(.debug_abbrev)
 .debug_abbrev  0x0000000000000000       0x12 ../SPI_bsp//obj/HAL/src/crt0.o
 .debug_abbrev  0x0000000000000012      0x16b obj/default/SDcard.o
 .debug_abbrev  0x000000000000017d      0x11f obj/default/SPI.o
 .debug_abbrev  0x000000000000029c      0x1c7 obj/default/main.o
 .debug_abbrev  0x0000000000000463       0xfa obj/default/uart.o
 .debug_abbrev  0x000000000000055d       0xa4 d:/programy/quartusprimelite/nios2eds/bin/gnu/h-x86_64-mingw32/bin/../lib/gcc/nios2-elf/4.9.2/../../../../../H-x86_64-mingw32/nios2-elf/lib/mno-hw-mul\libsmallc.a(lib_a-memcpy.o)
 .debug_abbrev  0x0000000000000601       0x8e d:/programy/quartusprimelite/nios2eds/bin/gnu/h-x86_64-mingw32/bin/../lib/gcc/nios2-elf/4.9.2/../../../../../H-x86_64-mingw32/nios2-elf/lib/mno-hw-mul\libsmallc.a(lib_a-memset.o)
 .debug_abbrev  0x000000000000068f      0x11f ../SPI_bsp/\libhal_bsp.a(alt_getchar.o)
 .debug_abbrev  0x00000000000007ae      0x17d ../SPI_bsp/\libhal_bsp.a(alt_iic.o)
 .debug_abbrev  0x000000000000092b      0x1a6 ../SPI_bsp/\libhal_bsp.a(alt_iic_isr_register.o)
 .debug_abbrev  0x0000000000000ad1       0x12 ../SPI_bsp/\libhal_bsp.a(alt_irq_entry.o)
 .debug_abbrev  0x0000000000000ae3      0x122 ../SPI_bsp/\libhal_bsp.a(alt_irq_handler.o)
 .debug_abbrev  0x0000000000000c05       0x40 ../SPI_bsp/\libhal_bsp.a(alt_irq_vars.o)
 .debug_abbrev  0x0000000000000c45       0xd8 ../SPI_bsp/\libhal_bsp.a(alt_load.o)
 .debug_abbrev  0x0000000000000d1d      0x120 ../SPI_bsp/\libhal_bsp.a(alt_main.o)
 .debug_abbrev  0x0000000000000e3d       0xde ../SPI_bsp/\libhal_bsp.a(alt_printf.o)
 .debug_abbrev  0x0000000000000f1b       0xd4 ../SPI_bsp/\libhal_bsp.a(alt_putchar.o)
 .debug_abbrev  0x0000000000000fef      0x107 ../SPI_bsp/\libhal_bsp.a(alt_sys_init.o)
 .debug_abbrev  0x00000000000010f6       0xe1 ../SPI_bsp/\libhal_bsp.a(altera_avalon_uart_read.o)
 .debug_abbrev  0x00000000000011d7       0xe8 ../SPI_bsp/\libhal_bsp.a(altera_avalon_uart_write.o)
 .debug_abbrev  0x00000000000012bf       0x42 ../SPI_bsp/\libhal_bsp.a(alt_dcache_flush_all.o)
 .debug_abbrev  0x0000000000001301       0xd9 ../SPI_bsp/\libhal_bsp.a(alt_dev.o)
 .debug_abbrev  0x00000000000013da       0x5a ../SPI_bsp/\libhal_bsp.a(alt_errno.o)
 .debug_abbrev  0x0000000000001434       0x12 ../SPI_bsp/\libhal_bsp.a(alt_exception_entry.o)
 .debug_abbrev  0x0000000000001446       0x42 ../SPI_bsp/\libhal_bsp.a(alt_icache_flush_all.o)
 .debug_abbrev  0x0000000000001488       0xdc ../SPI_bsp/\libhal_bsp.a(alt_instruction_exception_entry.o)
 .debug_abbrev  0x0000000000001564       0x42 ../SPI_bsp/\libhal_bsp.a(altera_nios2_gen2_irq.o)
 .debug_abbrev  0x00000000000015a6       0x37 d:/programy/quartusprimelite/nios2eds/bin/gnu/h-x86_64-mingw32/bin/../lib/gcc/nios2-elf/4.9.2/../../../../../H-x86_64-mingw32/nios2-elf/lib/mno-hw-mul\libsmallc.a(lib_a-int_errno.o)

.debug_line     0x0000000000000000     0x1430
 *(.debug_line)
 .debug_line    0x0000000000000000       0x66 ../SPI_bsp//obj/HAL/src/crt0.o
 .debug_line    0x0000000000000066      0x121 obj/default/SDcard.o
 .debug_line    0x0000000000000187       0xaa obj/default/SPI.o
 .debug_line    0x0000000000000231      0x107 obj/default/main.o
 .debug_line    0x0000000000000338       0xa2 obj/default/uart.o
 .debug_line    0x00000000000003da      0x15e d:/programy/quartusprimelite/nios2eds/bin/gnu/h-x86_64-mingw32/bin/../lib/gcc/nios2-elf/4.9.2/../../../../../H-x86_64-mingw32/nios2-elf/lib/mno-hw-mul\libsmallc.a(lib_a-memcpy.o)
 .debug_line    0x0000000000000538      0x15d d:/programy/quartusprimelite/nios2eds/bin/gnu/h-x86_64-mingw32/bin/../lib/gcc/nios2-elf/4.9.2/../../../../../H-x86_64-mingw32/nios2-elf/lib/mno-hw-mul\libsmallc.a(lib_a-memset.o)
 .debug_line    0x0000000000000695       0xb7 ../SPI_bsp/\libhal_bsp.a(alt_getchar.o)
 .debug_line    0x000000000000074c       0xf1 ../SPI_bsp/\libhal_bsp.a(alt_iic.o)
 .debug_line    0x000000000000083d       0xd6 ../SPI_bsp/\libhal_bsp.a(alt_iic_isr_register.o)
 .debug_line    0x0000000000000913       0x6b ../SPI_bsp/\libhal_bsp.a(alt_irq_entry.o)
 .debug_line    0x000000000000097e       0xa5 ../SPI_bsp/\libhal_bsp.a(alt_irq_handler.o)
 .debug_line    0x0000000000000a23       0x50 ../SPI_bsp/\libhal_bsp.a(alt_irq_vars.o)
 .debug_line    0x0000000000000a73       0xa6 ../SPI_bsp/\libhal_bsp.a(alt_load.o)
 .debug_line    0x0000000000000b19       0xbd ../SPI_bsp/\libhal_bsp.a(alt_main.o)
 .debug_line    0x0000000000000bd6      0x116 ../SPI_bsp/\libhal_bsp.a(alt_printf.o)
 .debug_line    0x0000000000000cec       0x55 ../SPI_bsp/\libhal_bsp.a(alt_putchar.o)
 .debug_line    0x0000000000000d41       0xf7 ../SPI_bsp/\libhal_bsp.a(alt_sys_init.o)
 .debug_line    0x0000000000000e38       0xfc ../SPI_bsp/\libhal_bsp.a(altera_avalon_uart_read.o)
 .debug_line    0x0000000000000f34       0xec ../SPI_bsp/\libhal_bsp.a(altera_avalon_uart_write.o)
 .debug_line    0x0000000000001020       0x4e ../SPI_bsp/\libhal_bsp.a(alt_dcache_flush_all.o)
 .debug_line    0x000000000000106e       0xfc ../SPI_bsp/\libhal_bsp.a(alt_dev.o)
 .debug_line    0x000000000000116a       0x51 ../SPI_bsp/\libhal_bsp.a(alt_errno.o)
 .debug_line    0x00000000000011bb       0xb3 ../SPI_bsp/\libhal_bsp.a(alt_exception_entry.o)
 .debug_line    0x000000000000126e       0x4e ../SPI_bsp/\libhal_bsp.a(alt_icache_flush_all.o)
 .debug_line    0x00000000000012bc       0xc5 ../SPI_bsp/\libhal_bsp.a(alt_instruction_exception_entry.o)
 .debug_line    0x0000000000001381       0x50 ../SPI_bsp/\libhal_bsp.a(altera_nios2_gen2_irq.o)
 .debug_line    0x00000000000013d1       0x5f d:/programy/quartusprimelite/nios2eds/bin/gnu/h-x86_64-mingw32/bin/../lib/gcc/nios2-elf/4.9.2/../../../../../H-x86_64-mingw32/nios2-elf/lib/mno-hw-mul\libsmallc.a(lib_a-int_errno.o)

.debug_frame    0x0000000000000000      0x544
 *(.debug_frame)
 .debug_frame   0x0000000000000000       0x98 obj/default/SDcard.o
 .debug_frame   0x0000000000000098       0xbc obj/default/SPI.o
 .debug_frame   0x0000000000000154       0x58 obj/default/main.o
 .debug_frame   0x00000000000001ac       0x4c obj/default/uart.o
 .debug_frame   0x00000000000001f8       0x20 d:/programy/quartusprimelite/nios2eds/bin/gnu/h-x86_64-mingw32/bin/../lib/gcc/nios2-elf/4.9.2/../../../../../H-x86_64-mingw32/nios2-elf/lib/mno-hw-mul\libsmallc.a(lib_a-memcpy.o)
 .debug_frame   0x0000000000000218       0x20 d:/programy/quartusprimelite/nios2eds/bin/gnu/h-x86_64-mingw32/bin/../lib/gcc/nios2-elf/4.9.2/../../../../../H-x86_64-mingw32/nios2-elf/lib/mno-hw-mul\libsmallc.a(lib_a-memset.o)
 .debug_frame   0x0000000000000238       0x2c ../SPI_bsp/\libhal_bsp.a(alt_getchar.o)
 .debug_frame   0x0000000000000264       0x50 ../SPI_bsp/\libhal_bsp.a(alt_iic.o)
 .debug_frame   0x00000000000002b4       0x30 ../SPI_bsp/\libhal_bsp.a(alt_iic_isr_register.o)
 .debug_frame   0x00000000000002e4       0x34 ../SPI_bsp/\libhal_bsp.a(alt_irq_handler.o)
 .debug_frame   0x0000000000000318       0x30 ../SPI_bsp/\libhal_bsp.a(alt_load.o)
 .debug_frame   0x0000000000000348       0x2c ../SPI_bsp/\libhal_bsp.a(alt_main.o)
 .debug_frame   0x0000000000000374       0x54 ../SPI_bsp/\libhal_bsp.a(alt_printf.o)
 .debug_frame   0x00000000000003c8       0x30 ../SPI_bsp/\libhal_bsp.a(alt_putchar.o)
 .debug_frame   0x00000000000003f8       0x3c ../SPI_bsp/\libhal_bsp.a(alt_sys_init.o)
 .debug_frame   0x0000000000000434       0x2c ../SPI_bsp/\libhal_bsp.a(altera_avalon_uart_read.o)
 .debug_frame   0x0000000000000460       0x34 ../SPI_bsp/\libhal_bsp.a(altera_avalon_uart_write.o)
 .debug_frame   0x0000000000000494       0x20 ../SPI_bsp/\libhal_bsp.a(alt_dcache_flush_all.o)
 .debug_frame   0x00000000000004b4       0x20 ../SPI_bsp/\libhal_bsp.a(alt_dev.o)
 .debug_frame   0x00000000000004d4       0x20 ../SPI_bsp/\libhal_bsp.a(alt_icache_flush_all.o)
 .debug_frame   0x00000000000004f4       0x30 ../SPI_bsp/\libhal_bsp.a(alt_instruction_exception_entry.o)
 .debug_frame   0x0000000000000524       0x20 ../SPI_bsp/\libhal_bsp.a(altera_nios2_gen2_irq.o)

.debug_str      0x0000000000000000     0x10d3
 *(.debug_str)
 .debug_str     0x0000000000000000      0x1ec obj/default/SDcard.o
                                        0x235 (size before relaxing)
 .debug_str     0x00000000000001ec       0x53 obj/default/SPI.o
                                        0x194 (size before relaxing)
 .debug_str     0x000000000000023f       0x9a obj/default/main.o
                                        0x1df (size before relaxing)
 .debug_str     0x00000000000002d9       0x29 obj/default/uart.o
                                        0x14e (size before relaxing)
 .debug_str     0x0000000000000302      0x14c d:/programy/quartusprimelite/nios2eds/bin/gnu/h-x86_64-mingw32/bin/../lib/gcc/nios2-elf/4.9.2/../../../../../H-x86_64-mingw32/nios2-elf/lib/mno-hw-mul\libsmallc.a(lib_a-memcpy.o)
                                        0x1e5 (size before relaxing)
 .debug_str     0x000000000000044e       0x3d d:/programy/quartusprimelite/nios2eds/bin/gnu/h-x86_64-mingw32/bin/../lib/gcc/nios2-elf/4.9.2/../../../../../H-x86_64-mingw32/nios2-elf/lib/mno-hw-mul\libsmallc.a(lib_a-memset.o)
                                        0x1d1 (size before relaxing)
 .debug_str     0x000000000000048b       0xf1 ../SPI_bsp/\libhal_bsp.a(alt_getchar.o)
                                        0x215 (size before relaxing)
 .debug_str     0x000000000000057c       0xdc ../SPI_bsp/\libhal_bsp.a(alt_iic.o)
                                        0x23f (size before relaxing)
 .debug_str     0x0000000000000658       0x37 ../SPI_bsp/\libhal_bsp.a(alt_iic_isr_register.o)
                                        0x1f9 (size before relaxing)
 .debug_str     0x000000000000068f       0x3a ../SPI_bsp/\libhal_bsp.a(alt_irq_handler.o)
                                        0x183 (size before relaxing)
 .debug_str     0x00000000000006c9       0x17 ../SPI_bsp/\libhal_bsp.a(alt_irq_vars.o)
                                        0x132 (size before relaxing)
 .debug_str     0x00000000000006e0      0x113 ../SPI_bsp/\libhal_bsp.a(alt_load.o)
                                        0x228 (size before relaxing)
 .debug_str     0x00000000000007f3       0x5e ../SPI_bsp/\libhal_bsp.a(alt_main.o)
                                        0x1a1 (size before relaxing)
 .debug_str     0x0000000000000851       0x59 ../SPI_bsp/\libhal_bsp.a(alt_printf.o)
                                         0xfe (size before relaxing)
 .debug_str     0x00000000000008aa       0x2f ../SPI_bsp/\libhal_bsp.a(alt_putchar.o)
                                        0x16a (size before relaxing)
 .debug_str     0x00000000000008d9       0x99 ../SPI_bsp/\libhal_bsp.a(alt_sys_init.o)
                                        0x220 (size before relaxing)
 .debug_str     0x0000000000000972       0x44 ../SPI_bsp/\libhal_bsp.a(altera_avalon_uart_read.o)
                                        0x1ed (size before relaxing)
 .debug_str     0x00000000000009b6       0x2d ../SPI_bsp/\libhal_bsp.a(altera_avalon_uart_write.o)
                                        0x1f5 (size before relaxing)
 .debug_str     0x00000000000009e3       0x1f ../SPI_bsp/\libhal_bsp.a(alt_dcache_flush_all.o)
                                        0x141 (size before relaxing)
 .debug_str     0x0000000000000a02      0x120 ../SPI_bsp/\libhal_bsp.a(alt_dev.o)
                                        0x2f1 (size before relaxing)
 .debug_str     0x0000000000000b22       0x14 ../SPI_bsp/\libhal_bsp.a(alt_errno.o)
                                        0x131 (size before relaxing)
 .debug_str     0x0000000000000b36       0x1f ../SPI_bsp/\libhal_bsp.a(alt_icache_flush_all.o)
                                        0x141 (size before relaxing)
 .debug_str     0x0000000000000b55      0x48b ../SPI_bsp/\libhal_bsp.a(alt_instruction_exception_entry.o)
                                        0x58b (size before relaxing)
 .debug_str     0x0000000000000fe0       0x20 ../SPI_bsp/\libhal_bsp.a(altera_nios2_gen2_irq.o)
                                        0x148 (size before relaxing)
 .debug_str     0x0000000000001000       0xd3 d:/programy/quartusprimelite/nios2eds/bin/gnu/h-x86_64-mingw32/bin/../lib/gcc/nios2-elf/4.9.2/../../../../../H-x86_64-mingw32/nios2-elf/lib/mno-hw-mul\libsmallc.a(lib_a-int_errno.o)
                                        0x1ca (size before relaxing)

.debug_loc      0x0000000000000000      0xf34
 *(.debug_loc)
 .debug_loc     0x0000000000000000      0x202 obj/default/SDcard.o
 .debug_loc     0x0000000000000202      0x259 obj/default/SPI.o
 .debug_loc     0x000000000000045b       0x3f obj/default/main.o
 .debug_loc     0x000000000000049a       0xac obj/default/uart.o
 .debug_loc     0x0000000000000546      0x11b d:/programy/quartusprimelite/nios2eds/bin/gnu/h-x86_64-mingw32/bin/../lib/gcc/nios2-elf/4.9.2/../../../../../H-x86_64-mingw32/nios2-elf/lib/mno-hw-mul\libsmallc.a(lib_a-memcpy.o)
 .debug_loc     0x0000000000000661       0xa5 d:/programy/quartusprimelite/nios2eds/bin/gnu/h-x86_64-mingw32/bin/../lib/gcc/nios2-elf/4.9.2/../../../../../H-x86_64-mingw32/nios2-elf/lib/mno-hw-mul\libsmallc.a(lib_a-memset.o)
 .debug_loc     0x0000000000000706      0x129 ../SPI_bsp/\libhal_bsp.a(alt_iic.o)
 .debug_loc     0x000000000000082f      0x193 ../SPI_bsp/\libhal_bsp.a(alt_iic_isr_register.o)
 .debug_loc     0x00000000000009c2       0x98 ../SPI_bsp/\libhal_bsp.a(alt_irq_handler.o)
 .debug_loc     0x0000000000000a5a      0x1c6 ../SPI_bsp/\libhal_bsp.a(alt_printf.o)
 .debug_loc     0x0000000000000c20       0x2c ../SPI_bsp/\libhal_bsp.a(alt_putchar.o)
 .debug_loc     0x0000000000000c4c       0x21 ../SPI_bsp/\libhal_bsp.a(alt_sys_init.o)
 .debug_loc     0x0000000000000c6d      0x106 ../SPI_bsp/\libhal_bsp.a(altera_avalon_uart_read.o)
 .debug_loc     0x0000000000000d73      0x15c ../SPI_bsp/\libhal_bsp.a(altera_avalon_uart_write.o)
 .debug_loc     0x0000000000000ecf       0x65 ../SPI_bsp/\libhal_bsp.a(alt_instruction_exception_entry.o)

.debug_macinfo
 *(.debug_macinfo)

.debug_weaknames
 *(.debug_weaknames)

.debug_funcnames
 *(.debug_funcnames)

.debug_typenames
 *(.debug_typenames)

.debug_varnames
 *(.debug_varnames)

.debug_alt_sim_info
                0x0000000000000000       0x10
 *(.debug_alt_sim_info)
 .debug_alt_sim_info
                0x0000000000000000       0x10 ../SPI_bsp//obj/HAL/src/crt0.o
                0x0000000000004000                __alt_data_end = 0x4000
                0x0000000000004000                PROVIDE (__alt_stack_pointer, __alt_data_end)
                0x0000000000003498                PROVIDE (__alt_stack_limit, __alt_stack_base)
                0x0000000000003498                PROVIDE (__alt_heap_start, end)
                0x0000000000004000                PROVIDE (__alt_heap_limit, 0x4000)
OUTPUT(SPI.elf elf32-littlenios2)

.debug_ranges   0x0000000000000000      0x178
 .debug_ranges  0x0000000000000000       0x20 ../SPI_bsp//obj/HAL/src/crt0.o
 .debug_ranges  0x0000000000000020       0x18 obj/default/main.o
 .debug_ranges  0x0000000000000038       0x20 obj/default/uart.o
 .debug_ranges  0x0000000000000058       0x10 d:/programy/quartusprimelite/nios2eds/bin/gnu/h-x86_64-mingw32/bin/../lib/gcc/nios2-elf/4.9.2/../../../../../H-x86_64-mingw32/nios2-elf/lib/mno-hw-mul\libsmallc.a(lib_a-memcpy.o)
 .debug_ranges  0x0000000000000068       0x10 d:/programy/quartusprimelite/nios2eds/bin/gnu/h-x86_64-mingw32/bin/../lib/gcc/nios2-elf/4.9.2/../../../../../H-x86_64-mingw32/nios2-elf/lib/mno-hw-mul\libsmallc.a(lib_a-memset.o)
 .debug_ranges  0x0000000000000078       0x28 ../SPI_bsp/\libhal_bsp.a(alt_irq_entry.o)
 .debug_ranges  0x00000000000000a0       0x10 ../SPI_bsp/\libhal_bsp.a(alt_irq_handler.o)
 .debug_ranges  0x00000000000000b0       0x48 ../SPI_bsp/\libhal_bsp.a(alt_load.o)
 .debug_ranges  0x00000000000000f8       0x18 ../SPI_bsp/\libhal_bsp.a(alt_printf.o)
 .debug_ranges  0x0000000000000110       0x20 ../SPI_bsp/\libhal_bsp.a(altera_avalon_uart_read.o)
 .debug_ranges  0x0000000000000130       0x30 ../SPI_bsp/\libhal_bsp.a(alt_exception_entry.o)
 .debug_ranges  0x0000000000000160       0x18 ../SPI_bsp/\libhal_bsp.a(alt_instruction_exception_entry.o)
